../UserExtensions/Src/ForceFeedback.c:18:8:USBD_CUSTOM_HID_SendReport_FS	16	static
../UserExtensions/Src/ForceFeedback.c:23:6:new_effect	24	static
../UserExtensions/Src/ForceFeedback.c:47:6:set_effect	24	static
../UserExtensions/Src/ForceFeedback.c:79:6:ffb_control	16	static
../UserExtensions/Src/ForceFeedback.c:98:6:set_gain	16	static
../UserExtensions/Src/ForceFeedback.c:103:6:set_envelope	24	static
../UserExtensions/Src/ForceFeedback.c:118:6:set_condition	32	static
../UserExtensions/Src/ForceFeedback.c:135:6:set_periodic	24	static
../UserExtensions/Src/ForceFeedback.c:149:6:set_constant_effect	24	static
../UserExtensions/Src/ForceFeedback.c:158:6:set_ramp	24	static
../UserExtensions/Src/ForceFeedback.c:171:6:set_effect_operation	24	static
../UserExtensions/Src/ForceFeedback.c:202:5:find_free_effect	24	static
../UserExtensions/Src/ForceFeedback.c:217:6:reset_all_effects	8	static
../UserExtensions/Src/ForceFeedback.c:222:6:free_effect	16	static
../UserExtensions/Src/ForceFeedback.c:230:6:send_status_report	16	static
