../UserExtensions/Src/ForceFeedback.c:18:8:USBD_CUSTOM_HID_SendReport_FS	16	static
../UserExtensions/Src/ForceFeedback.c:23:6:new_effect	32	static
../UserExtensions/Src/ForceFeedback.c:54:6:set_effect	24	static
../UserExtensions/Src/ForceFeedback.c:86:6:ffb_control	16	static
../UserExtensions/Src/ForceFeedback.c:105:6:set_gain	16	static
../UserExtensions/Src/ForceFeedback.c:110:6:set_envelope	24	static
../UserExtensions/Src/ForceFeedback.c:125:6:set_condition	32	static
../UserExtensions/Src/ForceFeedback.c:142:6:set_periodic	24	static
../UserExtensions/Src/ForceFeedback.c:156:6:set_constant_effect	24	static
../UserExtensions/Src/ForceFeedback.c:165:6:set_ramp	24	static
../UserExtensions/Src/ForceFeedback.c:178:6:set_effect_operation	24	static
../UserExtensions/Src/ForceFeedback.c:209:5:find_free_effect	24	static
../UserExtensions/Src/ForceFeedback.c:225:6:reset_all_effects	8	static
../UserExtensions/Src/ForceFeedback.c:230:6:free_effect	16	static
../UserExtensions/Src/ForceFeedback.c:238:6:send_status_report	16	static
