../UserExtensions/Src/ForceFeedback.c:15:8:USBD_CUSTOM_HID_SendReport_FS	16	static
../UserExtensions/Src/ForceFeedback.c:20:5:find_free_effect	16	static
../UserExtensions/Src/ForceFeedback.c:30:6:create_new_effect	24	static
../UserExtensions/Src/ForceFeedback.c:55:6:process_set_constant_force	24	static
../UserExtensions/Src/ForceFeedback.c:64:6:process_set_effect	24	static
../UserExtensions/Src/ForceFeedback.c:83:6:process_set_condition	24	static
../UserExtensions/Src/ForceFeedback.c:107:6:stop_all_effects	16	static
../UserExtensions/Src/ForceFeedback.c:115:6:reset_all_effects	8	static
../UserExtensions/Src/ForceFeedback.c:120:6:pause_all_effects	4	static
../UserExtensions/Src/ForceFeedback.c:125:6:resume_effects	4	static
../UserExtensions/Src/ForceFeedback.c:130:6:handle_ffb_control	16	static
../UserExtensions/Src/ForceFeedback.c:142:6:set_global_gain	16	static
../UserExtensions/Src/ForceFeedback.c:147:6:free_effect	16	static
../UserExtensions/Src/ForceFeedback.c:155:6:send_status_report	16	static
