Archive member included to satisfy reference by file (symbol)

C:/ST/STM32CubeIDE_1.18.0/STM32CubeIDE/plugins/com.st.stm32cube.ide.mcu.externaltools.gnu-tools-for-stm32.13.3.rel1.win32_1.0.0.202411081344/tools/bin/../lib/gcc/arm-none-eabi/13.3.1/../../../../arm-none-eabi/lib/thumb/v7e-m+fp/hard\libm.a(libm_a-wf_sqrt.o)
                              ./UserExtensions/Src/MotorControl.o (sqrtf)
C:/ST/STM32CubeIDE_1.18.0/STM32CubeIDE/plugins/com.st.stm32cube.ide.mcu.externaltools.gnu-tools-for-stm32.13.3.rel1.win32_1.0.0.202411081344/tools/bin/../lib/gcc/arm-none-eabi/13.3.1/../../../../arm-none-eabi/lib/thumb/v7e-m+fp/hard\libm.a(libm_a-sf_sin.o)
                              ./UserExtensions/Src/MotorControl.o (sinf)
C:/ST/STM32CubeIDE_1.18.0/STM32CubeIDE/plugins/com.st.stm32cube.ide.mcu.externaltools.gnu-tools-for-stm32.13.3.rel1.win32_1.0.0.202411081344/tools/bin/../lib/gcc/arm-none-eabi/13.3.1/../../../../arm-none-eabi/lib/thumb/v7e-m+fp/hard\libm.a(libm_a-ef_sqrt.o)
                              C:/ST/STM32CubeIDE_1.18.0/STM32CubeIDE/plugins/com.st.stm32cube.ide.mcu.externaltools.gnu-tools-for-stm32.13.3.rel1.win32_1.0.0.202411081344/tools/bin/../lib/gcc/arm-none-eabi/13.3.1/../../../../arm-none-eabi/lib/thumb/v7e-m+fp/hard\libm.a(libm_a-wf_sqrt.o) (__ieee754_sqrtf)
C:/ST/STM32CubeIDE_1.18.0/STM32CubeIDE/plugins/com.st.stm32cube.ide.mcu.externaltools.gnu-tools-for-stm32.13.3.rel1.win32_1.0.0.202411081344/tools/bin/../lib/gcc/arm-none-eabi/13.3.1/../../../../arm-none-eabi/lib/thumb/v7e-m+fp/hard\libm.a(libm_a-kf_cos.o)
                              C:/ST/STM32CubeIDE_1.18.0/STM32CubeIDE/plugins/com.st.stm32cube.ide.mcu.externaltools.gnu-tools-for-stm32.13.3.rel1.win32_1.0.0.202411081344/tools/bin/../lib/gcc/arm-none-eabi/13.3.1/../../../../arm-none-eabi/lib/thumb/v7e-m+fp/hard\libm.a(libm_a-sf_sin.o) (__kernel_cosf)
C:/ST/STM32CubeIDE_1.18.0/STM32CubeIDE/plugins/com.st.stm32cube.ide.mcu.externaltools.gnu-tools-for-stm32.13.3.rel1.win32_1.0.0.202411081344/tools/bin/../lib/gcc/arm-none-eabi/13.3.1/../../../../arm-none-eabi/lib/thumb/v7e-m+fp/hard\libm.a(libm_a-kf_sin.o)
                              C:/ST/STM32CubeIDE_1.18.0/STM32CubeIDE/plugins/com.st.stm32cube.ide.mcu.externaltools.gnu-tools-for-stm32.13.3.rel1.win32_1.0.0.202411081344/tools/bin/../lib/gcc/arm-none-eabi/13.3.1/../../../../arm-none-eabi/lib/thumb/v7e-m+fp/hard\libm.a(libm_a-sf_sin.o) (__kernel_sinf)
C:/ST/STM32CubeIDE_1.18.0/STM32CubeIDE/plugins/com.st.stm32cube.ide.mcu.externaltools.gnu-tools-for-stm32.13.3.rel1.win32_1.0.0.202411081344/tools/bin/../lib/gcc/arm-none-eabi/13.3.1/../../../../arm-none-eabi/lib/thumb/v7e-m+fp/hard\libm.a(libm_a-ef_rem_pio2.o)
                              C:/ST/STM32CubeIDE_1.18.0/STM32CubeIDE/plugins/com.st.stm32cube.ide.mcu.externaltools.gnu-tools-for-stm32.13.3.rel1.win32_1.0.0.202411081344/tools/bin/../lib/gcc/arm-none-eabi/13.3.1/../../../../arm-none-eabi/lib/thumb/v7e-m+fp/hard\libm.a(libm_a-sf_sin.o) (__ieee754_rem_pio2f)
C:/ST/STM32CubeIDE_1.18.0/STM32CubeIDE/plugins/com.st.stm32cube.ide.mcu.externaltools.gnu-tools-for-stm32.13.3.rel1.win32_1.0.0.202411081344/tools/bin/../lib/gcc/arm-none-eabi/13.3.1/../../../../arm-none-eabi/lib/thumb/v7e-m+fp/hard\libm.a(libm_a-sf_fabs.o)
                              C:/ST/STM32CubeIDE_1.18.0/STM32CubeIDE/plugins/com.st.stm32cube.ide.mcu.externaltools.gnu-tools-for-stm32.13.3.rel1.win32_1.0.0.202411081344/tools/bin/../lib/gcc/arm-none-eabi/13.3.1/../../../../arm-none-eabi/lib/thumb/v7e-m+fp/hard\libm.a(libm_a-ef_rem_pio2.o) (fabsf)
C:/ST/STM32CubeIDE_1.18.0/STM32CubeIDE/plugins/com.st.stm32cube.ide.mcu.externaltools.gnu-tools-for-stm32.13.3.rel1.win32_1.0.0.202411081344/tools/bin/../lib/gcc/arm-none-eabi/13.3.1/../../../../arm-none-eabi/lib/thumb/v7e-m+fp/hard\libm.a(libm_a-kf_rem_pio2.o)
                              C:/ST/STM32CubeIDE_1.18.0/STM32CubeIDE/plugins/com.st.stm32cube.ide.mcu.externaltools.gnu-tools-for-stm32.13.3.rel1.win32_1.0.0.202411081344/tools/bin/../lib/gcc/arm-none-eabi/13.3.1/../../../../arm-none-eabi/lib/thumb/v7e-m+fp/hard\libm.a(libm_a-ef_rem_pio2.o) (__kernel_rem_pio2f)
C:/ST/STM32CubeIDE_1.18.0/STM32CubeIDE/plugins/com.st.stm32cube.ide.mcu.externaltools.gnu-tools-for-stm32.13.3.rel1.win32_1.0.0.202411081344/tools/bin/../lib/gcc/arm-none-eabi/13.3.1/../../../../arm-none-eabi/lib/thumb/v7e-m+fp/hard\libm.a(libm_a-sf_scalbn.o)
                              C:/ST/STM32CubeIDE_1.18.0/STM32CubeIDE/plugins/com.st.stm32cube.ide.mcu.externaltools.gnu-tools-for-stm32.13.3.rel1.win32_1.0.0.202411081344/tools/bin/../lib/gcc/arm-none-eabi/13.3.1/../../../../arm-none-eabi/lib/thumb/v7e-m+fp/hard\libm.a(libm_a-kf_rem_pio2.o) (scalbnf)
C:/ST/STM32CubeIDE_1.18.0/STM32CubeIDE/plugins/com.st.stm32cube.ide.mcu.externaltools.gnu-tools-for-stm32.13.3.rel1.win32_1.0.0.202411081344/tools/bin/../lib/gcc/arm-none-eabi/13.3.1/../../../../arm-none-eabi/lib/thumb/v7e-m+fp/hard\libm.a(libm_a-sf_floor.o)
[...]
Memory Configuration

Name             Origin             Length             Attributes
CCMRAM           0x10000000         0x00010000         xrw
RAM              0x20000000         0x00020000         xrw
FLASH            0x08000000         0x00100000         xr
*default*        0x00000000         0xffffffff

Linker script and memory map

LOAD C:/ST/STM32CubeIDE_1.18.0/STM32CubeIDE/plugins/com.st.stm32cube.ide.mcu.externaltools.gnu-tools-for-stm32.13.3.rel1.win32_1.0.0.202411081344/tools/bin/../lib/gcc/arm-none-eabi/13.3.1/thumb/v7e-m+fp/hard/crti.o
LOAD C:/ST/STM32CubeIDE_1.18.0/STM32CubeIDE/plugins/com.st.stm32cube.ide.mcu.externaltools.gnu-tools-for-stm32.13.3.rel1.win32_1.0.0.202411081344/tools/bin/../lib/gcc/arm-none-eabi/13.3.1/thumb/v7e-m+fp/hard/crtbegin.o
LOAD C:/ST/STM32CubeIDE_1.18.0/STM32CubeIDE/plugins/com.st.stm32cube.ide.mcu.externaltools.gnu-tools-for-stm32.13.3.rel1.win32_1.0.0.202411081344/tools/bin/../lib/gcc/arm-none-eabi/13.3.1/../../../../arm-none-eabi/lib/thumb/v7e-m+fp/hard/crt0.o
LOAD ./Core/Src/main.o
LOAD ./Core/Src/stm32f4xx_hal_msp.o
LOAD ./Core/Src/stm32f4xx_it.o
LOAD ./Core/Src/syscalls.o
LOAD ./Core/Src/sysmem.o
LOAD ./Core/Src/system_stm32f4xx.o
LOAD ./Core/Startup/startup_stm32f405rgtx.o
LOAD ./Drivers/STM32F4xx_HAL_Driver/Src/stm32f4xx_hal.o
LOAD ./Drivers/STM32F4xx_HAL_Driver/Src/stm32f4xx_hal_adc.o
LOAD ./Drivers/STM32F4xx_HAL_Driver/Src/stm32f4xx_hal_adc_ex.o
LOAD ./Drivers/STM32F4xx_HAL_Driver/Src/stm32f4xx_hal_cortex.o
LOAD ./Drivers/STM32F4xx_HAL_Driver/Src/stm32f4xx_hal_dma.o
LOAD ./Drivers/STM32F4xx_HAL_Driver/Src/stm32f4xx_hal_dma_ex.o
LOAD ./Drivers/STM32F4xx_HAL_Driver/Src/stm32f4xx_hal_exti.o
LOAD ./Drivers/STM32F4xx_HAL_Driver/Src/stm32f4xx_hal_flash.o
LOAD ./Drivers/STM32F4xx_HAL_Driver/Src/stm32f4xx_hal_flash_ex.o
LOAD ./Drivers/STM32F4xx_HAL_Driver/Src/stm32f4xx_hal_flash_ramfunc.o
LOAD ./Drivers/STM32F4xx_HAL_Driver/Src/stm32f4xx_hal_gpio.o
LOAD ./Drivers/STM32F4xx_HAL_Driver/Src/stm32f4xx_hal_pcd.o
LOAD ./Drivers/STM32F4xx_HAL_Driver/Src/stm32f4xx_hal_pcd_ex.o
LOAD ./Drivers/STM32F4xx_HAL_Driver/Src/stm32f4xx_hal_pwr.o
LOAD ./Drivers/STM32F4xx_HAL_Driver/Src/stm32f4xx_hal_pwr_ex.o
LOAD ./Drivers/STM32F4xx_HAL_Driver/Src/stm32f4xx_hal_rcc.o
LOAD ./Drivers/STM32F4xx_HAL_Driver/Src/stm32f4xx_hal_rcc_ex.o
LOAD ./Drivers/STM32F4xx_HAL_Driver/Src/stm32f4xx_hal_spi.o
LOAD ./Drivers/STM32F4xx_HAL_Driver/Src/stm32f4xx_hal_tim.o
LOAD ./Drivers/STM32F4xx_HAL_Driver/Src/stm32f4xx_hal_tim_ex.o
LOAD ./Drivers/STM32F4xx_HAL_Driver/Src/stm32f4xx_ll_adc.o
LOAD ./Drivers/STM32F4xx_HAL_Driver/Src/stm32f4xx_ll_usb.o
LOAD ./Middlewares/ST/STM32_USB_Device_Library/Class/CustomHID/Src/usbd_customhid.o
LOAD ./Middlewares/ST/STM32_USB_Device_Library/Core/Src/usbd_core.o
LOAD ./Middlewares/ST/STM32_USB_Device_Library/Core/Src/usbd_ctlreq.o
LOAD ./Middlewares/ST/STM32_USB_Device_Library/Core/Src/usbd_ioreq.o
LOAD ./USB_DEVICE/App/usb_device.o
LOAD ./USB_DEVICE/App/usbd_custom_hid_if.o
LOAD ./USB_DEVICE/App/usbd_desc.o
LOAD ./USB_DEVICE/Target/usbd_conf.o
LOAD ./UserExtensions/Src/DRV8301.o
LOAD ./UserExtensions/Src/ForceFeedback.o
LOAD ./UserExtensions/Src/MotorControl.o
LOAD ./UserExtensions/Src/Pedals.o
LOAD ./UserExtensions/Src/Shifter.o
LOAD ./UserExtensions/Src/Wheel.o
START GROUP
LOAD C:/ST/STM32CubeIDE_1.18.0/STM32CubeIDE/plugins/com.st.stm32cube.ide.mcu.externaltools.gnu-tools-for-stm32.13.3.rel1.win32_1.0.0.202411081344/tools/bin/../lib/gcc/arm-none-eabi/13.3.1/../../../../arm-none-eabi/lib/thumb/v7e-m+fp/hard\libstdc++_nano.a
LOAD C:/ST/STM32CubeIDE_1.18.0/STM32CubeIDE/plugins/com.st.stm32cube.ide.mcu.externaltools.gnu-tools-for-stm32.13.3.rel1.win32_1.0.0.202411081344/tools/bin/../lib/gcc/arm-none-eabi/13.3.1/../../../../arm-none-eabi/lib/thumb/v7e-m+fp/hard\libsupc++_nano.a
END GROUP
LOAD C:/ST/STM32CubeIDE_1.18.0/STM32CubeIDE/plugins/com.st.stm32cube.ide.mcu.externaltools.gnu-tools-for-stm32.13.3.rel1.win32_1.0.0.202411081344/tools/bin/../lib/gcc/arm-none-eabi/13.3.1/../../../../arm-none-eabi/lib/thumb/v7e-m+fp/hard\libstdc++_nano.a
LOAD C:/ST/STM32CubeIDE_1.18.0/STM32CubeIDE/plugins/com.st.stm32cube.ide.mcu.externaltools.gnu-tools-for-stm32.13.3.rel1.win32_1.0.0.202411081344/tools/bin/../lib/gcc/arm-none-eabi/13.3.1/../../../../arm-none-eabi/lib/thumb/v7e-m+fp/hard\libm.a
LOAD C:/ST/STM32CubeIDE_1.18.0/STM32CubeIDE/plugins/com.st.stm32cube.ide.mcu.externaltools.gnu-tools-for-stm32.13.3.rel1.win32_1.0.0.202411081344/tools/bin/../lib/gcc/arm-none-eabi/13.3.1/../../../../arm-none-eabi/lib/thumb/v7e-m+fp/hard\libc_nano.a
START GROUP
LOAD C:/ST/STM32CubeIDE_1.18.0/STM32CubeIDE/plugins/com.st.stm32cube.ide.mcu.externaltools.gnu-tools-for-stm32.13.3.rel1.win32_1.0.0.202411081344/tools/bin/../lib/gcc/arm-none-eabi/13.3.1/thumb/v7e-m+fp/hard\libgcc.a
LOAD C:/ST/STM32CubeIDE_1.18.0/STM32CubeIDE/plugins/com.st.stm32cube.ide.mcu.externaltools.gnu-tools-for-stm32.13.3.rel1.win32_1.0.0.202411081344/tools/bin/../lib/gcc/arm-none-eabi/13.3.1/../../../../arm-none-eabi/lib/thumb/v7e-m+fp/hard\libc_nano.a
END GROUP
START GROUP
LOAD C:/ST/STM32CubeIDE_1.18.0/STM32CubeIDE/plugins/com.st.stm32cube.ide.mcu.externaltools.gnu-tools-for-stm32.13.3.rel1.win32_1.0.0.202411081344/tools/bin/../lib/gcc/arm-none-eabi/13.3.1/thumb/v7e-m+fp/hard\libgcc.a
LOAD C:/ST/STM32CubeIDE_1.18.0/STM32CubeIDE/plugins/com.st.stm32cube.ide.mcu.externaltools.gnu-tools-for-stm32.13.3.rel1.win32_1.0.0.202411081344/tools/bin/../lib/gcc/arm-none-eabi/13.3.1/../../../../arm-none-eabi/lib/thumb/v7e-m+fp/hard\libc_nano.a
LOAD C:/ST/STM32CubeIDE_1.18.0/STM32CubeIDE/plugins/com.st.stm32cube.ide.mcu.externaltools.gnu-tools-for-stm32.13.3.rel1.win32_1.0.0.202411081344/tools/bin/../lib/gcc/arm-none-eabi/13.3.1/../../../../arm-none-eabi/lib/thumb/v7e-m+fp/hard\libnosys.a
END GROUP
START GROUP
LOAD C:/ST/STM32CubeIDE_1.18.0/STM32CubeIDE/plugins/com.st.stm32cube.ide.mcu.externaltools.gnu-tools-for-stm32.13.3.rel1.win32_1.0.0.202411081344/tools/bin/../lib/gcc/arm-none-eabi/13.3.1/thumb/v7e-m+fp/hard\libgcc.a
LOAD C:/ST/STM32CubeIDE_1.18.0/STM32CubeIDE/plugins/com.st.stm32cube.ide.mcu.externaltools.gnu-tools-for-stm32.13.3.rel1.win32_1.0.0.202411081344/tools/bin/../lib/gcc/arm-none-eabi/13.3.1/../../../../arm-none-eabi/lib/thumb/v7e-m+fp/hard\libc_nano.a
LOAD C:/ST/STM32CubeIDE_1.18.0/STM32CubeIDE/plugins/com.st.stm32cube.ide.mcu.externaltools.gnu-tools-for-stm32.13.3.rel1.win32_1.0.0.202411081344/tools/bin/../lib/gcc/arm-none-eabi/13.3.1/../../../../arm-none-eabi/lib/thumb/v7e-m+fp/hard\libnosys.a
END GROUP
LOAD C:/ST/STM32CubeIDE_1.18.0/STM32CubeIDE/plugins/com.st.stm32cube.ide.mcu.externaltools.gnu-tools-for-stm32.13.3.rel1.win32_1.0.0.202411081344/tools/bin/../lib/gcc/arm-none-eabi/13.3.1/thumb/v7e-m+fp/hard/crtend.o
LOAD C:/ST/STM32CubeIDE_1.18.0/STM32CubeIDE/plugins/com.st.stm32cube.ide.mcu.externaltools.gnu-tools-for-stm32.13.3.rel1.win32_1.0.0.202411081344/tools/bin/../lib/gcc/arm-none-eabi/13.3.1/thumb/v7e-m+fp/hard/crtn.o
                0x20020000                        _estack = (ORIGIN (RAM) + LENGTH (RAM))
                0x00000200                        _Min_Heap_Size = 0x200
                0x00000400                        _Min_Stack_Size = 0x400

.isr_vector     0x08000000      0x188
                0x08000000                        . = ALIGN (0x4)
 *(.isr_vector)
 .isr_vector    0x08000000      0x188 ./Core/Startup/startup_stm32f405rgtx.o
                0x08000000                g_pfnVectors
                0x08000188                        . = ALIGN (0x4)

.text           0x08000188     0xbb70
                0x08000188                        . = ALIGN (0x4)
 *(.text)
 .text          0x08000188       0x40 C:/ST/STM32CubeIDE_1.18.0/STM32CubeIDE/plugins/com.st.stm32cube.ide.mcu.externaltools.gnu-tools-for-stm32.13.3.rel1.win32_1.0.0.202411081344/tools/bin/../lib/gcc/arm-none-eabi/13.3.1/thumb/v7e-m+fp/hard/crtbegin.o
 .text          0x080001c8       0x30 C:/ST/STM32CubeIDE_1.18.0/STM32CubeIDE/plugins/com.st.stm32cube.ide.mcu.externaltools.gnu-tools-for-stm32.13.3.rel1.win32_1.0.0.202411081344/tools/bin/../lib/gcc/arm-none-eabi/13.3.1/thumb/v7e-m+fp/hard\libgcc.a(_aeabi_uldivmod.o)
                0x080001c8                __aeabi_uldivmod
 .text          0x080001f8      0x2f8 C:/ST/STM32CubeIDE_1.18.0/STM32CubeIDE/plugins/com.st.stm32cube.ide.mcu.externaltools.gnu-tools-for-stm32.13.3.rel1.win32_1.0.0.202411081344/tools/bin/../lib/gcc/arm-none-eabi/13.3.1/thumb/v7e-m+fp/hard\libgcc.a(_udivmoddi4.o)
                0x080001f8                __udivmoddi4
 .text          0x080004f0        0x4 C:/ST/STM32CubeIDE_1.18.0/STM32CubeIDE/plugins/com.st.stm32cube.ide.mcu.externaltools.gnu-tools-for-stm32.13.3.rel1.win32_1.0.0.202411081344/tools/bin/../lib/gcc/arm-none-eabi/13.3.1/thumb/v7e-m+fp/hard\libgcc.a(_dvmd_tls.o)
                0x080004f0                __aeabi_idiv0
                0x080004f0                __aeabi_ldiv0
 *(.text*)
 .text.main     0x080004f4      0x144 ./Core/Src/main.o
                0x080004f4                main
 .text.SystemClock_Config
                0x08000638       0xd4 ./Core/Src/main.o
                0x08000638                SystemClock_Config
 .text.MX_ADC1_Init
                0x0800070c       0xa4 ./Core/Src/main.o
 .text.MX_ADC2_Init
                0x080007b0       0xa4 ./Core/Src/main.o
 .text.MX_ADC3_Init
                0x08000854       0xdc ./Core/Src/main.o
 .text.MX_SPI3_Init
                0x08000930       0x70 ./Core/Src/main.o
 .text.MX_TIM1_Init
                0x080009a0      0x1a0 ./Core/Src/main.o
 .text.MX_TIM2_Init
                0x08000b40       0x98 ./Core/Src/main.o
 .text.MX_TIM3_Init
                0x08000bd8       0xa8 ./Core/Src/main.o
 .text.MX_DMA_Init
                0x08000c80       0x60 ./Core/Src/main.o
 .text.MX_GPIO_Init
                0x08000ce0      0x138 ./Core/Src/main.o
 .text.Error_Handler
                0x08000e18        0xc ./Core/Src/main.o
                0x08000e18                Error_Handler
 .text.HAL_MspInit
                0x08000e24       0x50 ./Core/Src/stm32f4xx_hal_msp.o
                0x08000e24                HAL_MspInit
 .text.HAL_ADC_MspInit
                0x08000e74      0x28c ./Core/Src/stm32f4xx_hal_msp.o
                0x08000e74                HAL_ADC_MspInit
 .text.HAL_SPI_MspInit
                0x08001100       0x90 ./Core/Src/stm32f4xx_hal_msp.o
                0x08001100                HAL_SPI_MspInit
 .text.HAL_TIM_Base_MspInit
                0x08001190       0x78 ./Core/Src/stm32f4xx_hal_msp.o
                0x08001190                HAL_TIM_Base_MspInit
 .text.HAL_TIM_Encoder_MspInit
                0x08001208       0xa0 ./Core/Src/stm32f4xx_hal_msp.o
                0x08001208                HAL_TIM_Encoder_MspInit
 .text.HAL_TIM_MspPostInit
                0x080012a8       0xb8 ./Core/Src/stm32f4xx_hal_msp.o
                0x080012a8                HAL_TIM_MspPostInit
 .text.NMI_Handler
                0x08001360        0x8 ./Core/Src/stm32f4xx_it.o
                0x08001360                NMI_Handler
 .text.HardFault_Handler
                0x08001368        0x8 ./Core/Src/stm32f4xx_it.o
                0x08001368                HardFault_Handler
 .text.MemManage_Handler
                0x08001370        0x8 ./Core/Src/stm32f4xx_it.o
                0x08001370                MemManage_Handler
 .text.BusFault_Handler
                0x08001378        0x8 ./Core/Src/stm32f4xx_it.o
                0x08001378                BusFault_Handler
 .text.UsageFault_Handler
                0x08001380        0x8 ./Core/Src/stm32f4xx_it.o
                0x08001380                UsageFault_Handler
 .text.SVC_Handler
                0x08001388        0xe ./Core/Src/stm32f4xx_it.o
                0x08001388                SVC_Handler
 .text.DebugMon_Handler
                0x08001396        0xe ./Core/Src/stm32f4xx_it.o
                0x08001396                DebugMon_Handler
 .text.PendSV_Handler
                0x080013a4        0xe ./Core/Src/stm32f4xx_it.o
                0x080013a4                PendSV_Handler
 .text.SysTick_Handler
                0x080013b2        0xc ./Core/Src/stm32f4xx_it.o
                0x080013b2                SysTick_Handler
 .text.EXTI9_5_IRQHandler
                0x080013be       0x10 ./Core/Src/stm32f4xx_it.o
                0x080013be                EXTI9_5_IRQHandler
 *fill*         0x080013ce        0x2 
 .text.TIM1_UP_TIM10_IRQHandler
                0x080013d0       0x18 ./Core/Src/stm32f4xx_it.o
                0x080013d0                TIM1_UP_TIM10_IRQHandler
 .text.TIM3_IRQHandler
                0x080013e8       0x14 ./Core/Src/stm32f4xx_it.o
                0x080013e8                TIM3_IRQHandler
 .text.DMA2_Stream0_IRQHandler
                0x080013fc       0x14 ./Core/Src/stm32f4xx_it.o
                0x080013fc                DMA2_Stream0_IRQHandler
 .text.DMA2_Stream1_IRQHandler
                0x08001410       0x14 ./Core/Src/stm32f4xx_it.o
                0x08001410                DMA2_Stream1_IRQHandler
 .text.DMA2_Stream2_IRQHandler
                0x08001424       0x14 ./Core/Src/stm32f4xx_it.o
                0x08001424                DMA2_Stream2_IRQHandler
 .text.OTG_FS_IRQHandler
                0x08001438       0x14 ./Core/Src/stm32f4xx_it.o
                0x08001438                OTG_FS_IRQHandler
 .text.SystemInit
                0x0800144c       0x24 ./Core/Src/system_stm32f4xx.o
                0x0800144c                SystemInit
 .text.Reset_Handler
                0x08001470       0x50 ./Core/Startup/startup_stm32f405rgtx.o
                0x08001470                Reset_Handler
 .text.Default_Handler
                0x080014c0        0x2 ./Core/Startup/startup_stm32f405rgtx.o
                0x080014c0                RTC_Alarm_IRQHandler
                0x080014c0                HASH_RNG_IRQHandler
                0x080014c0                EXTI2_IRQHandler
                0x080014c0                TIM8_CC_IRQHandler
                0x080014c0                TIM1_CC_IRQHandler
                0x080014c0                DMA2_Stream5_IRQHandler
                0x080014c0                DMA1_Stream5_IRQHandler
                0x080014c0                PVD_IRQHandler
                0x080014c0                SDIO_IRQHandler
                0x080014c0                TAMP_STAMP_IRQHandler
                0x080014c0                CAN2_RX1_IRQHandler
                0x080014c0                EXTI3_IRQHandler
                0x080014c0                TIM8_TRG_COM_TIM14_IRQHandler
                0x080014c0                TIM8_UP_TIM13_IRQHandler
                0x080014c0                I2C3_ER_IRQHandler
                0x080014c0                EXTI0_IRQHandler
                0x080014c0                I2C2_EV_IRQHandler
                0x080014c0                DMA1_Stream2_IRQHandler
                0x080014c0                CAN1_RX0_IRQHandler
                0x080014c0                FPU_IRQHandler
                0x080014c0                OTG_HS_WKUP_IRQHandler
                0x080014c0                CAN2_SCE_IRQHandler
                0x080014c0                SPI1_IRQHandler
                0x080014c0                TIM6_DAC_IRQHandler
                0x080014c0                TIM1_BRK_TIM9_IRQHandler
                0x080014c0                CAN2_RX0_IRQHandler
                0x080014c0                DMA2_Stream3_IRQHandler
                0x080014c0                USART6_IRQHandler
                0x080014c0                USART3_IRQHandler
                0x080014c0                CAN1_RX1_IRQHandler
                0x080014c0                UART5_IRQHandler
                0x080014c0                TIM4_IRQHandler
                0x080014c0                I2C1_EV_IRQHandler
                0x080014c0                DMA1_Stream6_IRQHandler
                0x080014c0                DMA1_Stream1_IRQHandler
                0x080014c0                UART4_IRQHandler
                0x080014c0                RCC_IRQHandler
                0x080014c0                TIM8_BRK_TIM12_IRQHandler
                0x080014c0                Default_Handler
                0x080014c0                EXTI15_10_IRQHandler
                0x080014c0                ADC_IRQHandler
                0x080014c0                DMA1_Stream7_IRQHandler
                0x080014c0                TIM7_IRQHandler
                0x080014c0                CAN2_TX_IRQHandler
                0x080014c0                TIM5_IRQHandler
                0x080014c0                DMA2_Stream7_IRQHandler
                0x080014c0                I2C3_EV_IRQHandler
                0x080014c0                RTC_WKUP_IRQHandler
                0x080014c0                SPI2_IRQHandler
                0x080014c0                OTG_HS_EP1_IN_IRQHandler
                0x080014c0                DMA1_Stream0_IRQHandler
                0x080014c0                CAN1_TX_IRQHandler
                0x080014c0                EXTI4_IRQHandler
                0x080014c0                FSMC_IRQHandler
                0x080014c0                OTG_HS_EP1_OUT_IRQHandler
                0x080014c0                WWDG_IRQHandler
                0x080014c0                TIM2_IRQHandler
                0x080014c0                OTG_FS_WKUP_IRQHandler
                0x080014c0                TIM1_TRG_COM_TIM11_IRQHandler
                0x080014c0                OTG_HS_IRQHandler
                0x080014c0                EXTI1_IRQHandler
                0x080014c0                USART2_IRQHandler
                0x080014c0                I2C2_ER_IRQHandler
                0x080014c0                CAN1_SCE_IRQHandler
                0x080014c0                FLASH_IRQHandler
                0x080014c0                DMA2_Stream4_IRQHandler
                0x080014c0                USART1_IRQHandler
                0x080014c0                SPI3_IRQHandler
                0x080014c0                DMA1_Stream4_IRQHandler
                0x080014c0                I2C1_ER_IRQHandler
                0x080014c0                DMA2_Stream6_IRQHandler
                0x080014c0                DMA1_Stream3_IRQHandler
 *fill*         0x080014c2        0x2 
 .text.HAL_Init
                0x080014c4       0x44 ./Drivers/STM32F4xx_HAL_Driver/Src/stm32f4xx_hal.o
                0x080014c4                HAL_Init
 .text.HAL_InitTick
                0x08001508       0x60 ./Drivers/STM32F4xx_HAL_Driver/Src/stm32f4xx_hal.o
                0x08001508                HAL_InitTick
 .text.HAL_IncTick
                0x08001568       0x28 ./Drivers/STM32F4xx_HAL_Driver/Src/stm32f4xx_hal.o
                0x08001568                HAL_IncTick
 .text.HAL_GetTick
                0x08001590       0x18 ./Drivers/STM32F4xx_HAL_Driver/Src/stm32f4xx_hal.o
                0x08001590                HAL_GetTick
 .text.HAL_Delay
                0x080015a8       0x48 ./Drivers/STM32F4xx_HAL_Driver/Src/stm32f4xx_hal.o
                0x080015a8                HAL_Delay
 .text.HAL_ADC_Init
                0x080015f0       0x86 ./Drivers/STM32F4xx_HAL_Driver/Src/stm32f4xx_hal_adc.o
                0x080015f0                HAL_ADC_Init
 *fill*         0x08001676        0x2 
 .text.HAL_ADC_Start_DMA
                0x08001678      0x220 ./Drivers/STM32F4xx_HAL_Driver/Src/stm32f4xx_hal_adc.o
                0x08001678                HAL_ADC_Start_DMA
 .text.HAL_ADC_ConvCpltCallback
                0x08001898       0x14 ./Drivers/STM32F4xx_HAL_Driver/Src/stm32f4xx_hal_adc.o
                0x08001898                HAL_ADC_ConvCpltCallback
 .text.HAL_ADC_ConvHalfCpltCallback
                0x080018ac       0x14 ./Drivers/STM32F4xx_HAL_Driver/Src/stm32f4xx_hal_adc.o
                0x080018ac                HAL_ADC_ConvHalfCpltCallback
 .text.HAL_ADC_ErrorCallback
                0x080018c0       0x14 ./Drivers/STM32F4xx_HAL_Driver/Src/stm32f4xx_hal_adc.o
                0x080018c0                HAL_ADC_ErrorCallback
 .text.HAL_ADC_ConfigChannel
                0x080018d4      0x244 ./Drivers/STM32F4xx_HAL_Driver/Src/stm32f4xx_hal_adc.o
                0x080018d4                HAL_ADC_ConfigChannel
 .text.ADC_Init
                0x08001b18      0x1f8 ./Drivers/STM32F4xx_HAL_Driver/Src/stm32f4xx_hal_adc.o
 .text.ADC_DMAConvCplt
                0x08001d10       0xba ./Drivers/STM32F4xx_HAL_Driver/Src/stm32f4xx_hal_adc.o
 .text.ADC_DMAHalfConvCplt
                0x08001dca       0x1c ./Drivers/STM32F4xx_HAL_Driver/Src/stm32f4xx_hal_adc.o
 .text.ADC_DMAError
                0x08001de6       0x2e ./Drivers/STM32F4xx_HAL_Driver/Src/stm32f4xx_hal_adc.o
 .text.__NVIC_SetPriorityGrouping
                0x08001e14       0x48 ./Drivers/STM32F4xx_HAL_Driver/Src/stm32f4xx_hal_cortex.o
 .text.__NVIC_GetPriorityGrouping
                0x08001e5c       0x1c ./Drivers/STM32F4xx_HAL_Driver/Src/stm32f4xx_hal_cortex.o
 .text.__NVIC_EnableIRQ
                0x08001e78       0x3c ./Drivers/STM32F4xx_HAL_Driver/Src/stm32f4xx_hal_cortex.o
 .text.__NVIC_SetPriority
                0x08001eb4       0x54 ./Drivers/STM32F4xx_HAL_Driver/Src/stm32f4xx_hal_cortex.o
 .text.NVIC_EncodePriority
                0x08001f08       0x66 ./Drivers/STM32F4xx_HAL_Driver/Src/stm32f4xx_hal_cortex.o
 *fill*         0x08001f6e        0x2 
 .text.SysTick_Config
                0x08001f70       0x44 ./Drivers/STM32F4xx_HAL_Driver/Src/stm32f4xx_hal_cortex.o
 .text.HAL_NVIC_SetPriorityGrouping
                0x08001fb4       0x16 ./Drivers/STM32F4xx_HAL_Driver/Src/stm32f4xx_hal_cortex.o
                0x08001fb4                HAL_NVIC_SetPriorityGrouping
 .text.HAL_NVIC_SetPriority
                0x08001fca       0x38 ./Drivers/STM32F4xx_HAL_Driver/Src/stm32f4xx_hal_cortex.o
                0x08001fca                HAL_NVIC_SetPriority
 .text.HAL_NVIC_EnableIRQ
                0x08002002       0x1c ./Drivers/STM32F4xx_HAL_Driver/Src/stm32f4xx_hal_cortex.o
                0x08002002                HAL_NVIC_EnableIRQ
 .text.HAL_SYSTICK_Config
                0x0800201e       0x18 ./Drivers/STM32F4xx_HAL_Driver/Src/stm32f4xx_hal_cortex.o
                0x0800201e                HAL_SYSTICK_Config
 *fill*         0x08002036        0x2 
 .text.HAL_DMA_Init
                0x08002038      0x15c ./Drivers/STM32F4xx_HAL_Driver/Src/stm32f4xx_hal_dma.o
                0x08002038                HAL_DMA_Init
 .text.HAL_DMA_Start_IT
                0x08002194       0xb0 ./Drivers/STM32F4xx_HAL_Driver/Src/stm32f4xx_hal_dma.o
                0x08002194                HAL_DMA_Start_IT
 .text.HAL_DMA_IRQHandler
                0x08002244      0x314 ./Drivers/STM32F4xx_HAL_Driver/Src/stm32f4xx_hal_dma.o
                0x08002244                HAL_DMA_IRQHandler
 .text.DMA_SetConfig
                0x08002558       0x5c ./Drivers/STM32F4xx_HAL_Driver/Src/stm32f4xx_hal_dma.o
 .text.DMA_CalcBaseAndBitshift
                0x080025b4       0x6c ./Drivers/STM32F4xx_HAL_Driver/Src/stm32f4xx_hal_dma.o
 .text.DMA_CheckFifoParam
                0x08002620       0xf8 ./Drivers/STM32F4xx_HAL_Driver/Src/stm32f4xx_hal_dma.o
 .text.HAL_GPIO_Init
                0x08002718      0x338 ./Drivers/STM32F4xx_HAL_Driver/Src/stm32f4xx_hal_gpio.o
                0x08002718                HAL_GPIO_Init
 .text.HAL_GPIO_WritePin
                0x08002a50       0x32 ./Drivers/STM32F4xx_HAL_Driver/Src/stm32f4xx_hal_gpio.o
                0x08002a50                HAL_GPIO_WritePin
 *fill*         0x08002a82        0x2 
 .text.HAL_GPIO_EXTI_IRQHandler
                0x08002a84       0x30 ./Drivers/STM32F4xx_HAL_Driver/Src/stm32f4xx_hal_gpio.o
                0x08002a84                HAL_GPIO_EXTI_IRQHandler
 .text.HAL_PCD_Init
                0x08002ab4      0x21e ./Drivers/STM32F4xx_HAL_Driver/Src/stm32f4xx_hal_pcd.o
                0x08002ab4                HAL_PCD_Init
 .text.HAL_PCD_Start
                0x08002cd2       0x6a ./Drivers/STM32F4xx_HAL_Driver/Src/stm32f4xx_hal_pcd.o
                0x08002cd2                HAL_PCD_Start
 .text.HAL_PCD_IRQHandler
                0x08002d3c      0x942 ./Drivers/STM32F4xx_HAL_Driver/Src/stm32f4xx_hal_pcd.o
                0x08002d3c                HAL_PCD_IRQHandler
 .text.HAL_PCD_SetAddress
                0x0800367e       0x48 ./Drivers/STM32F4xx_HAL_Driver/Src/stm32f4xx_hal_pcd.o
                0x0800367e                HAL_PCD_SetAddress
 .text.HAL_PCD_EP_Open
                0x080036c6       0xd4 ./Drivers/STM32F4xx_HAL_Driver/Src/stm32f4xx_hal_pcd.o
                0x080036c6                HAL_PCD_EP_Open
 .text.HAL_PCD_EP_Close
                0x0800379a       0x94 ./Drivers/STM32F4xx_HAL_Driver/Src/stm32f4xx_hal_pcd.o
                0x0800379a                HAL_PCD_EP_Close
 .text.HAL_PCD_EP_Receive
                0x0800382e       0x76 ./Drivers/STM32F4xx_HAL_Driver/Src/stm32f4xx_hal_pcd.o
                0x0800382e                HAL_PCD_EP_Receive
 .text.HAL_PCD_EP_Transmit
                0x080038a4       0x74 ./Drivers/STM32F4xx_HAL_Driver/Src/stm32f4xx_hal_pcd.o
                0x080038a4                HAL_PCD_EP_Transmit
 .text.HAL_PCD_EP_SetStall
                0x08003918       0xc6 ./Drivers/STM32F4xx_HAL_Driver/Src/stm32f4xx_hal_pcd.o
                0x08003918                HAL_PCD_EP_SetStall
 .text.HAL_PCD_EP_ClrStall
                0x080039de       0xac ./Drivers/STM32F4xx_HAL_Driver/Src/stm32f4xx_hal_pcd.o
                0x080039de                HAL_PCD_EP_ClrStall
 .text.HAL_PCD_EP_Abort
                0x08003a8a       0x62 ./Drivers/STM32F4xx_HAL_Driver/Src/stm32f4xx_hal_pcd.o
                0x08003a8a                HAL_PCD_EP_Abort
 .text.PCD_WriteEmptyTxFifo
                0x08003aec      0x118 ./Drivers/STM32F4xx_HAL_Driver/Src/stm32f4xx_hal_pcd.o
 .text.PCD_EP_OutXfrComplete_int
                0x08003c04      0x1d0 ./Drivers/STM32F4xx_HAL_Driver/Src/stm32f4xx_hal_pcd.o
 .text.PCD_EP_OutSetupPacket_int
                0x08003dd4       0x8c ./Drivers/STM32F4xx_HAL_Driver/Src/stm32f4xx_hal_pcd.o
 .text.HAL_PCDEx_SetTxFiFo
                0x08003e60       0x8e ./Drivers/STM32F4xx_HAL_Driver/Src/stm32f4xx_hal_pcd_ex.o
                0x08003e60                HAL_PCDEx_SetTxFiFo
 .text.HAL_PCDEx_SetRxFiFo
                0x08003eee       0x22 ./Drivers/STM32F4xx_HAL_Driver/Src/stm32f4xx_hal_pcd_ex.o
                0x08003eee                HAL_PCDEx_SetRxFiFo
 .text.HAL_PCDEx_LPM_Callback
                0x08003f10       0x18 ./Drivers/STM32F4xx_HAL_Driver/Src/stm32f4xx_hal_pcd_ex.o
                0x08003f10                HAL_PCDEx_LPM_Callback
 .text.HAL_RCC_OscConfig
                0x08003f28      0x4f0 ./Drivers/STM32F4xx_HAL_Driver/Src/stm32f4xx_hal_rcc.o
                0x08003f28                HAL_RCC_OscConfig
 .text.HAL_RCC_ClockConfig
                0x08004418      0x1cc ./Drivers/STM32F4xx_HAL_Driver/Src/stm32f4xx_hal_rcc.o
                0x08004418                HAL_RCC_ClockConfig
 .text.HAL_RCC_GetSysClockFreq
                0x080045e4      0x20c ./Drivers/STM32F4xx_HAL_Driver/Src/stm32f4xx_hal_rcc.o
                0x080045e4                HAL_RCC_GetSysClockFreq
 .text.HAL_RCC_GetHCLKFreq
                0x080047f0       0x18 ./Drivers/STM32F4xx_HAL_Driver/Src/stm32f4xx_hal_rcc.o
                0x080047f0                HAL_RCC_GetHCLKFreq
 .text.HAL_SPI_Init
                0x08004808      0x112 ./Drivers/STM32F4xx_HAL_Driver/Src/stm32f4xx_hal_spi.o
                0x08004808                HAL_SPI_Init
 .text.HAL_SPI_Transmit
                0x0800491a      0x288 ./Drivers/STM32F4xx_HAL_Driver/Src/stm32f4xx_hal_spi.o
                0x0800491a                HAL_SPI_Transmit
 .text.HAL_SPI_TransmitReceive
                0x08004ba2      0x352 ./Drivers/STM32F4xx_HAL_Driver/Src/stm32f4xx_hal_spi.o
                0x08004ba2                HAL_SPI_TransmitReceive
 .text.SPI_WaitFlagStateUntilTimeout
                0x08004ef4      0x110 ./Drivers/STM32F4xx_HAL_Driver/Src/stm32f4xx_hal_spi.o
 .text.SPI_EndRxTxTransaction
                0x08005004       0xa8 ./Drivers/STM32F4xx_HAL_Driver/Src/stm32f4xx_hal_spi.o
 .text.HAL_TIM_Base_Init
                0x080050ac       0x9e ./Drivers/STM32F4xx_HAL_Driver/Src/stm32f4xx_hal_tim.o
                0x080050ac                HAL_TIM_Base_Init
 *fill*         0x0800514a        0x2 
 .text.HAL_TIM_Base_Start_IT
                0x0800514c       0xe0 ./Drivers/STM32F4xx_HAL_Driver/Src/stm32f4xx_hal_tim.o
                0x0800514c                HAL_TIM_Base_Start_IT
 .text.HAL_TIM_OC_Init
                0x0800522c       0x9e ./Drivers/STM32F4xx_HAL_Driver/Src/stm32f4xx_hal_tim.o
                0x0800522c                HAL_TIM_OC_Init
 .text.HAL_TIM_OC_MspInit
                0x080052ca       0x14 ./Drivers/STM32F4xx_HAL_Driver/Src/stm32f4xx_hal_tim.o
                0x080052ca                HAL_TIM_OC_MspInit
 .text.HAL_TIM_PWM_Init
                0x080052de       0x9e ./Drivers/STM32F4xx_HAL_Driver/Src/stm32f4xx_hal_tim.o
                0x080052de                HAL_TIM_PWM_Init
 .text.HAL_TIM_PWM_MspInit
                0x0800537c       0x14 ./Drivers/STM32F4xx_HAL_Driver/Src/stm32f4xx_hal_tim.o
                0x0800537c                HAL_TIM_PWM_MspInit
 .text.HAL_TIM_PWM_Start
                0x08005390      0x190 ./Drivers/STM32F4xx_HAL_Driver/Src/stm32f4xx_hal_tim.o
                0x08005390                HAL_TIM_PWM_Start
 .text.HAL_TIM_Encoder_Init
                0x08005520      0x14c ./Drivers/STM32F4xx_HAL_Driver/Src/stm32f4xx_hal_tim.o
                0x08005520                HAL_TIM_Encoder_Init
 .text.HAL_TIM_Encoder_Start
                0x0800566c      0x11c ./Drivers/STM32F4xx_HAL_Driver/Src/stm32f4xx_hal_tim.o
                0x0800566c                HAL_TIM_Encoder_Start
 .text.HAL_TIM_IRQHandler
                0x08005788      0x1e0 ./Drivers/STM32F4xx_HAL_Driver/Src/stm32f4xx_hal_tim.o
                0x08005788                HAL_TIM_IRQHandler
 .text.HAL_TIM_OC_ConfigChannel
                0x08005968       0xb8 ./Drivers/STM32F4xx_HAL_Driver/Src/stm32f4xx_hal_tim.o
                0x08005968                HAL_TIM_OC_ConfigChannel
 .text.HAL_TIM_PWM_ConfigChannel
                0x08005a20      0x184 ./Drivers/STM32F4xx_HAL_Driver/Src/stm32f4xx_hal_tim.o
                0x08005a20                HAL_TIM_PWM_ConfigChannel
 .text.HAL_TIM_ConfigClockSource
                0x08005ba4      0x18e ./Drivers/STM32F4xx_HAL_Driver/Src/stm32f4xx_hal_tim.o
                0x08005ba4                HAL_TIM_ConfigClockSource
 .text.HAL_TIM_PeriodElapsedCallback
                0x08005d32       0x14 ./Drivers/STM32F4xx_HAL_Driver/Src/stm32f4xx_hal_tim.o
                0x08005d32                HAL_TIM_PeriodElapsedCallback
 .text.HAL_TIM_OC_DelayElapsedCallback
                0x08005d46       0x14 ./Drivers/STM32F4xx_HAL_Driver/Src/stm32f4xx_hal_tim.o
                0x08005d46                HAL_TIM_OC_DelayElapsedCallback
 .text.HAL_TIM_IC_CaptureCallback
                0x08005d5a       0x14 ./Drivers/STM32F4xx_HAL_Driver/Src/stm32f4xx_hal_tim.o
                0x08005d5a                HAL_TIM_IC_CaptureCallback
 .text.HAL_TIM_PWM_PulseFinishedCallback
                0x08005d6e       0x14 ./Drivers/STM32F4xx_HAL_Driver/Src/stm32f4xx_hal_tim.o
                0x08005d6e                HAL_TIM_PWM_PulseFinishedCallback
 .text.HAL_TIM_TriggerCallback
                0x08005d82       0x14 ./Drivers/STM32F4xx_HAL_Driver/Src/stm32f4xx_hal_tim.o
                0x08005d82                HAL_TIM_TriggerCallback
 *fill*         0x08005d96        0x2 
 .text.TIM_Base_SetConfig
                0x08005d98      0x158 ./Drivers/STM32F4xx_HAL_Driver/Src/stm32f4xx_hal_tim.o
                0x08005d98                TIM_Base_SetConfig
 .text.TIM_OC1_SetConfig
                0x08005ef0       0xe0 ./Drivers/STM32F4xx_HAL_Driver/Src/stm32f4xx_hal_tim.o
 .text.TIM_OC2_SetConfig
                0x08005fd0       0xec ./Drivers/STM32F4xx_HAL_Driver/Src/stm32f4xx_hal_tim.o
                0x08005fd0                TIM_OC2_SetConfig
 .text.TIM_OC3_SetConfig
                0x080060bc       0xe8 ./Drivers/STM32F4xx_HAL_Driver/Src/stm32f4xx_hal_tim.o
 .text.TIM_OC4_SetConfig
                0x080061a4       0xac ./Drivers/STM32F4xx_HAL_Driver/Src/stm32f4xx_hal_tim.o
 .text.TIM_TI1_ConfigInputStage
                0x08006250       0x5e ./Drivers/STM32F4xx_HAL_Driver/Src/stm32f4xx_hal_tim.o
 .text.TIM_TI2_ConfigInputStage
                0x080062ae       0x60 ./Drivers/STM32F4xx_HAL_Driver/Src/stm32f4xx_hal_tim.o
 .text.TIM_ITRx_SetConfig
                0x0800630e       0x36 ./Drivers/STM32F4xx_HAL_Driver/Src/stm32f4xx_hal_tim.o
 .text.TIM_ETR_SetConfig
                0x08006344       0x40 ./Drivers/STM32F4xx_HAL_Driver/Src/stm32f4xx_hal_tim.o
                0x08006344                TIM_ETR_SetConfig
 .text.TIM_CCxChannelCmd
                0x08006384       0x4a ./Drivers/STM32F4xx_HAL_Driver/Src/stm32f4xx_hal_tim.o
                0x08006384                TIM_CCxChannelCmd
 *fill*         0x080063ce        0x2 
 .text.HAL_TIMEx_PWMN_Start
                0x080063d0      0x174 ./Drivers/STM32F4xx_HAL_Driver/Src/stm32f4xx_hal_tim_ex.o
                0x080063d0                HAL_TIMEx_PWMN_Start
 .text.HAL_TIMEx_MasterConfigSynchronization
                0x08006544       0xf8 ./Drivers/STM32F4xx_HAL_Driver/Src/stm32f4xx_hal_tim_ex.o
                0x08006544                HAL_TIMEx_MasterConfigSynchronization
 .text.HAL_TIMEx_ConfigBreakDeadTime
                0x0800663c       0xa4 ./Drivers/STM32F4xx_HAL_Driver/Src/stm32f4xx_hal_tim_ex.o
                0x0800663c                HAL_TIMEx_ConfigBreakDeadTime
 .text.HAL_TIMEx_CommutCallback
                0x080066e0       0x14 ./Drivers/STM32F4xx_HAL_Driver/Src/stm32f4xx_hal_tim_ex.o
                0x080066e0                HAL_TIMEx_CommutCallback
 .text.HAL_TIMEx_BreakCallback
                0x080066f4       0x14 ./Drivers/STM32F4xx_HAL_Driver/Src/stm32f4xx_hal_tim_ex.o
                0x080066f4                HAL_TIMEx_BreakCallback
 .text.TIM_CCxNChannelCmd
                0x08006708       0x4a ./Drivers/STM32F4xx_HAL_Driver/Src/stm32f4xx_hal_tim_ex.o
 .text.USB_CoreInit
                0x08006752       0xc8 ./Drivers/STM32F4xx_HAL_Driver/Src/stm32f4xx_ll_usb.o
                0x08006752                USB_CoreInit
 *fill*         0x0800681a        0x2 
 .text.USB_SetTurnaroundTime
                0x0800681c      0x144 ./Drivers/STM32F4xx_HAL_Driver/Src/stm32f4xx_ll_usb.o
                0x0800681c                USB_SetTurnaroundTime
 .text.USB_EnableGlobalInt
                0x08006960       0x22 ./Drivers/STM32F4xx_HAL_Driver/Src/stm32f4xx_ll_usb.o
                0x08006960                USB_EnableGlobalInt
 .text.USB_DisableGlobalInt
                0x08006982       0x22 ./Drivers/STM32F4xx_HAL_Driver/Src/stm32f4xx_ll_usb.o
                0x08006982                USB_DisableGlobalInt
 .text.USB_SetCurrentMode
                0x080069a4       0x98 ./Drivers/STM32F4xx_HAL_Driver/Src/stm32f4xx_ll_usb.o
                0x080069a4                USB_SetCurrentMode
 .text.USB_DevInit
                0x08006a3c      0x2c8 ./Drivers/STM32F4xx_HAL_Driver/Src/stm32f4xx_ll_usb.o
                0x08006a3c                USB_DevInit
 .text.USB_FlushTxFifo
                0x08006d04       0x64 ./Drivers/STM32F4xx_HAL_Driver/Src/stm32f4xx_ll_usb.o
                0x08006d04                USB_FlushTxFifo
 .text.USB_FlushRxFifo
                0x08006d68       0x5c ./Drivers/STM32F4xx_HAL_Driver/Src/stm32f4xx_ll_usb.o
                0x08006d68                USB_FlushRxFifo
 .text.USB_SetDevSpeed
                0x08006dc4       0x32 ./Drivers/STM32F4xx_HAL_Driver/Src/stm32f4xx_ll_usb.o
                0x08006dc4                USB_SetDevSpeed
 .text.USB_GetDevSpeed
                0x08006df6       0x4a ./Drivers/STM32F4xx_HAL_Driver/Src/stm32f4xx_ll_usb.o
                0x08006df6                USB_GetDevSpeed
 .text.USB_ActivateEndpoint
                0x08006e40      0x10e ./Drivers/STM32F4xx_HAL_Driver/Src/stm32f4xx_ll_usb.o
                0x08006e40                USB_ActivateEndpoint
 *fill*         0x08006f4e        0x2 
 .text.USB_DeactivateEndpoint
                0x08006f50      0x1b8 ./Drivers/STM32F4xx_HAL_Driver/Src/stm32f4xx_ll_usb.o
                0x08006f50                USB_DeactivateEndpoint
 .text.USB_EPStartXfer
                0x08007108      0x53c ./Drivers/STM32F4xx_HAL_Driver/Src/stm32f4xx_ll_usb.o
                0x08007108                USB_EPStartXfer
 .text.USB_EPStopXfer
                0x08007644      0x154 ./Drivers/STM32F4xx_HAL_Driver/Src/stm32f4xx_ll_usb.o
                0x08007644                USB_EPStopXfer
 .text.USB_WritePacket
                0x08007798       0x7c ./Drivers/STM32F4xx_HAL_Driver/Src/stm32f4xx_ll_usb.o
                0x08007798                USB_WritePacket
 .text.USB_ReadPacket
                0x08007814       0xb0 ./Drivers/STM32F4xx_HAL_Driver/Src/stm32f4xx_ll_usb.o
                0x08007814                USB_ReadPacket
 .text.USB_EPSetStall
                0x080078c4       0xdc ./Drivers/STM32F4xx_HAL_Driver/Src/stm32f4xx_ll_usb.o
                0x080078c4                USB_EPSetStall
 .text.USB_EPClearStall
                0x080079a0       0xcc ./Drivers/STM32F4xx_HAL_Driver/Src/stm32f4xx_ll_usb.o
                0x080079a0                USB_EPClearStall
 .text.USB_SetDevAddress
                0x08007a6c       0x4c ./Drivers/STM32F4xx_HAL_Driver/Src/stm32f4xx_ll_usb.o
                0x08007a6c                USB_SetDevAddress
 .text.USB_DevConnect
                0x08007ab8       0x42 ./Drivers/STM32F4xx_HAL_Driver/Src/stm32f4xx_ll_usb.o
                0x08007ab8                USB_DevConnect
 .text.USB_DevDisconnect
                0x08007afa       0x42 ./Drivers/STM32F4xx_HAL_Driver/Src/stm32f4xx_ll_usb.o
                0x08007afa                USB_DevDisconnect
 .text.USB_ReadInterrupts
                0x08007b3c       0x26 ./Drivers/STM32F4xx_HAL_Driver/Src/stm32f4xx_ll_usb.o
                0x08007b3c                USB_ReadInterrupts
 .text.USB_ReadDevAllOutEpInterrupt
                0x08007b62       0x34 ./Drivers/STM32F4xx_HAL_Driver/Src/stm32f4xx_ll_usb.o
                0x08007b62                USB_ReadDevAllOutEpInterrupt
 .text.USB_ReadDevAllInEpInterrupt
                0x08007b96       0x34 ./Drivers/STM32F4xx_HAL_Driver/Src/stm32f4xx_ll_usb.o
                0x08007b96                USB_ReadDevAllInEpInterrupt
 .text.USB_ReadDevOutEPInterrupt
                0x08007bca       0x3c ./Drivers/STM32F4xx_HAL_Driver/Src/stm32f4xx_ll_usb.o
                0x08007bca                USB_ReadDevOutEPInterrupt
 .text.USB_ReadDevInEPInterrupt
                0x08007c06       0x5c ./Drivers/STM32F4xx_HAL_Driver/Src/stm32f4xx_ll_usb.o
                0x08007c06                USB_ReadDevInEPInterrupt
 .text.USB_GetMode
                0x08007c62       0x1c ./Drivers/STM32F4xx_HAL_Driver/Src/stm32f4xx_ll_usb.o
                0x08007c62                USB_GetMode
 .text.USB_ActivateSetup
                0x08007c7e       0x46 ./Drivers/STM32F4xx_HAL_Driver/Src/stm32f4xx_ll_usb.o
                0x08007c7e                USB_ActivateSetup
 .text.USB_EP0_OutStart
                0x08007cc4       0xbc ./Drivers/STM32F4xx_HAL_Driver/Src/stm32f4xx_ll_usb.o
                0x08007cc4                USB_EP0_OutStart
 .text.USB_CoreReset
                0x08007d80       0x62 ./Drivers/STM32F4xx_HAL_Driver/Src/stm32f4xx_ll_usb.o
 *fill*         0x08007de2        0x2 
 .text.USBD_CUSTOM_HID_Init
                0x08007de4      0x158 ./Middlewares/ST/STM32_USB_Device_Library/Class/CustomHID/Src/usbd_customhid.o
 .text.USBD_CUSTOM_HID_DeInit
                0x08007f3c       0xf4 ./Middlewares/ST/STM32_USB_Device_Library/Class/CustomHID/Src/usbd_customhid.o
 .text.USBD_CUSTOM_HID_Setup
                0x08008030      0x2c0 ./Middlewares/ST/STM32_USB_Device_Library/Class/CustomHID/Src/usbd_customhid.o
 .text.USBD_CUSTOM_HID_SendReport
                0x080082f0       0x68 ./Middlewares/ST/STM32_USB_Device_Library/Class/CustomHID/Src/usbd_customhid.o
                0x080082f0                USBD_CUSTOM_HID_SendReport
 .text.USBD_CUSTOM_HID_GetFSCfgDesc
                0x08008358       0x64 ./Middlewares/ST/STM32_USB_Device_Library/Class/CustomHID/Src/usbd_customhid.o
 .text.USBD_CUSTOM_HID_GetHSCfgDesc
                0x080083bc       0x64 ./Middlewares/ST/STM32_USB_Device_Library/Class/CustomHID/Src/usbd_customhid.o
 .text.USBD_CUSTOM_HID_GetOtherSpeedCfgDesc
                0x08008420       0x64 ./Middlewares/ST/STM32_USB_Device_Library/Class/CustomHID/Src/usbd_customhid.o
 .text.USBD_CUSTOM_HID_DataIn
                0x08008484       0x2e ./Middlewares/ST/STM32_USB_Device_Library/Class/CustomHID/Src/usbd_customhid.o
 .text.USBD_CUSTOM_HID_DataOut
                0x080084b2       0x5a ./Middlewares/ST/STM32_USB_Device_Library/Class/CustomHID/Src/usbd_customhid.o
 .text.USBD_CUSTOM_HID_ReceivePacket
                0x0800850c       0x4c ./Middlewares/ST/STM32_USB_Device_Library/Class/CustomHID/Src/usbd_customhid.o
                0x0800850c                USBD_CUSTOM_HID_ReceivePacket
 .text.USBD_CUSTOM_HID_EP0_RxReady
                0x08008558       0x58 ./Middlewares/ST/STM32_USB_Device_Library/Class/CustomHID/Src/usbd_customhid.o
 .text.USBD_CUSTOM_HID_GetDeviceQualifierDesc
                0x080085b0       0x20 ./Middlewares/ST/STM32_USB_Device_Library/Class/CustomHID/Src/usbd_customhid.o
 .text.USBD_CUSTOM_HID_RegisterInterface
                0x080085d0       0x34 ./Middlewares/ST/STM32_USB_Device_Library/Class/CustomHID/Src/usbd_customhid.o
                0x080085d0                USBD_CUSTOM_HID_RegisterInterface
 .text.USBD_Init
                0x08008604       0x60 ./Middlewares/ST/STM32_USB_Device_Library/Core/Src/usbd_core.o
                0x08008604                USBD_Init
 .text.USBD_RegisterClass
                0x08008664       0x6c ./Middlewares/ST/STM32_USB_Device_Library/Core/Src/usbd_core.o
                0x08008664                USBD_RegisterClass
 .text.USBD_Start
                0x080086d0       0x18 ./Middlewares/ST/STM32_USB_Device_Library/Core/Src/usbd_core.o
                0x080086d0                USBD_Start
 .text.USBD_RunTestMode
                0x080086e8       0x16 ./Middlewares/ST/STM32_USB_Device_Library/Core/Src/usbd_core.o
                0x080086e8                USBD_RunTestMode
 .text.USBD_SetClassConfig
                0x080086fe       0x38 ./Middlewares/ST/STM32_USB_Device_Library/Core/Src/usbd_core.o
                0x080086fe                USBD_SetClassConfig
 .text.USBD_ClrClassConfig
                0x08008736       0x34 ./Middlewares/ST/STM32_USB_Device_Library/Core/Src/usbd_core.o
                0x08008736                USBD_ClrClassConfig
 .text.USBD_LL_SetupStage
                0x0800876a       0xaa ./Middlewares/ST/STM32_USB_Device_Library/Core/Src/usbd_core.o
                0x0800876a                USBD_LL_SetupStage
 .text.USBD_LL_DataOutStage
                0x08008814      0x166 ./Middlewares/ST/STM32_USB_Device_Library/Core/Src/usbd_core.o
                0x08008814                USBD_LL_DataOutStage
 .text.USBD_LL_DataInStage
                0x0800897a      0x164 ./Middlewares/ST/STM32_USB_Device_Library/Core/Src/usbd_core.o
                0x0800897a                USBD_LL_DataInStage
 .text.USBD_LL_Reset
                0x08008ade       0xa4 ./Middlewares/ST/STM32_USB_Device_Library/Core/Src/usbd_core.o
                0x08008ade                USBD_LL_Reset
 .text.USBD_LL_SetSpeed
                0x08008b82       0x20 ./Middlewares/ST/STM32_USB_Device_Library/Core/Src/usbd_core.o
                0x08008b82                USBD_LL_SetSpeed
 .text.USBD_LL_Suspend
                0x08008ba2       0x38 ./Middlewares/ST/STM32_USB_Device_Library/Core/Src/usbd_core.o
                0x08008ba2                USBD_LL_Suspend
 .text.USBD_LL_Resume
                0x08008bda       0x30 ./Middlewares/ST/STM32_USB_Device_Library/Core/Src/usbd_core.o
                0x08008bda                USBD_LL_Resume
 .text.USBD_LL_SOF
                0x08008c0a       0x40 ./Middlewares/ST/STM32_USB_Device_Library/Core/Src/usbd_core.o
                0x08008c0a                USBD_LL_SOF
 .text.USBD_LL_IsoINIncomplete
                0x08008c4a       0x64 ./Middlewares/ST/STM32_USB_Device_Library/Core/Src/usbd_core.o
                0x08008c4a                USBD_LL_IsoINIncomplete
 .text.USBD_LL_IsoOUTIncomplete
                0x08008cae       0x64 ./Middlewares/ST/STM32_USB_Device_Library/Core/Src/usbd_core.o
                0x08008cae                USBD_LL_IsoOUTIncomplete
 .text.USBD_LL_DevConnected
                0x08008d12       0x16 ./Middlewares/ST/STM32_USB_Device_Library/Core/Src/usbd_core.o
                0x08008d12                USBD_LL_DevConnected
 .text.USBD_LL_DevDisconnected
                0x08008d28       0x46 ./Middlewares/ST/STM32_USB_Device_Library/Core/Src/usbd_core.o
                0x08008d28                USBD_LL_DevDisconnected
 .text.USBD_CoreFindIF
                0x08008d6e       0x1a ./Middlewares/ST/STM32_USB_Device_Library/Core/Src/usbd_core.o
                0x08008d6e                USBD_CoreFindIF
 .text.USBD_CoreFindEP
                0x08008d88       0x1a ./Middlewares/ST/STM32_USB_Device_Library/Core/Src/usbd_core.o
                0x08008d88                USBD_CoreFindEP
 .text.USBD_GetEpDesc
                0x08008da2       0x70 ./Middlewares/ST/STM32_USB_Device_Library/Core/Src/usbd_core.o
                0x08008da2                USBD_GetEpDesc
 .text.USBD_GetNextDesc
                0x08008e12       0x38 ./Middlewares/ST/STM32_USB_Device_Library/Core/Src/usbd_core.o
                0x08008e12                USBD_GetNextDesc
 .text.SWAPBYTE
                0x08008e4a       0x3e ./Middlewares/ST/STM32_USB_Device_Library/Core/Src/usbd_ctlreq.o
 .text.USBD_StdDevReq
                0x08008e88       0xe4 ./Middlewares/ST/STM32_USB_Device_Library/Core/Src/usbd_ctlreq.o
                0x08008e88                USBD_StdDevReq
 .text.USBD_StdItfReq
                0x08008f6c       0xd8 ./Middlewares/ST/STM32_USB_Device_Library/Core/Src/usbd_ctlreq.o
                0x08008f6c                USBD_StdItfReq
 .text.USBD_StdEPReq
                0x08009044      0x33a ./Middlewares/ST/STM32_USB_Device_Library/Core/Src/usbd_ctlreq.o
                0x08009044                USBD_StdEPReq
 *fill*         0x0800937e        0x2 
 .text.USBD_GetDescriptor
                0x08009380      0x2d4 ./Middlewares/ST/STM32_USB_Device_Library/Core/Src/usbd_ctlreq.o
 .text.USBD_SetAddress
                0x08009654       0x88 ./Middlewares/ST/STM32_USB_Device_Library/Core/Src/usbd_ctlreq.o
 .text.USBD_SetConfig
                0x080096dc      0x154 ./Middlewares/ST/STM32_USB_Device_Library/Core/Src/usbd_ctlreq.o
 .text.USBD_GetConfig
                0x08009830       0x6c ./Middlewares/ST/STM32_USB_Device_Library/Core/Src/usbd_ctlreq.o
 .text.USBD_GetStatus
                0x0800989c       0x68 ./Middlewares/ST/STM32_USB_Device_Library/Core/Src/usbd_ctlreq.o
 .text.USBD_SetFeature
                0x08009904       0x52 ./Middlewares/ST/STM32_USB_Device_Library/Core/Src/usbd_ctlreq.o
 .text.USBD_ClrFeature
                0x08009956       0x44 ./Middlewares/ST/STM32_USB_Device_Library/Core/Src/usbd_ctlreq.o
 .text.USBD_ParseSetupRequest
                0x0800999a       0x74 ./Middlewares/ST/STM32_USB_Device_Library/Core/Src/usbd_ctlreq.o
                0x0800999a                USBD_ParseSetupRequest
 .text.USBD_CtlError
                0x08009a0e       0x22 ./Middlewares/ST/STM32_USB_Device_Library/Core/Src/usbd_ctlreq.o
                0x08009a0e                USBD_CtlError
 .text.USBD_GetString
                0x08009a30       0xa4 ./Middlewares/ST/STM32_USB_Device_Library/Core/Src/usbd_ctlreq.o
                0x08009a30                USBD_GetString
 .text.USBD_GetLen
                0x08009ad4       0x34 ./Middlewares/ST/STM32_USB_Device_Library/Core/Src/usbd_ctlreq.o
 .text.USBD_CtlSendData
                0x08009b08       0x36 ./Middlewares/ST/STM32_USB_Device_Library/Core/Src/usbd_ioreq.o
                0x08009b08                USBD_CtlSendData
 .text.USBD_CtlContinueSendData
                0x08009b3e       0x22 ./Middlewares/ST/STM32_USB_Device_Library/Core/Src/usbd_ioreq.o
                0x08009b3e                USBD_CtlContinueSendData
 .text.USBD_CtlPrepareRx
                0x08009b60       0x3a ./Middlewares/ST/STM32_USB_Device_Library/Core/Src/usbd_ioreq.o
                0x08009b60                USBD_CtlPrepareRx
 .text.USBD_CtlContinueRx
                0x08009b9a       0x22 ./Middlewares/ST/STM32_USB_Device_Library/Core/Src/usbd_ioreq.o
                0x08009b9a                USBD_CtlContinueRx
 .text.USBD_CtlSendStatus
                0x08009bbc       0x26 ./Middlewares/ST/STM32_USB_Device_Library/Core/Src/usbd_ioreq.o
                0x08009bbc                USBD_CtlSendStatus
 .text.USBD_CtlReceiveStatus
                0x08009be2       0x26 ./Middlewares/ST/STM32_USB_Device_Library/Core/Src/usbd_ioreq.o
                0x08009be2                USBD_CtlReceiveStatus
 .text.MX_USB_DEVICE_Init
                0x08009c08       0x60 ./USB_DEVICE/App/usb_device.o
                0x08009c08                MX_USB_DEVICE_Init
 .text.CUSTOM_HID_Init_FS
                0x08009c68       0x10 ./USB_DEVICE/App/usbd_custom_hid_if.o
 .text.CUSTOM_HID_DeInit_FS
                0x08009c78       0x10 ./USB_DEVICE/App/usbd_custom_hid_if.o
 .text.CUSTOM_HID_OutEvent_FS
                0x08009c88      0x1e4 ./USB_DEVICE/App/usbd_custom_hid_if.o
 .text.CUSTOM_HID_GetReport
                0x08009e6c       0x88 ./USB_DEVICE/App/usbd_custom_hid_if.o
 .text.USBD_FS_DeviceDescriptor
                0x08009ef4       0x24 ./USB_DEVICE/App/usbd_desc.o
                0x08009ef4                USBD_FS_DeviceDescriptor
 .text.USBD_FS_LangIDStrDescriptor
                0x08009f18       0x24 ./USB_DEVICE/App/usbd_desc.o
                0x08009f18                USBD_FS_LangIDStrDescriptor
 .text.USBD_FS_ProductStrDescriptor
                0x08009f3c       0x3c ./USB_DEVICE/App/usbd_desc.o
                0x08009f3c                USBD_FS_ProductStrDescriptor
 .text.USBD_FS_ManufacturerStrDescriptor
                0x08009f78       0x28 ./USB_DEVICE/App/usbd_desc.o
                0x08009f78                USBD_FS_ManufacturerStrDescriptor
 .text.USBD_FS_SerialStrDescriptor
                0x08009fa0       0x24 ./USB_DEVICE/App/usbd_desc.o
                0x08009fa0                USBD_FS_SerialStrDescriptor
 .text.USBD_FS_ConfigStrDescriptor
                0x08009fc4       0x3c ./USB_DEVICE/App/usbd_desc.o
                0x08009fc4                USBD_FS_ConfigStrDescriptor
 .text.USBD_FS_InterfaceStrDescriptor
                0x0800a000       0x3c ./USB_DEVICE/App/usbd_desc.o
                0x0800a000                USBD_FS_InterfaceStrDescriptor
 .text.Get_SerialNum
                0x0800a03c       0x58 ./USB_DEVICE/App/usbd_desc.o
 .text.IntToUnicode
                0x0800a094       0x7e ./USB_DEVICE/App/usbd_desc.o
 *fill*         0x0800a112        0x2 
 .text.HAL_PCD_MspInit
                0x0800a114       0xa8 ./USB_DEVICE/Target/usbd_conf.o
                0x0800a114                HAL_PCD_MspInit
 .text.HAL_PCD_SetupStageCallback
                0x0800a1bc       0x24 ./USB_DEVICE/Target/usbd_conf.o
                0x0800a1bc                HAL_PCD_SetupStageCallback
 .text.HAL_PCD_DataOutStageCallback
                0x0800a1e0       0x36 ./USB_DEVICE/Target/usbd_conf.o
                0x0800a1e0                HAL_PCD_DataOutStageCallback
 .text.HAL_PCD_DataInStageCallback
                0x0800a216       0x34 ./USB_DEVICE/Target/usbd_conf.o
                0x0800a216                HAL_PCD_DataInStageCallback
 .text.HAL_PCD_SOFCallback
                0x0800a24a       0x1c ./USB_DEVICE/Target/usbd_conf.o
                0x0800a24a                HAL_PCD_SOFCallback
 .text.HAL_PCD_ResetCallback
                0x0800a266       0x50 ./USB_DEVICE/Target/usbd_conf.o
                0x0800a266                HAL_PCD_ResetCallback
 *fill*         0x0800a2b6        0x2 
 .text.HAL_PCD_SuspendCallback
                0x0800a2b8       0x4c ./USB_DEVICE/Target/usbd_conf.o
                0x0800a2b8                HAL_PCD_SuspendCallback
 .text.HAL_PCD_ResumeCallback
                0x0800a304       0x1c ./USB_DEVICE/Target/usbd_conf.o
                0x0800a304                HAL_PCD_ResumeCallback
 .text.HAL_PCD_ISOOUTIncompleteCallback
                0x0800a320       0x24 ./USB_DEVICE/Target/usbd_conf.o
                0x0800a320                HAL_PCD_ISOOUTIncompleteCallback
 .text.HAL_PCD_ISOINIncompleteCallback
                0x0800a344       0x24 ./USB_DEVICE/Target/usbd_conf.o
                0x0800a344                HAL_PCD_ISOINIncompleteCallback
 .text.HAL_PCD_ConnectCallback
                0x0800a368       0x1c ./USB_DEVICE/Target/usbd_conf.o
                0x0800a368                HAL_PCD_ConnectCallback
 .text.HAL_PCD_DisconnectCallback
                0x0800a384       0x1c ./USB_DEVICE/Target/usbd_conf.o
                0x0800a384                HAL_PCD_DisconnectCallback
 .text.USBD_LL_Init
                0x0800a3a0       0x98 ./USB_DEVICE/Target/usbd_conf.o
                0x0800a3a0                USBD_LL_Init
 .text.USBD_LL_Start
                0x0800a438       0x36 ./USB_DEVICE/Target/usbd_conf.o
                0x0800a438                USBD_LL_Start
 .text.USBD_LL_OpenEP
                0x0800a46e       0x4c ./USB_DEVICE/Target/usbd_conf.o
                0x0800a46e                USBD_LL_OpenEP
 .text.USBD_LL_CloseEP
                0x0800a4ba       0x3e ./USB_DEVICE/Target/usbd_conf.o
                0x0800a4ba                USBD_LL_CloseEP
 .text.USBD_LL_StallEP
                0x0800a4f8       0x3e ./USB_DEVICE/Target/usbd_conf.o
                0x0800a4f8                USBD_LL_StallEP
 .text.USBD_LL_ClearStallEP
                0x0800a536       0x3e ./USB_DEVICE/Target/usbd_conf.o
                0x0800a536                USBD_LL_ClearStallEP
 .text.USBD_LL_IsStallEP
                0x0800a574       0x58 ./USB_DEVICE/Target/usbd_conf.o
                0x0800a574                USBD_LL_IsStallEP
 .text.USBD_LL_SetUSBAddress
                0x0800a5cc       0x3e ./USB_DEVICE/Target/usbd_conf.o
                0x0800a5cc                USBD_LL_SetUSBAddress
 .text.USBD_LL_Transmit
                0x0800a60a       0x42 ./USB_DEVICE/Target/usbd_conf.o
                0x0800a60a                USBD_LL_Transmit
 .text.USBD_LL_PrepareReceive
                0x0800a64c       0x42 ./USB_DEVICE/Target/usbd_conf.o
                0x0800a64c                USBD_LL_PrepareReceive
 *fill*         0x0800a68e        0x2 
 .text.USBD_static_malloc
                0x0800a690       0x1c ./USB_DEVICE/Target/usbd_conf.o
                0x0800a690                USBD_static_malloc
 .text.USBD_static_free
                0x0800a6ac       0x14 ./USB_DEVICE/Target/usbd_conf.o
                0x0800a6ac                USBD_static_free
 .text.USBD_Get_USB_Status
                0x0800a6c0       0x58 ./USB_DEVICE/Target/usbd_conf.o
                0x0800a6c0                USBD_Get_USB_Status
 .text.SetupDRV8301
                0x0800a718       0x20 ./UserExtensions/Src/DRV8301.o
                0x0800a718                SetupDRV8301
 .text.drv8301_build_ctrl_word
                0x0800a738       0x48 ./UserExtensions/Src/DRV8301.o
 .text.drv8301_init
                0x0800a780       0x30 ./UserExtensions/Src/DRV8301.o
                0x0800a780                drv8301_init
 .text.drv8301_write_reg
                0x0800a7b0       0x68 ./UserExtensions/Src/DRV8301.o
                0x0800a7b0                drv8301_write_reg
 .text.drv8301_read_reg
                0x0800a818       0xc8 ./UserExtensions/Src/DRV8301.o
                0x0800a818                drv8301_read_reg
 .text.find_free_effect
                0x0800a8e0       0x5c ./UserExtensions/Src/ForceFeedback.o
                0x0800a8e0                find_free_effect
 .text.create_new_effect
                0x0800a93c       0xb4 ./UserExtensions/Src/ForceFeedback.o
                0x0800a93c                create_new_effect
 .text.process_set_constant_force
                0x0800a9f0       0x50 ./UserExtensions/Src/ForceFeedback.o
                0x0800a9f0                process_set_constant_force
 .text.process_set_effect
                0x0800aa40       0x88 ./UserExtensions/Src/ForceFeedback.o
                0x0800aa40                process_set_effect
 .text.process_set_condition
                0x0800aac8       0xe4 ./UserExtensions/Src/ForceFeedback.o
                0x0800aac8                process_set_condition
 .text.stop_all_effects
                0x0800abac       0x3c ./UserExtensions/Src/ForceFeedback.o
                0x0800abac                stop_all_effects
 .text.reset_all_effects
                0x0800abe8       0x18 ./UserExtensions/Src/ForceFeedback.o
                0x0800abe8                reset_all_effects
 .text.pause_all_effects
                0x0800ac00       0x18 ./UserExtensions/Src/ForceFeedback.o
                0x0800ac00                pause_all_effects
 .text.resume_effects
                0x0800ac18       0x18 ./UserExtensions/Src/ForceFeedback.o
                0x0800ac18                resume_effects
 .text.handle_ffb_control
                0x0800ac30       0x70 ./UserExtensions/Src/ForceFeedback.o
                0x0800ac30                handle_ffb_control
 .text.set_global_gain
                0x0800aca0       0x24 ./UserExtensions/Src/ForceFeedback.o
                0x0800aca0                set_global_gain
 .text.free_effect
                0x0800acc4       0x38 ./UserExtensions/Src/ForceFeedback.o
                0x0800acc4                free_effect
 .text.SetupMotor
                0x0800acfc      0x100 ./UserExtensions/Src/MotorControl.o
                0x0800acfc                SetupMotor
 .text.MotorControl
                0x0800adfc      0x204 ./UserExtensions/Src/MotorControl.o
                0x0800adfc                MotorControl
 .text.FilterADC
                0x0800b000       0x70 ./UserExtensions/Src/Pedals.o
                0x0800b000                FilterADC
 .text.UpdatePedals
                0x0800b070       0xdc ./UserExtensions/Src/Pedals.o
                0x0800b070                UpdatePedals
 .text.HAL_GPIO_EXTI_Callback
                0x0800b14c       0x44 ./UserExtensions/Src/Wheel.o
                0x0800b14c                HAL_GPIO_EXTI_Callback
 .text.StartEncoder
                0x0800b190       0x14 ./UserExtensions/Src/Wheel.o
                0x0800b190                StartEncoder
 .text.UpdateWheel
                0x0800b1a4       0x34 ./UserExtensions/Src/Wheel.o
                0x0800b1a4                UpdateWheel
 .text.sqrtf    0x0800b1d8       0x3c C:/ST/STM32CubeIDE_1.18.0/STM32CubeIDE/plugins/com.st.stm32cube.ide.mcu.externaltools.gnu-tools-for-stm32.13.3.rel1.win32_1.0.0.202411081344/tools/bin/../lib/gcc/arm-none-eabi/13.3.1/../../../../arm-none-eabi/lib/thumb/v7e-m+fp/hard\libm.a(libm_a-wf_sqrt.o)
                0x0800b1d8                sqrtf
 .text.sinf     0x0800b214       0x8c C:/ST/STM32CubeIDE_1.18.0/STM32CubeIDE/plugins/com.st.stm32cube.ide.mcu.externaltools.gnu-tools-for-stm32.13.3.rel1.win32_1.0.0.202411081344/tools/bin/../lib/gcc/arm-none-eabi/13.3.1/../../../../arm-none-eabi/lib/thumb/v7e-m+fp/hard\libm.a(libm_a-sf_sin.o)
                0x0800b214                sinf
 .text.__ieee754_sqrtf
                0x0800b2a0        0x6 C:/ST/STM32CubeIDE_1.18.0/STM32CubeIDE/plugins/com.st.stm32cube.ide.mcu.externaltools.gnu-tools-for-stm32.13.3.rel1.win32_1.0.0.202411081344/tools/bin/../lib/gcc/arm-none-eabi/13.3.1/../../../../arm-none-eabi/lib/thumb/v7e-m+fp/hard\libm.a(libm_a-ef_sqrt.o)
                0x0800b2a0                __ieee754_sqrtf
 *fill*         0x0800b2a6        0x2 
 .text.__kernel_cosf
                0x0800b2a8       0xb0 C:/ST/STM32CubeIDE_1.18.0/STM32CubeIDE/plugins/com.st.stm32cube.ide.mcu.externaltools.gnu-tools-for-stm32.13.3.rel1.win32_1.0.0.202411081344/tools/bin/../lib/gcc/arm-none-eabi/13.3.1/../../../../arm-none-eabi/lib/thumb/v7e-m+fp/hard\libm.a(libm_a-kf_cos.o)
                0x0800b2a8                __kernel_cosf
 .text.__kernel_sinf
                0x0800b358       0x90 C:/ST/STM32CubeIDE_1.18.0/STM32CubeIDE/plugins/com.st.stm32cube.ide.mcu.externaltools.gnu-tools-for-stm32.13.3.rel1.win32_1.0.0.202411081344/tools/bin/../lib/gcc/arm-none-eabi/13.3.1/../../../../arm-none-eabi/lib/thumb/v7e-m+fp/hard\libm.a(libm_a-kf_sin.o)
                0x0800b358                __kernel_sinf
 .text.__ieee754_rem_pio2f
                0x0800b3e8      0x260 C:/ST/STM32CubeIDE_1.18.0/STM32CubeIDE/plugins/com.st.stm32cube.ide.mcu.externaltools.gnu-tools-for-stm32.13.3.rel1.win32_1.0.0.202411081344/tools/bin/../lib/gcc/arm-none-eabi/13.3.1/../../../../arm-none-eabi/lib/thumb/v7e-m+fp/hard\libm.a(libm_a-ef_rem_pio2.o)
                0x0800b3e8                __ieee754_rem_pio2f
 .text.fabsf    0x0800b648        0xe C:/ST/STM32CubeIDE_1.18.0/STM32CubeIDE/plugins/com.st.stm32cube.ide.mcu.externaltools.gnu-tools-for-stm32.13.3.rel1.win32_1.0.0.202411081344/tools/bin/../lib/gcc/arm-none-eabi/13.3.1/../../../../arm-none-eabi/lib/thumb/v7e-m+fp/hard\libm.a(libm_a-sf_fabs.o)
                0x0800b648                fabsf
 *fill*         0x0800b656        0x2 
 .text.__kernel_rem_pio2f
                0x0800b658      0x4d0 C:/ST/STM32CubeIDE_1.18.0/STM32CubeIDE/plugins/com.st.stm32cube.ide.mcu.externaltools.gnu-tools-for-stm32.13.3.rel1.win32_1.0.0.202411081344/tools/bin/../lib/gcc/arm-none-eabi/13.3.1/../../../../arm-none-eabi/lib/thumb/v7e-m+fp/hard\libm.a(libm_a-kf_rem_pio2.o)
                0x0800b658                __kernel_rem_pio2f
 .text.scalbnf  0x0800bb28       0xcc C:/ST/STM32CubeIDE_1.18.0/STM32CubeIDE/plugins/com.st.stm32cube.ide.mcu.externaltools.gnu-tools-for-stm32.13.3.rel1.win32_1.0.0.202411081344/tools/bin/../lib/gcc/arm-none-eabi/13.3.1/../../../../arm-none-eabi/lib/thumb/v7e-m+fp/hard\libm.a(libm_a-sf_scalbn.o)
                0x0800bb28                scalbnf
 .text.floorf   0x0800bbf4       0x88 C:/ST/STM32CubeIDE_1.18.0/STM32CubeIDE/plugins/com.st.stm32cube.ide.mcu.externaltools.gnu-tools-for-stm32.13.3.rel1.win32_1.0.0.202411081344/tools/bin/../lib/gcc/arm-none-eabi/13.3.1/../../../../arm-none-eabi/lib/thumb/v7e-m+fp/hard\libm.a(libm_a-sf_floor.o)
                0x0800bbf4                floorf
 .text.memset   0x0800bc7c       0x10 C:/ST/STM32CubeIDE_1.18.0/STM32CubeIDE/plugins/com.st.stm32cube.ide.mcu.externaltools.gnu-tools-for-stm32.13.3.rel1.win32_1.0.0.202411081344/tools/bin/../lib/gcc/arm-none-eabi/13.3.1/../../../../arm-none-eabi/lib/thumb/v7e-m+fp/hard\libc_nano.a(libc_a-memset.o)
                0x0800bc7c                memset
 .text.__errno  0x0800bc8c        0xc C:/ST/STM32CubeIDE_1.18.0/STM32CubeIDE/plugins/com.st.stm32cube.ide.mcu.externaltools.gnu-tools-for-stm32.13.3.rel1.win32_1.0.0.202411081344/tools/bin/../lib/gcc/arm-none-eabi/13.3.1/../../../../arm-none-eabi/lib/thumb/v7e-m+fp/hard\libc_nano.a(libc_a-errno.o)
                0x0800bc8c                __errno
 .text.__libc_init_array
                0x0800bc98       0x48 C:/ST/STM32CubeIDE_1.18.0/STM32CubeIDE/plugins/com.st.stm32cube.ide.mcu.externaltools.gnu-tools-for-stm32.13.3.rel1.win32_1.0.0.202411081344/tools/bin/../lib/gcc/arm-none-eabi/13.3.1/../../../../arm-none-eabi/lib/thumb/v7e-m+fp/hard\libc_nano.a(libc_a-init.o)
                0x0800bc98                __libc_init_array
 *(.glue_7)
 .glue_7        0x0800bce0        0x0 linker stubs
 *(.glue_7t)
 .glue_7t       0x0800bce0        0x0 linker stubs
 *(.eh_frame)
 .eh_frame      0x0800bce0        0x0 C:/ST/STM32CubeIDE_1.18.0/STM32CubeIDE/plugins/com.st.stm32cube.ide.mcu.externaltools.gnu-tools-for-stm32.13.3.rel1.win32_1.0.0.202411081344/tools/bin/../lib/gcc/arm-none-eabi/13.3.1/thumb/v7e-m+fp/hard/crtbegin.o
 *(.init)
 .init          0x0800bce0        0x4 C:/ST/STM32CubeIDE_1.18.0/STM32CubeIDE/plugins/com.st.stm32cube.ide.mcu.externaltools.gnu-tools-for-stm32.13.3.rel1.win32_1.0.0.202411081344/tools/bin/../lib/gcc/arm-none-eabi/13.3.1/thumb/v7e-m+fp/hard/crti.o
                0x0800bce0                _init
 .init          0x0800bce4        0x8 C:/ST/STM32CubeIDE_1.18.0/STM32CubeIDE/plugins/com.st.stm32cube.ide.mcu.externaltools.gnu-tools-for-stm32.13.3.rel1.win32_1.0.0.202411081344/tools/bin/../lib/gcc/arm-none-eabi/13.3.1/thumb/v7e-m+fp/hard/crtn.o
 *(.fini)
 .fini          0x0800bcec        0x4 C:/ST/STM32CubeIDE_1.18.0/STM32CubeIDE/plugins/com.st.stm32cube.ide.mcu.externaltools.gnu-tools-for-stm32.13.3.rel1.win32_1.0.0.202411081344/tools/bin/../lib/gcc/arm-none-eabi/13.3.1/thumb/v7e-m+fp/hard/crti.o
                0x0800bcec                _fini
 .fini          0x0800bcf0        0x8 C:/ST/STM32CubeIDE_1.18.0/STM32CubeIDE/plugins/com.st.stm32cube.ide.mcu.externaltools.gnu-tools-for-stm32.13.3.rel1.win32_1.0.0.202411081344/tools/bin/../lib/gcc/arm-none-eabi/13.3.1/thumb/v7e-m+fp/hard/crtn.o
                0x0800bcf8                        . = ALIGN (0x4)
                0x0800bcf8                        _etext = .

.vfp11_veneer   0x0800bcf8        0x0
 .vfp11_veneer  0x0800bcf8        0x0 linker stubs

.v4_bx          0x0800bcf8        0x0
 .v4_bx         0x0800bcf8        0x0 linker stubs

.iplt           0x0800bcf8        0x0
 .iplt          0x0800bcf8        0x0 C:/ST/STM32CubeIDE_1.18.0/STM32CubeIDE/plugins/com.st.stm32cube.ide.mcu.externaltools.gnu-tools-for-stm32.13.3.rel1.win32_1.0.0.202411081344/tools/bin/../lib/gcc/arm-none-eabi/13.3.1/thumb/v7e-m+fp/hard/crtbegin.o

.rodata         0x0800bcf8      0x448
                0x0800bcf8                        . = ALIGN (0x4)
 *(.rodata)
 .rodata        0x0800bcf8       0x5d ./USB_DEVICE/App/usbd_desc.o
 *(.rodata*)
 *fill*         0x0800bd55        0x3 
 .rodata.AHBPrescTable
                0x0800bd58       0x10 ./Core/Src/system_stm32f4xx.o
                0x0800bd58                AHBPrescTable
 .rodata.flagBitshiftOffset.0
                0x0800bd68        0x8 ./Drivers/STM32F4xx_HAL_Driver/Src/stm32f4xx_hal_dma.o
 .rodata.npio2_hw
                0x0800bd70       0x80 C:/ST/STM32CubeIDE_1.18.0/STM32CubeIDE/plugins/com.st.stm32cube.ide.mcu.externaltools.gnu-tools-for-stm32.13.3.rel1.win32_1.0.0.202411081344/tools/bin/../lib/gcc/arm-none-eabi/13.3.1/../../../../arm-none-eabi/lib/thumb/v7e-m+fp/hard\libm.a(libm_a-ef_rem_pio2.o)
 .rodata.two_over_pi
                0x0800bdf0      0x318 C:/ST/STM32CubeIDE_1.18.0/STM32CubeIDE/plugins/com.st.stm32cube.ide.mcu.externaltools.gnu-tools-for-stm32.13.3.rel1.win32_1.0.0.202411081344/tools/bin/../lib/gcc/arm-none-eabi/13.3.1/../../../../arm-none-eabi/lib/thumb/v7e-m+fp/hard\libm.a(libm_a-ef_rem_pio2.o)
 .rodata.PIo2   0x0800c108       0x2c C:/ST/STM32CubeIDE_1.18.0/STM32CubeIDE/plugins/com.st.stm32cube.ide.mcu.externaltools.gnu-tools-for-stm32.13.3.rel1.win32_1.0.0.202411081344/tools/bin/../lib/gcc/arm-none-eabi/13.3.1/../../../../arm-none-eabi/lib/thumb/v7e-m+fp/hard\libm.a(libm_a-kf_rem_pio2.o)
 .rodata.init_jk
                0x0800c134        0xc C:/ST/STM32CubeIDE_1.18.0/STM32CubeIDE/plugins/com.st.stm32cube.ide.mcu.externaltools.gnu-tools-for-stm32.13.3.rel1.win32_1.0.0.202411081344/tools/bin/../lib/gcc/arm-none-eabi/13.3.1/../../../../arm-none-eabi/lib/thumb/v7e-m+fp/hard\libm.a(libm_a-kf_rem_pio2.o)
                0x0800c140                        . = ALIGN (0x4)

.ARM.extab      0x0800c140        0x0
                0x0800c140                        . = ALIGN (0x4)
 *(.ARM.extab* .gnu.linkonce.armextab.*)
                0x0800c140                        . = ALIGN (0x4)

.ARM            0x0800c140        0x8
                0x0800c140                        . = ALIGN (0x4)
                0x0800c140                        __exidx_start = .
 *(.ARM.exidx*)
 .ARM.exidx     0x0800c140        0x8 C:/ST/STM32CubeIDE_1.18.0/STM32CubeIDE/plugins/com.st.stm32cube.ide.mcu.externaltools.gnu-tools-for-stm32.13.3.rel1.win32_1.0.0.202411081344/tools/bin/../lib/gcc/arm-none-eabi/13.3.1/thumb/v7e-m+fp/hard\libgcc.a(_udivmoddi4.o)
                0x0800c148                        __exidx_end = .
                0x0800c148                        . = ALIGN (0x4)

.preinit_array  0x0800c148        0x0
                0x0800c148                        . = ALIGN (0x4)
                0x0800c148                        PROVIDE (__preinit_array_start = .)
 *(.preinit_array*)
                0x0800c148                        PROVIDE (__preinit_array_end = .)
                0x0800c148                        . = ALIGN (0x4)

.init_array     0x0800c148        0x4
                0x0800c148                        . = ALIGN (0x4)
                0x0800c148                        PROVIDE (__init_array_start = .)
 *(SORT_BY_NAME(.init_array.*))
 *(.init_array*)
 .init_array    0x0800c148        0x4 C:/ST/STM32CubeIDE_1.18.0/STM32CubeIDE/plugins/com.st.stm32cube.ide.mcu.externaltools.gnu-tools-for-stm32.13.3.rel1.win32_1.0.0.202411081344/tools/bin/../lib/gcc/arm-none-eabi/13.3.1/thumb/v7e-m+fp/hard/crtbegin.o
                0x0800c14c                        PROVIDE (__init_array_end = .)
                0x0800c14c                        . = ALIGN (0x4)

.fini_array     0x0800c14c        0x4
                0x0800c14c                        . = ALIGN (0x4)
                [!provide]                        PROVIDE (__fini_array_start = .)
 *(SORT_BY_NAME(.fini_array.*))
 *(.fini_array*)
 .fini_array    0x0800c14c        0x4 C:/ST/STM32CubeIDE_1.18.0/STM32CubeIDE/plugins/com.st.stm32cube.ide.mcu.externaltools.gnu-tools-for-stm32.13.3.rel1.win32_1.0.0.202411081344/tools/bin/../lib/gcc/arm-none-eabi/13.3.1/thumb/v7e-m+fp/hard/crtbegin.o
                [!provide]                        PROVIDE (__fini_array_end = .)
                0x0800c150                        . = ALIGN (0x4)
                0x0800c150                        _sidata = LOADADDR (.data)

.rel.dyn        0x0800c150        0x0
 .rel.iplt      0x0800c150        0x0 C:/ST/STM32CubeIDE_1.18.0/STM32CubeIDE/plugins/com.st.stm32cube.ide.mcu.externaltools.gnu-tools-for-stm32.13.3.rel1.win32_1.0.0.202411081344/tools/bin/../lib/gcc/arm-none-eabi/13.3.1/thumb/v7e-m+fp/hard/crtbegin.o

.data           0x20000000      0x588 load address 0x0800c150
                0x20000000                        . = ALIGN (0x4)
                0x20000000                        _sdata = .
 *(.data)
 *(.data*)
 .data.SystemCoreClock
                0x20000000        0x4 ./Core/Src/system_stm32f4xx.o
                0x20000000                SystemCoreClock
 .data.uwTickPrio
                0x20000004        0x4 ./Drivers/STM32F4xx_HAL_Driver/Src/stm32f4xx_hal.o
                0x20000004                uwTickPrio
 .data.uwTickFreq
                0x20000008        0x1 ./Drivers/STM32F4xx_HAL_Driver/Src/stm32f4xx_hal.o
                0x20000008                uwTickFreq
 *fill*         0x20000009        0x3 
 .data.USBD_CUSTOM_HID
                0x2000000c       0x38 ./Middlewares/ST/STM32_USB_Device_Library/Class/CustomHID/Src/usbd_customhid.o
                0x2000000c                USBD_CUSTOM_HID
 .data.USBD_CUSTOM_HID_CfgDesc
                0x20000044       0x29 ./Middlewares/ST/STM32_USB_Device_Library/Class/CustomHID/Src/usbd_customhid.o
 *fill*         0x2000006d        0x3 
 .data.USBD_CUSTOM_HID_Desc
                0x20000070        0x9 ./Middlewares/ST/STM32_USB_Device_Library/Class/CustomHID/Src/usbd_customhid.o
 *fill*         0x20000079        0x3 
 .data.USBD_CUSTOM_HID_DeviceQualifierDesc
                0x2000007c        0xa ./Middlewares/ST/STM32_USB_Device_Library/Class/CustomHID/Src/usbd_customhid.o
 .data.CUSTOMHIDInEpAdd
                0x20000086        0x1 ./Middlewares/ST/STM32_USB_Device_Library/Class/CustomHID/Src/usbd_customhid.o
 .data.CUSTOMHIDOutEpAdd
                0x20000087        0x1 ./Middlewares/ST/STM32_USB_Device_Library/Class/CustomHID/Src/usbd_customhid.o
 .data.CUSTOM_HID_ReportDesc_FS
                0x20000088      0x43d ./USB_DEVICE/App/usbd_custom_hid_if.o
 *fill*         0x200004c5        0x3 
 .data.USBD_CustomHID_fops_FS
                0x200004c8       0x14 ./USB_DEVICE/App/usbd_custom_hid_if.o
                0x200004c8                USBD_CustomHID_fops_FS
 .data.poolReport.0
                0x200004dc        0x5 ./USB_DEVICE/App/usbd_custom_hid_if.o
 *fill*         0x200004e1        0x3 
 .data.FS_Desc  0x200004e4       0x1c ./USB_DEVICE/App/usbd_desc.o
                0x200004e4                FS_Desc
 .data.USBD_FS_DeviceDesc
                0x20000500       0x12 ./USB_DEVICE/App/usbd_desc.o
                0x20000500                USBD_FS_DeviceDesc
 *fill*         0x20000512        0x2 
 .data.USBD_LangIDDesc
                0x20000514        0x4 ./USB_DEVICE/App/usbd_desc.o
                0x20000514                USBD_LangIDDesc
 .data.USBD_StringSerial
                0x20000518       0x1a ./USB_DEVICE/App/usbd_desc.o
                0x20000518                USBD_StringSerial
 .data.global_gain
                0x20000532        0x1 ./UserExtensions/Src/ForceFeedback.o
                0x20000532                global_gain
 *fill*         0x20000533        0x1 
 .data.mag      0x20000534        0x4 ./UserExtensions/Src/MotorControl.o
                0x20000534                mag
 .data._impure_ptr
                0x20000538        0x4 C:/ST/STM32CubeIDE_1.18.0/STM32CubeIDE/plugins/com.st.stm32cube.ide.mcu.externaltools.gnu-tools-for-stm32.13.3.rel1.win32_1.0.0.202411081344/tools/bin/../lib/gcc/arm-none-eabi/13.3.1/../../../../arm-none-eabi/lib/thumb/v7e-m+fp/hard\libc_nano.a(libc_a-impure.o)
                0x20000538                _impure_ptr
 .data._impure_data
                0x2000053c       0x4c C:/ST/STM32CubeIDE_1.18.0/STM32CubeIDE/plugins/com.st.stm32cube.ide.mcu.externaltools.gnu-tools-for-stm32.13.3.rel1.win32_1.0.0.202411081344/tools/bin/../lib/gcc/arm-none-eabi/13.3.1/../../../../arm-none-eabi/lib/thumb/v7e-m+fp/hard\libc_nano.a(libc_a-impure.o)
                0x2000053c                _impure_data
 *(.RamFunc)
 *(.RamFunc*)
                0x20000588                        . = ALIGN (0x4)
                0x20000588                        _edata = .
                0x0800c6d8                        _siccmram = LOADADDR (.ccmram)

.igot.plt       0x20000588        0x0 load address 0x0800c6d8
 .igot.plt      0x20000588        0x0 C:/ST/STM32CubeIDE_1.18.0/STM32CubeIDE/plugins/com.st.stm32cube.ide.mcu.externaltools.gnu-tools-for-stm32.13.3.rel1.win32_1.0.0.202411081344/tools/bin/../lib/gcc/arm-none-eabi/13.3.1/thumb/v7e-m+fp/hard/crtbegin.o

.ccmram         0x10000000        0x0 load address 0x0800c6d8
                0x10000000                        . = ALIGN (0x4)
                0x10000000                        _sccmram = .
 *(.ccmram)
 *(.ccmram*)
                0x10000000                        . = ALIGN (0x4)
                0x10000000                        _eccmram = .
                0x10000000                        . = ALIGN (0x4)

.bss            0x20000588     0x18a0
                0x20000588                        _sbss = .
                0x20000588                        __bss_start__ = _sbss
 *(.bss)
 .bss           0x20000588       0x1c C:/ST/STM32CubeIDE_1.18.0/STM32CubeIDE/plugins/com.st.stm32cube.ide.mcu.externaltools.gnu-tools-for-stm32.13.3.rel1.win32_1.0.0.202411081344/tools/bin/../lib/gcc/arm-none-eabi/13.3.1/thumb/v7e-m+fp/hard/crtbegin.o
 *(.bss*)
 .bss.hadc1     0x200005a4       0x48 ./Core/Src/main.o
                0x200005a4                hadc1
 .bss.hadc2     0x200005ec       0x48 ./Core/Src/main.o
                0x200005ec                hadc2
 .bss.hadc3     0x20000634       0x48 ./Core/Src/main.o
                0x20000634                hadc3
 .bss.hdma_adc1
                0x2000067c       0x60 ./Core/Src/main.o
                0x2000067c                hdma_adc1
 .bss.hdma_adc2
                0x200006dc       0x60 ./Core/Src/main.o
                0x200006dc                hdma_adc2
 .bss.hdma_adc3
                0x2000073c       0x60 ./Core/Src/main.o
                0x2000073c                hdma_adc3
 .bss.hspi3     0x2000079c       0x58 ./Core/Src/main.o
                0x2000079c                hspi3
 .bss.htim1     0x200007f4       0x48 ./Core/Src/main.o
                0x200007f4                htim1
 .bss.htim2     0x2000083c       0x48 ./Core/Src/main.o
                0x2000083c                htim2
 .bss.htim3     0x20000884       0x48 ./Core/Src/main.o
                0x20000884                htim3
 .bss.reportContainer
                0x200008cc       0x19 ./Core/Src/main.o
                0x200008cc                reportContainer
 *fill*         0x200008e5        0x1 
 .bss.adc1_dma_val
                0x200008e6        0x2 ./Core/Src/main.o
                0x200008e6                adc1_dma_val
 .bss.adc2_dma_val
                0x200008e8        0x2 ./Core/Src/main.o
                0x200008e8                adc2_dma_val
 *fill*         0x200008ea        0x2 
 .bss.adc3_buffer
                0x200008ec        0x6 ./Core/Src/main.o
                0x200008ec                adc3_buffer
 .bss.drv_ctrl2
                0x200008f2        0x2 ./Core/Src/main.o
                0x200008f2                drv_ctrl2
 .bss.uwTick    0x200008f4        0x4 ./Drivers/STM32F4xx_HAL_Driver/Src/stm32f4xx_hal.o
                0x200008f4                uwTick
 .bss.cfgidx.0  0x200008f8        0x1 ./Middlewares/ST/STM32_USB_Device_Library/Core/Src/usbd_ctlreq.o
 *fill*         0x200008f9        0x3 
 .bss.hUsbDeviceFS
                0x200008fc      0x2dc ./USB_DEVICE/App/usb_device.o
                0x200008fc                hUsbDeviceFS
 .bss.g_hhid    0x20000bd8        0x4 ./USB_DEVICE/App/usbd_custom_hid_if.o
                0x20000bd8                g_hhid
 .bss.reportBuffer.1
                0x20000bdc        0x5 ./USB_DEVICE/App/usbd_custom_hid_if.o
 *fill*         0x20000be1        0x3 
 .bss.USBD_StrDesc
                0x20000be4      0x200 ./USB_DEVICE/App/usbd_desc.o
                0x20000be4                USBD_StrDesc
 .bss.hpcd_USB_OTG_FS
                0x20000de4      0x4e4 ./USB_DEVICE/Target/usbd_conf.o
                0x20000de4                hpcd_USB_OTG_FS
 .bss.mem.0     0x200012c8       0x58 ./USB_DEVICE/Target/usbd_conf.o
 .bss.effects   0x20001320      0x960 ./UserExtensions/Src/ForceFeedback.o
                0x20001320                effects
 .bss.blockLoadReport
                0x20001c80        0x5 ./UserExtensions/Src/ForceFeedback.o
                0x20001c80                blockLoadReport
 .bss.ffb_active
                0x20001c85        0x1 ./UserExtensions/Src/ForceFeedback.o
                0x20001c85                ffb_active
 *fill*         0x20001c86        0x2 
 .bss.ph        0x20001c88        0x4 ./UserExtensions/Src/MotorControl.o
                0x20001c88                ph
 .bss.C         0x20001c8c        0x4 ./UserExtensions/Src/MotorControl.o
                0x20001c8c                C
 .bss.c0        0x20001c90        0x4 ./UserExtensions/Src/MotorControl.o
                0x20001c90                c0
 .bss.c1        0x20001c94        0x4 ./UserExtensions/Src/MotorControl.o
                0x20001c94                c1
 .bss.c2        0x20001c98        0x4 ./UserExtensions/Src/MotorControl.o
                0x20001c98                c2
 .bss.C0        0x20001c9c        0x4 ./UserExtensions/Src/MotorControl.o
                0x20001c9c                C0
 .bss.C1        0x20001ca0        0x4 ./UserExtensions/Src/MotorControl.o
                0x20001ca0                C1
 .bss.clutchBuffer
                0x20001ca4       0x10 ./UserExtensions/Src/Pedals.o
                0x20001ca4                clutchBuffer
 .bss.clutchIndex
                0x20001cb4        0x1 ./UserExtensions/Src/Pedals.o
                0x20001cb4                clutchIndex
 *fill*         0x20001cb5        0x1 
 .bss.rawClutch
                0x20001cb6        0x2 ./UserExtensions/Src/Pedals.o
                0x20001cb6                rawClutch
 .bss.clutch    0x20001cb8        0x2 ./UserExtensions/Src/Pedals.o
                0x20001cb8                clutch
 *fill*         0x20001cba        0x2 
 .bss.brakeBuffer
                0x20001cbc       0x10 ./UserExtensions/Src/Pedals.o
                0x20001cbc                brakeBuffer
 .bss.brakeIndex
                0x20001ccc        0x1 ./UserExtensions/Src/Pedals.o
                0x20001ccc                brakeIndex
 *fill*         0x20001ccd        0x1 
 .bss.rawBrake  0x20001cce        0x2 ./UserExtensions/Src/Pedals.o
                0x20001cce                rawBrake
 .bss.brake     0x20001cd0        0x2 ./UserExtensions/Src/Pedals.o
                0x20001cd0                brake
 *fill*         0x20001cd2        0x2 
 .bss.throttleBuffer
                0x20001cd4       0x10 ./UserExtensions/Src/Pedals.o
                0x20001cd4                throttleBuffer
 .bss.throttleIndex
                0x20001ce4        0x1 ./UserExtensions/Src/Pedals.o
                0x20001ce4                throttleIndex
 *fill*         0x20001ce5        0x1 
 .bss.rawThrottle
                0x20001ce6        0x2 ./UserExtensions/Src/Pedals.o
                0x20001ce6                rawThrottle
 .bss.throttle  0x20001ce8        0x2 ./UserExtensions/Src/Pedals.o
                0x20001ce8                throttle
 .bss.zeroLearned
                0x20001cea        0x1 ./UserExtensions/Src/Wheel.o
                0x20001cea                zeroLearned
 *fill*         0x20001ceb        0x1 
 .bss.readValue
                0x20001cec        0x2 ./UserExtensions/Src/Wheel.o
                0x20001cec                readValue
 *fill*         0x20001cee        0x2 
 .bss.__sf      0x20001cf0      0x138 C:/ST/STM32CubeIDE_1.18.0/STM32CubeIDE/plugins/com.st.stm32cube.ide.mcu.externaltools.gnu-tools-for-stm32.13.3.rel1.win32_1.0.0.202411081344/tools/bin/../lib/gcc/arm-none-eabi/13.3.1/../../../../arm-none-eabi/lib/thumb/v7e-m+fp/hard\libc_nano.a(libc_a-findfp.o)
                0x20001cf0                __sf
 *(COMMON)
                0x20001e28                        . = ALIGN (0x4)
                0x20001e28                        _ebss = .
                0x20001e28                        __bss_end__ = _ebss

._user_heap_stack
                0x20001e28      0x600
                0x20001e28                        . = ALIGN (0x8)
                [!provide]                        PROVIDE (end = .)
                0x20001e28                        PROVIDE (_end = .)
                0x20002028                        . = (. + _Min_Heap_Size)
 *fill*         0x20001e28      0x200 
                0x20002428                        . = (. + _Min_Stack_Size)
 *fill*         0x20002028      0x400 
                0x20002428                        . = ALIGN (0x8)

/DISCARD/
 libc.a(*)
 libm.a(*)
 libgcc.a(*)

.ARM.attributes
                0x00000000       0x30
 *(.ARM.attributes)
 .ARM.attributes
                0x00000000       0x22 C:/ST/STM32CubeIDE_1.18.0/STM32CubeIDE/plugins/com.st.stm32cube.ide.mcu.externaltools.gnu-tools-for-stm32.13.3.rel1.win32_1.0.0.202411081344/tools/bin/../lib/gcc/arm-none-eabi/13.3.1/thumb/v7e-m+fp/hard/crti.o
 .ARM.attributes
                0x00000022       0x34 C:/ST/STM32CubeIDE_1.18.0/STM32CubeIDE/plugins/com.st.stm32cube.ide.mcu.externaltools.gnu-tools-for-stm32.13.3.rel1.win32_1.0.0.202411081344/tools/bin/../lib/gcc/arm-none-eabi/13.3.1/thumb/v7e-m+fp/hard/crtbegin.o
 .ARM.attributes
                0x00000056       0x34 ./Core/Src/main.o
 .ARM.attributes
                0x0000008a       0x34 ./Core/Src/stm32f4xx_hal_msp.o
 .ARM.attributes
                0x000000be       0x34 ./Core/Src/stm32f4xx_it.o
 .ARM.attributes
                0x000000f2       0x34 ./Core/Src/system_stm32f4xx.o
 .ARM.attributes
                0x00000126       0x21 ./Core/Startup/startup_stm32f405rgtx.o
 .ARM.attributes
                0x00000147       0x34 ./Drivers/STM32F4xx_HAL_Driver/Src/stm32f4xx_hal.o
 .ARM.attributes
                0x0000017b       0x34 ./Drivers/STM32F4xx_HAL_Driver/Src/stm32f4xx_hal_adc.o
 .ARM.attributes
                0x000001af       0x34 ./Drivers/STM32F4xx_HAL_Driver/Src/stm32f4xx_hal_cortex.o
 .ARM.attributes
                0x000001e3       0x34 ./Drivers/STM32F4xx_HAL_Driver/Src/stm32f4xx_hal_dma.o
 .ARM.attributes
                0x00000217       0x34 ./Drivers/STM32F4xx_HAL_Driver/Src/stm32f4xx_hal_gpio.o
 .ARM.attributes
                0x0000024b       0x34 ./Drivers/STM32F4xx_HAL_Driver/Src/stm32f4xx_hal_pcd.o
 .ARM.attributes
                0x0000027f       0x34 ./Drivers/STM32F4xx_HAL_Driver/Src/stm32f4xx_hal_pcd_ex.o
 .ARM.attributes
                0x000002b3       0x34 ./Drivers/STM32F4xx_HAL_Driver/Src/stm32f4xx_hal_rcc.o
 .ARM.attributes
                0x000002e7       0x34 ./Drivers/STM32F4xx_HAL_Driver/Src/stm32f4xx_hal_spi.o
 .ARM.attributes
                0x0000031b       0x34 ./Drivers/STM32F4xx_HAL_Driver/Src/stm32f4xx_hal_tim.o
 .ARM.attributes
                0x0000034f       0x34 ./Drivers/STM32F4xx_HAL_Driver/Src/stm32f4xx_hal_tim_ex.o
 .ARM.attributes
                0x00000383       0x34 ./Drivers/STM32F4xx_HAL_Driver/Src/stm32f4xx_ll_usb.o
 .ARM.attributes
                0x000003b7       0x34 ./Middlewares/ST/STM32_USB_Device_Library/Class/CustomHID/Src/usbd_customhid.o
 .ARM.attributes
                0x000003eb       0x34 ./Middlewares/ST/STM32_USB_Device_Library/Core/Src/usbd_core.o
 .ARM.attributes
                0x0000041f       0x34 ./Middlewares/ST/STM32_USB_Device_Library/Core/Src/usbd_ctlreq.o
 .ARM.attributes
                0x00000453       0x34 ./Middlewares/ST/STM32_USB_Device_Library/Core/Src/usbd_ioreq.o
 .ARM.attributes
                0x00000487       0x34 ./USB_DEVICE/App/usb_device.o
 .ARM.attributes
                0x000004bb       0x34 ./USB_DEVICE/App/usbd_custom_hid_if.o
 .ARM.attributes
                0x000004ef       0x34 ./USB_DEVICE/App/usbd_desc.o
 .ARM.attributes
                0x00000523       0x34 ./USB_DEVICE/Target/usbd_conf.o
 .ARM.attributes
                0x00000557       0x34 ./UserExtensions/Src/DRV8301.o
 .ARM.attributes
                0x0000058b       0x34 ./UserExtensions/Src/ForceFeedback.o
 .ARM.attributes
                0x000005bf       0x34 ./UserExtensions/Src/MotorControl.o
 .ARM.attributes
                0x000005f3       0x34 ./UserExtensions/Src/Pedals.o
 .ARM.attributes
                0x00000627       0x34 ./UserExtensions/Src/Wheel.o
 .ARM.attributes
                0x0000065b       0x34 C:/ST/STM32CubeIDE_1.18.0/STM32CubeIDE/plugins/com.st.stm32cube.ide.mcu.externaltools.gnu-tools-for-stm32.13.3.rel1.win32_1.0.0.202411081344/tools/bin/../lib/gcc/arm-none-eabi/13.3.1/../../../../arm-none-eabi/lib/thumb/v7e-m+fp/hard\libm.a(libm_a-wf_sqrt.o)
 .ARM.attributes
                0x0000068f       0x34 C:/ST/STM32CubeIDE_1.18.0/STM32CubeIDE/plugins/com.st.stm32cube.ide.mcu.externaltools.gnu-tools-for-stm32.13.3.rel1.win32_1.0.0.202411081344/tools/bin/../lib/gcc/arm-none-eabi/13.3.1/../../../../arm-none-eabi/lib/thumb/v7e-m+fp/hard\libm.a(libm_a-sf_sin.o)
 .ARM.attributes
                0x000006c3       0x34 C:/ST/STM32CubeIDE_1.18.0/STM32CubeIDE/plugins/com.st.stm32cube.ide.mcu.externaltools.gnu-tools-for-stm32.13.3.rel1.win32_1.0.0.202411081344/tools/bin/../lib/gcc/arm-none-eabi/13.3.1/../../../../arm-none-eabi/lib/thumb/v7e-m+fp/hard\libm.a(libm_a-ef_sqrt.o)
 .ARM.attributes
                0x000006f7       0x34 C:/ST/STM32CubeIDE_1.18.0/STM32CubeIDE/plugins/com.st.stm32cube.ide.mcu.externaltools.gnu-tools-for-stm32.13.3.rel1.win32_1.0.0.202411081344/tools/bin/../lib/gcc/arm-none-eabi/13.3.1/../../../../arm-none-eabi/lib/thumb/v7e-m+fp/hard\libm.a(libm_a-kf_cos.o)
 .ARM.attributes
                0x0000072b       0x34 C:/ST/STM32CubeIDE_1.18.0/STM32CubeIDE/plugins/com.st.stm32cube.ide.mcu.externaltools.gnu-tools-for-stm32.13.3.rel1.win32_1.0.0.202411081344/tools/bin/../lib/gcc/arm-none-eabi/13.3.1/../../../../arm-none-eabi/lib/thumb/v7e-m+fp/hard\libm.a(libm_a-kf_sin.o)
 .ARM.attributes
                0x0000075f       0x34 C:/ST/STM32CubeIDE_1.18.0/STM32CubeIDE/plugins/com.st.stm32cube.ide.mcu.externaltools.gnu-tools-for-stm32.13.3.rel1.win32_1.0.0.202411081344/tools/bin/../lib/gcc/arm-none-eabi/13.3.1/../../../../arm-none-eabi/lib/thumb/v7e-m+fp/hard\libm.a(libm_a-ef_rem_pio2.o)
 .ARM.attributes
                0x00000793       0x34 C:/ST/STM32CubeIDE_1.18.0/STM32CubeIDE/plugins/com.st.stm32cube.ide.mcu.externaltools.gnu-tools-for-stm32.13.3.rel1.win32_1.0.0.202411081344/tools/bin/../lib/gcc/arm-none-eabi/13.3.1/../../../../arm-none-eabi/lib/thumb/v7e-m+fp/hard\libm.a(libm_a-sf_fabs.o)
 .ARM.attributes
                0x000007c7       0x34 C:/ST/STM32CubeIDE_1.18.0/STM32CubeIDE/plugins/com.st.stm32cube.ide.mcu.externaltools.gnu-tools-for-stm32.13.3.rel1.win32_1.0.0.202411081344/tools/bin/../lib/gcc/arm-none-eabi/13.3.1/../../../../arm-none-eabi/lib/thumb/v7e-m+fp/hard\libm.a(libm_a-kf_rem_pio2.o)
 .ARM.attributes
                0x000007fb       0x34 C:/ST/STM32CubeIDE_1.18.0/STM32CubeIDE/plugins/com.st.stm32cube.ide.mcu.externaltools.gnu-tools-for-stm32.13.3.rel1.win32_1.0.0.202411081344/tools/bin/../lib/gcc/arm-none-eabi/13.3.1/../../../../arm-none-eabi/lib/thumb/v7e-m+fp/hard\libm.a(libm_a-sf_scalbn.o)
 .ARM.attributes
                0x0000082f       0x34 C:/ST/STM32CubeIDE_1.18.0/STM32CubeIDE/plugins/com.st.stm32cube.ide.mcu.externaltools.gnu-tools-for-stm32.13.3.rel1.win32_1.0.0.202411081344/tools/bin/../lib/gcc/arm-none-eabi/13.3.1/../../../../arm-none-eabi/lib/thumb/v7e-m+fp/hard\libm.a(libm_a-sf_floor.o)
 .ARM.attributes
                0x00000863       0x34 C:/ST/STM32CubeIDE_1.18.0/STM32CubeIDE/plugins/com.st.stm32cube.ide.mcu.externaltools.gnu-tools-for-stm32.13.3.rel1.win32_1.0.0.202411081344/tools/bin/../lib/gcc/arm-none-eabi/13.3.1/../../../../arm-none-eabi/lib/thumb/v7e-m+fp/hard\libc_nano.a(libc_a-findfp.o)
 .ARM.attributes
                0x00000897       0x34 C:/ST/STM32CubeIDE_1.18.0/STM32CubeIDE/plugins/com.st.stm32cube.ide.mcu.externaltools.gnu-tools-for-stm32.13.3.rel1.win32_1.0.0.202411081344/tools/bin/../lib/gcc/arm-none-eabi/13.3.1/../../../../arm-none-eabi/lib/thumb/v7e-m+fp/hard\libc_nano.a(libc_a-memset.o)
 .ARM.attributes
                0x000008cb       0x34 C:/ST/STM32CubeIDE_1.18.0/STM32CubeIDE/plugins/com.st.stm32cube.ide.mcu.externaltools.gnu-tools-for-stm32.13.3.rel1.win32_1.0.0.202411081344/tools/bin/../lib/gcc/arm-none-eabi/13.3.1/../../../../arm-none-eabi/lib/thumb/v7e-m+fp/hard\libc_nano.a(libc_a-impure.o)
 .ARM.attributes
                0x000008ff       0x34 C:/ST/STM32CubeIDE_1.18.0/STM32CubeIDE/plugins/com.st.stm32cube.ide.mcu.externaltools.gnu-tools-for-stm32.13.3.rel1.win32_1.0.0.202411081344/tools/bin/../lib/gcc/arm-none-eabi/13.3.1/../../../../arm-none-eabi/lib/thumb/v7e-m+fp/hard\libc_nano.a(libc_a-errno.o)
 .ARM.attributes
                0x00000933       0x34 C:/ST/STM32CubeIDE_1.18.0/STM32CubeIDE/plugins/com.st.stm32cube.ide.mcu.externaltools.gnu-tools-for-stm32.13.3.rel1.win32_1.0.0.202411081344/tools/bin/../lib/gcc/arm-none-eabi/13.3.1/../../../../arm-none-eabi/lib/thumb/v7e-m+fp/hard\libc_nano.a(libc_a-init.o)
 .ARM.attributes
                0x00000967       0x22 C:/ST/STM32CubeIDE_1.18.0/STM32CubeIDE/plugins/com.st.stm32cube.ide.mcu.externaltools.gnu-tools-for-stm32.13.3.rel1.win32_1.0.0.202411081344/tools/bin/../lib/gcc/arm-none-eabi/13.3.1/thumb/v7e-m+fp/hard\libgcc.a(_aeabi_uldivmod.o)
 .ARM.attributes
                0x00000989       0x34 C:/ST/STM32CubeIDE_1.18.0/STM32CubeIDE/plugins/com.st.stm32cube.ide.mcu.externaltools.gnu-tools-for-stm32.13.3.rel1.win32_1.0.0.202411081344/tools/bin/../lib/gcc/arm-none-eabi/13.3.1/thumb/v7e-m+fp/hard\libgcc.a(_udivmoddi4.o)
 .ARM.attributes
                0x000009bd       0x22 C:/ST/STM32CubeIDE_1.18.0/STM32CubeIDE/plugins/com.st.stm32cube.ide.mcu.externaltools.gnu-tools-for-stm32.13.3.rel1.win32_1.0.0.202411081344/tools/bin/../lib/gcc/arm-none-eabi/13.3.1/thumb/v7e-m+fp/hard\libgcc.a(_dvmd_tls.o)
 .ARM.attributes
                0x000009df       0x22 C:/ST/STM32CubeIDE_1.18.0/STM32CubeIDE/plugins/com.st.stm32cube.ide.mcu.externaltools.gnu-tools-for-stm32.13.3.rel1.win32_1.0.0.202411081344/tools/bin/../lib/gcc/arm-none-eabi/13.3.1/thumb/v7e-m+fp/hard/crtn.o
OUTPUT(SimulareVolan.elf elf32-littlearm)
LOAD linker stubs
LOAD C:/ST/STM32CubeIDE_1.18.0/STM32CubeIDE/plugins/com.st.stm32cube.ide.mcu.externaltools.gnu-tools-for-stm32.13.3.rel1.win32_1.0.0.202411081344/tools/bin/../lib/gcc/arm-none-eabi/13.3.1/../../../../arm-none-eabi/lib/thumb/v7e-m+fp/hard\libc.a
LOAD C:/ST/STM32CubeIDE_1.18.0/STM32CubeIDE/plugins/com.st.stm32cube.ide.mcu.externaltools.gnu-tools-for-stm32.13.3.rel1.win32_1.0.0.202411081344/tools/bin/../lib/gcc/arm-none-eabi/13.3.1/../../../../arm-none-eabi/lib/thumb/v7e-m+fp/hard\libm.a
LOAD C:/ST/STM32CubeIDE_1.18.0/STM32CubeIDE/plugins/com.st.stm32cube.ide.mcu.externaltools.gnu-tools-for-stm32.13.3.rel1.win32_1.0.0.202411081344/tools/bin/../lib/gcc/arm-none-eabi/13.3.1/thumb/v7e-m+fp/hard\libgcc.a

.debug_info     0x00000000    0x19789
 .debug_info    0x00000000     0x20c4 ./Core/Src/main.o
 .debug_info    0x000020c4     0x144f ./Core/Src/stm32f4xx_hal_msp.o
 .debug_info    0x00003513      0xcf3 ./Core/Src/stm32f4xx_it.o
 .debug_info    0x00004206      0x512 ./Core/Src/system_stm32f4xx.o
 .debug_info    0x00004718       0x30 ./Core/Startup/startup_stm32f405rgtx.o
 .debug_info    0x00004748      0x932 ./Drivers/STM32F4xx_HAL_Driver/Src/stm32f4xx_hal.o
 .debug_info    0x0000507a      0xcd4 ./Drivers/STM32F4xx_HAL_Driver/Src/stm32f4xx_hal_adc.o
 .debug_info    0x00005d4e      0xd7a ./Drivers/STM32F4xx_HAL_Driver/Src/stm32f4xx_hal_cortex.o
 .debug_info    0x00006ac8      0x8e7 ./Drivers/STM32F4xx_HAL_Driver/Src/stm32f4xx_hal_dma.o
 .debug_info    0x000073af      0x6c3 ./Drivers/STM32F4xx_HAL_Driver/Src/stm32f4xx_hal_gpio.o
 .debug_info    0x00007a72     0x156f ./Drivers/STM32F4xx_HAL_Driver/Src/stm32f4xx_hal_pcd.o
 .debug_info    0x00008fe1      0x6ea ./Drivers/STM32F4xx_HAL_Driver/Src/stm32f4xx_hal_pcd_ex.o
 .debug_info    0x000096cb      0x8af ./Drivers/STM32F4xx_HAL_Driver/Src/stm32f4xx_hal_rcc.o
 .debug_info    0x00009f7a     0x1525 ./Drivers/STM32F4xx_HAL_Driver/Src/stm32f4xx_hal_spi.o
 .debug_info    0x0000b49f     0x299d ./Drivers/STM32F4xx_HAL_Driver/Src/stm32f4xx_hal_tim.o
 .debug_info    0x0000de3c     0x14db ./Drivers/STM32F4xx_HAL_Driver/Src/stm32f4xx_hal_tim_ex.o
 .debug_info    0x0000f317     0x1993 ./Drivers/STM32F4xx_HAL_Driver/Src/stm32f4xx_ll_usb.o