Archive member included to satisfy reference by file (symbol)

C:/ST/STM32CubeIDE_1.18.0/STM32CubeIDE/plugins/com.st.stm32cube.ide.mcu.externaltools.gnu-tools-for-stm32.13.3.rel1.win32_1.0.0.202411081344/tools/bin/../lib/gcc/arm-none-eabi/13.3.1/../../../../arm-none-eabi/lib/thumb/v7e-m+fp/hard\libm.a(libm_a-wf_sqrt.o)
                              ./UserExtensions/Src/MotorControl.o (sqrtf)
C:/ST/STM32CubeIDE_1.18.0/STM32CubeIDE/plugins/com.st.stm32cube.ide.mcu.externaltools.gnu-tools-for-stm32.13.3.rel1.win32_1.0.0.202411081344/tools/bin/../lib/gcc/arm-none-eabi/13.3.1/../../../../arm-none-eabi/lib/thumb/v7e-m+fp/hard\libm.a(libm_a-sf_sin.o)
                              ./UserExtensions/Src/MotorControl.o (sinf)
C:/ST/STM32CubeIDE_1.18.0/STM32CubeIDE/plugins/com.st.stm32cube.ide.mcu.externaltools.gnu-tools-for-stm32.13.3.rel1.win32_1.0.0.202411081344/tools/bin/../lib/gcc/arm-none-eabi/13.3.1/../../../../arm-none-eabi/lib/thumb/v7e-m+fp/hard\libm.a(libm_a-ef_sqrt.o)
                              C:/ST/STM32CubeIDE_1.18.0/STM32CubeIDE/plugins/com.st.stm32cube.ide.mcu.externaltools.gnu-tools-for-stm32.13.3.rel1.win32_1.0.0.202411081344/tools/bin/../lib/gcc/arm-none-eabi/13.3.1/../../../../arm-none-eabi/lib/thumb/v7e-m+fp/hard\libm.a(libm_a-wf_sqrt.o) (__ieee754_sqrtf)
C:/ST/STM32CubeIDE_1.18.0/STM32CubeIDE/plugins/com.st.stm32cube.ide.mcu.externaltools.gnu-tools-for-stm32.13.3.rel1.win32_1.0.0.202411081344/tools/bin/../lib/gcc/arm-none-eabi/13.3.1/../../../../arm-none-eabi/lib/thumb/v7e-m+fp/hard\libm.a(libm_a-kf_cos.o)
                              C:/ST/STM32CubeIDE_1.18.0/STM32CubeIDE/plugins/com.st.stm32cube.ide.mcu.externaltools.gnu-tools-for-stm32.13.3.rel1.win32_1.0.0.202411081344/tools/bin/../lib/gcc/arm-none-eabi/13.3.1/../../../../arm-none-eabi/lib/thumb/v7e-m+fp/hard\libm.a(libm_a-sf_sin.o) (__kernel_cosf)
C:/ST/STM32CubeIDE_1.18.0/STM32CubeIDE/plugins/com.st.stm32cube.ide.mcu.externaltools.gnu-tools-for-stm32.13.3.rel1.win32_1.0.0.202411081344/tools/bin/../lib/gcc/arm-none-eabi/13.3.1/../../../../arm-none-eabi/lib/thumb/v7e-m+fp/hard\libm.a(libm_a-kf_sin.o)
                              C:/ST/STM32CubeIDE_1.18.0/STM32CubeIDE/plugins/com.st.stm32cube.ide.mcu.externaltools.gnu-tools-for-stm32.13.3.rel1.win32_1.0.0.202411081344/tools/bin/../lib/gcc/arm-none-eabi/13.3.1/../../../../arm-none-eabi/lib/thumb/v7e-m+fp/hard\libm.a(libm_a-sf_sin.o) (__kernel_sinf)
C:/ST/STM32CubeIDE_1.18.0/STM32CubeIDE/plugins/com.st.stm32cube.ide.mcu.externaltools.gnu-tools-for-stm32.13.3.rel1.win32_1.0.0.202411081344/tools/bin/../lib/gcc/arm-none-eabi/13.3.1/../../../../arm-none-eabi/lib/thumb/v7e-m+fp/hard\libm.a(libm_a-ef_rem_pio2.o)
                              C:/ST/STM32CubeIDE_1.18.0/STM32CubeIDE/plugins/com.st.stm32cube.ide.mcu.externaltools.gnu-tools-for-stm32.13.3.rel1.win32_1.0.0.202411081344/tools/bin/../lib/gcc/arm-none-eabi/13.3.1/../../../../arm-none-eabi/lib/thumb/v7e-m+fp/hard\libm.a(libm_a-sf_sin.o) (__ieee754_rem_pio2f)
C:/ST/STM32CubeIDE_1.18.0/STM32CubeIDE/plugins/com.st.stm32cube.ide.mcu.externaltools.gnu-tools-for-stm32.13.3.rel1.win32_1.0.0.202411081344/tools/bin/../lib/gcc/arm-none-eabi/13.3.1/../../../../arm-none-eabi/lib/thumb/v7e-m+fp/hard\libm.a(libm_a-sf_fabs.o)
                              C:/ST/STM32CubeIDE_1.18.0/STM32CubeIDE/plugins/com.st.stm32cube.ide.mcu.externaltools.gnu-tools-for-stm32.13.3.rel1.win32_1.0.0.202411081344/tools/bin/../lib/gcc/arm-none-eabi/13.3.1/../../../../arm-none-eabi/lib/thumb/v7e-m+fp/hard\libm.a(libm_a-ef_rem_pio2.o) (fabsf)
C:/ST/STM32CubeIDE_1.18.0/STM32CubeIDE/plugins/com.st.stm32cube.ide.mcu.externaltools.gnu-tools-for-stm32.13.3.rel1.win32_1.0.0.202411081344/tools/bin/../lib/gcc/arm-none-eabi/13.3.1/../../../../arm-none-eabi/lib/thumb/v7e-m+fp/hard\libm.a(libm_a-kf_rem_pio2.o)
                              C:/ST/STM32CubeIDE_1.18.0/STM32CubeIDE/plugins/com.st.stm32cube.ide.mcu.externaltools.gnu-tools-for-stm32.13.3.rel1.win32_1.0.0.202411081344/tools/bin/../lib/gcc/arm-none-eabi/13.3.1/../../../../arm-none-eabi/lib/thumb/v7e-m+fp/hard\libm.a(libm_a-ef_rem_pio2.o) (__kernel_rem_pio2f)
C:/ST/STM32CubeIDE_1.18.0/STM32CubeIDE/plugins/com.st.stm32cube.ide.mcu.externaltools.gnu-tools-for-stm32.13.3.rel1.win32_1.0.0.202411081344/tools/bin/../lib/gcc/arm-none-eabi/13.3.1/../../../../arm-none-eabi/lib/thumb/v7e-m+fp/hard\libm.a(libm_a-sf_scalbn.o)
                              C:/ST/STM32CubeIDE_1.18.0/STM32CubeIDE/plugins/com.st.stm32cube.ide.mcu.externaltools.gnu-tools-for-stm32.13.3.rel1.win32_1.0.0.202411081344/tools/bin/../lib/gcc/arm-none-eabi/13.3.1/../../../../arm-none-eabi/lib/thumb/v7e-m+fp/hard\libm.a(libm_a-kf_rem_pio2.o) (scalbnf)
C:/ST/STM32CubeIDE_1.18.0/STM32CubeIDE/plugins/com.st.stm32cube.ide.mcu.externaltools.gnu-tools-for-stm32.13.3.rel1.win32_1.0.0.202411081344/tools/bin/../lib/gcc/arm-none-eabi/13.3.1/../../../../arm-none-eabi/lib/thumb/v7e-m+fp/hard\libm.a(libm_a-sf_floor.o)
[...]
Memory Configuration

Name             Origin             Length             Attributes
CCMRAM           0x10000000         0x00010000         xrw
RAM              0x20000000         0x00020000         xrw
FLASH            0x08000000         0x00100000         xr
*default*        0x00000000         0xffffffff

Linker script and memory map

LOAD C:/ST/STM32CubeIDE_1.18.0/STM32CubeIDE/plugins/com.st.stm32cube.ide.mcu.externaltools.gnu-tools-for-stm32.13.3.rel1.win32_1.0.0.202411081344/tools/bin/../lib/gcc/arm-none-eabi/13.3.1/thumb/v7e-m+fp/hard/crti.o
LOAD C:/ST/STM32CubeIDE_1.18.0/STM32CubeIDE/plugins/com.st.stm32cube.ide.mcu.externaltools.gnu-tools-for-stm32.13.3.rel1.win32_1.0.0.202411081344/tools/bin/../lib/gcc/arm-none-eabi/13.3.1/thumb/v7e-m+fp/hard/crtbegin.o
LOAD C:/ST/STM32CubeIDE_1.18.0/STM32CubeIDE/plugins/com.st.stm32cube.ide.mcu.externaltools.gnu-tools-for-stm32.13.3.rel1.win32_1.0.0.202411081344/tools/bin/../lib/gcc/arm-none-eabi/13.3.1/../../../../arm-none-eabi/lib/thumb/v7e-m+fp/hard/crt0.o
LOAD ./Core/Src/main.o
LOAD ./Core/Src/stm32f4xx_hal_msp.o
LOAD ./Core/Src/stm32f4xx_it.o
LOAD ./Core/Src/syscalls.o
LOAD ./Core/Src/sysmem.o
LOAD ./Core/Src/system_stm32f4xx.o
LOAD ./Core/Startup/startup_stm32f405rgtx.o
LOAD ./Drivers/STM32F4xx_HAL_Driver/Src/stm32f4xx_hal.o
LOAD ./Drivers/STM32F4xx_HAL_Driver/Src/stm32f4xx_hal_adc.o
LOAD ./Drivers/STM32F4xx_HAL_Driver/Src/stm32f4xx_hal_adc_ex.o
LOAD ./Drivers/STM32F4xx_HAL_Driver/Src/stm32f4xx_hal_cortex.o
LOAD ./Drivers/STM32F4xx_HAL_Driver/Src/stm32f4xx_hal_dma.o
LOAD ./Drivers/STM32F4xx_HAL_Driver/Src/stm32f4xx_hal_dma_ex.o
LOAD ./Drivers/STM32F4xx_HAL_Driver/Src/stm32f4xx_hal_exti.o
LOAD ./Drivers/STM32F4xx_HAL_Driver/Src/stm32f4xx_hal_flash.o
LOAD ./Drivers/STM32F4xx_HAL_Driver/Src/stm32f4xx_hal_flash_ex.o
LOAD ./Drivers/STM32F4xx_HAL_Driver/Src/stm32f4xx_hal_flash_ramfunc.o
LOAD ./Drivers/STM32F4xx_HAL_Driver/Src/stm32f4xx_hal_gpio.o
LOAD ./Drivers/STM32F4xx_HAL_Driver/Src/stm32f4xx_hal_pcd.o
LOAD ./Drivers/STM32F4xx_HAL_Driver/Src/stm32f4xx_hal_pcd_ex.o
LOAD ./Drivers/STM32F4xx_HAL_Driver/Src/stm32f4xx_hal_pwr.o
LOAD ./Drivers/STM32F4xx_HAL_Driver/Src/stm32f4xx_hal_pwr_ex.o
LOAD ./Drivers/STM32F4xx_HAL_Driver/Src/stm32f4xx_hal_rcc.o
LOAD ./Drivers/STM32F4xx_HAL_Driver/Src/stm32f4xx_hal_rcc_ex.o
LOAD ./Drivers/STM32F4xx_HAL_Driver/Src/stm32f4xx_hal_tim.o
LOAD ./Drivers/STM32F4xx_HAL_Driver/Src/stm32f4xx_hal_tim_ex.o
LOAD ./Drivers/STM32F4xx_HAL_Driver/Src/stm32f4xx_ll_adc.o
LOAD ./Drivers/STM32F4xx_HAL_Driver/Src/stm32f4xx_ll_usb.o
LOAD ./Middlewares/ST/STM32_USB_Device_Library/Class/CustomHID/Src/usbd_customhid.o
LOAD ./Middlewares/ST/STM32_USB_Device_Library/Core/Src/usbd_core.o
LOAD ./Middlewares/ST/STM32_USB_Device_Library/Core/Src/usbd_ctlreq.o
LOAD ./Middlewares/ST/STM32_USB_Device_Library/Core/Src/usbd_ioreq.o
LOAD ./USB_DEVICE/App/usb_device.o
LOAD ./USB_DEVICE/App/usbd_custom_hid_if.o
LOAD ./USB_DEVICE/App/usbd_desc.o
LOAD ./USB_DEVICE/Target/usbd_conf.o
LOAD ./UserExtensions/Src/ForceFeedback.o
LOAD ./UserExtensions/Src/MotorControl.o
LOAD ./UserExtensions/Src/Pedals.o
LOAD ./UserExtensions/Src/Shifter.o
LOAD ./UserExtensions/Src/Wheel.o
START GROUP
LOAD C:/ST/STM32CubeIDE_1.18.0/STM32CubeIDE/plugins/com.st.stm32cube.ide.mcu.externaltools.gnu-tools-for-stm32.13.3.rel1.win32_1.0.0.202411081344/tools/bin/../lib/gcc/arm-none-eabi/13.3.1/../../../../arm-none-eabi/lib/thumb/v7e-m+fp/hard\libstdc++_nano.a
LOAD C:/ST/STM32CubeIDE_1.18.0/STM32CubeIDE/plugins/com.st.stm32cube.ide.mcu.externaltools.gnu-tools-for-stm32.13.3.rel1.win32_1.0.0.202411081344/tools/bin/../lib/gcc/arm-none-eabi/13.3.1/../../../../arm-none-eabi/lib/thumb/v7e-m+fp/hard\libsupc++_nano.a
END GROUP
LOAD C:/ST/STM32CubeIDE_1.18.0/STM32CubeIDE/plugins/com.st.stm32cube.ide.mcu.externaltools.gnu-tools-for-stm32.13.3.rel1.win32_1.0.0.202411081344/tools/bin/../lib/gcc/arm-none-eabi/13.3.1/../../../../arm-none-eabi/lib/thumb/v7e-m+fp/hard\libstdc++_nano.a
LOAD C:/ST/STM32CubeIDE_1.18.0/STM32CubeIDE/plugins/com.st.stm32cube.ide.mcu.externaltools.gnu-tools-for-stm32.13.3.rel1.win32_1.0.0.202411081344/tools/bin/../lib/gcc/arm-none-eabi/13.3.1/../../../../arm-none-eabi/lib/thumb/v7e-m+fp/hard\libm.a
LOAD C:/ST/STM32CubeIDE_1.18.0/STM32CubeIDE/plugins/com.st.stm32cube.ide.mcu.externaltools.gnu-tools-for-stm32.13.3.rel1.win32_1.0.0.202411081344/tools/bin/../lib/gcc/arm-none-eabi/13.3.1/../../../../arm-none-eabi/lib/thumb/v7e-m+fp/hard\libc_nano.a
START GROUP
LOAD C:/ST/STM32CubeIDE_1.18.0/STM32CubeIDE/plugins/com.st.stm32cube.ide.mcu.externaltools.gnu-tools-for-stm32.13.3.rel1.win32_1.0.0.202411081344/tools/bin/../lib/gcc/arm-none-eabi/13.3.1/thumb/v7e-m+fp/hard\libgcc.a
LOAD C:/ST/STM32CubeIDE_1.18.0/STM32CubeIDE/plugins/com.st.stm32cube.ide.mcu.externaltools.gnu-tools-for-stm32.13.3.rel1.win32_1.0.0.202411081344/tools/bin/../lib/gcc/arm-none-eabi/13.3.1/../../../../arm-none-eabi/lib/thumb/v7e-m+fp/hard\libc_nano.a
END GROUP
START GROUP
LOAD C:/ST/STM32CubeIDE_1.18.0/STM32CubeIDE/plugins/com.st.stm32cube.ide.mcu.externaltools.gnu-tools-for-stm32.13.3.rel1.win32_1.0.0.202411081344/tools/bin/../lib/gcc/arm-none-eabi/13.3.1/thumb/v7e-m+fp/hard\libgcc.a
LOAD C:/ST/STM32CubeIDE_1.18.0/STM32CubeIDE/plugins/com.st.stm32cube.ide.mcu.externaltools.gnu-tools-for-stm32.13.3.rel1.win32_1.0.0.202411081344/tools/bin/../lib/gcc/arm-none-eabi/13.3.1/../../../../arm-none-eabi/lib/thumb/v7e-m+fp/hard\libc_nano.a
LOAD C:/ST/STM32CubeIDE_1.18.0/STM32CubeIDE/plugins/com.st.stm32cube.ide.mcu.externaltools.gnu-tools-for-stm32.13.3.rel1.win32_1.0.0.202411081344/tools/bin/../lib/gcc/arm-none-eabi/13.3.1/../../../../arm-none-eabi/lib/thumb/v7e-m+fp/hard\libnosys.a
END GROUP
START GROUP
LOAD C:/ST/STM32CubeIDE_1.18.0/STM32CubeIDE/plugins/com.st.stm32cube.ide.mcu.externaltools.gnu-tools-for-stm32.13.3.rel1.win32_1.0.0.202411081344/tools/bin/../lib/gcc/arm-none-eabi/13.3.1/thumb/v7e-m+fp/hard\libgcc.a
LOAD C:/ST/STM32CubeIDE_1.18.0/STM32CubeIDE/plugins/com.st.stm32cube.ide.mcu.externaltools.gnu-tools-for-stm32.13.3.rel1.win32_1.0.0.202411081344/tools/bin/../lib/gcc/arm-none-eabi/13.3.1/../../../../arm-none-eabi/lib/thumb/v7e-m+fp/hard\libc_nano.a
LOAD C:/ST/STM32CubeIDE_1.18.0/STM32CubeIDE/plugins/com.st.stm32cube.ide.mcu.externaltools.gnu-tools-for-stm32.13.3.rel1.win32_1.0.0.202411081344/tools/bin/../lib/gcc/arm-none-eabi/13.3.1/../../../../arm-none-eabi/lib/thumb/v7e-m+fp/hard\libnosys.a
END GROUP
LOAD C:/ST/STM32CubeIDE_1.18.0/STM32CubeIDE/plugins/com.st.stm32cube.ide.mcu.externaltools.gnu-tools-for-stm32.13.3.rel1.win32_1.0.0.202411081344/tools/bin/../lib/gcc/arm-none-eabi/13.3.1/thumb/v7e-m+fp/hard/crtend.o
LOAD C:/ST/STM32CubeIDE_1.18.0/STM32CubeIDE/plugins/com.st.stm32cube.ide.mcu.externaltools.gnu-tools-for-stm32.13.3.rel1.win32_1.0.0.202411081344/tools/bin/../lib/gcc/arm-none-eabi/13.3.1/thumb/v7e-m+fp/hard/crtn.o
                0x20020000                        _estack = (ORIGIN (RAM) + LENGTH (RAM))
                0x00000200                        _Min_Heap_Size = 0x200
                0x00000400                        _Min_Stack_Size = 0x400

.isr_vector     0x08000000      0x188
                0x08000000                        . = ALIGN (0x4)
 *(.isr_vector)
 .isr_vector    0x08000000      0x188 ./Core/Startup/startup_stm32f405rgtx.o
                0x08000000                g_pfnVectors
                0x08000188                        . = ALIGN (0x4)

.text           0x08000188     0xaa70
                0x08000188                        . = ALIGN (0x4)
 *(.text)
 .text          0x08000188       0x40 C:/ST/STM32CubeIDE_1.18.0/STM32CubeIDE/plugins/com.st.stm32cube.ide.mcu.externaltools.gnu-tools-for-stm32.13.3.rel1.win32_1.0.0.202411081344/tools/bin/../lib/gcc/arm-none-eabi/13.3.1/thumb/v7e-m+fp/hard/crtbegin.o
 .text          0x080001c8       0x30 C:/ST/STM32CubeIDE_1.18.0/STM32CubeIDE/plugins/com.st.stm32cube.ide.mcu.externaltools.gnu-tools-for-stm32.13.3.rel1.win32_1.0.0.202411081344/tools/bin/../lib/gcc/arm-none-eabi/13.3.1/thumb/v7e-m+fp/hard\libgcc.a(_aeabi_uldivmod.o)
                0x080001c8                __aeabi_uldivmod
 .text          0x080001f8      0x2f8 C:/ST/STM32CubeIDE_1.18.0/STM32CubeIDE/plugins/com.st.stm32cube.ide.mcu.externaltools.gnu-tools-for-stm32.13.3.rel1.win32_1.0.0.202411081344/tools/bin/../lib/gcc/arm-none-eabi/13.3.1/thumb/v7e-m+fp/hard\libgcc.a(_udivmoddi4.o)
                0x080001f8                __udivmoddi4
 .text          0x080004f0        0x4 C:/ST/STM32CubeIDE_1.18.0/STM32CubeIDE/plugins/com.st.stm32cube.ide.mcu.externaltools.gnu-tools-for-stm32.13.3.rel1.win32_1.0.0.202411081344/tools/bin/../lib/gcc/arm-none-eabi/13.3.1/thumb/v7e-m+fp/hard\libgcc.a(_dvmd_tls.o)
                0x080004f0                __aeabi_idiv0
                0x080004f0                __aeabi_ldiv0
 *(.text*)
 .text.main     0x080004f4      0x108 ./Core/Src/main.o
                0x080004f4                main
 .text.SystemClock_Config
                0x080005fc       0xd4 ./Core/Src/main.o
                0x080005fc                SystemClock_Config
 .text.MX_ADC1_Init
                0x080006d0       0xa4 ./Core/Src/main.o
 .text.MX_ADC2_Init
                0x08000774       0xa4 ./Core/Src/main.o
 .text.MX_ADC3_Init
                0x08000818       0xdc ./Core/Src/main.o
 .text.MX_TIM1_Init
                0x080008f4      0x1a0 ./Core/Src/main.o
 .text.MX_TIM2_Init
                0x08000a94       0x98 ./Core/Src/main.o
 .text.MX_TIM3_Init
                0x08000b2c       0xa8 ./Core/Src/main.o
 .text.MX_GPIO_Init
                0x08000bd4      0x138 ./Core/Src/main.o
 .text.Error_Handler
                0x08000d0c        0xc ./Core/Src/main.o
                0x08000d0c                Error_Handler
 .text.HAL_MspInit
                0x08000d18       0x50 ./Core/Src/stm32f4xx_hal_msp.o
                0x08000d18                HAL_MspInit
 .text.HAL_ADC_MspInit
                0x08000d68      0x180 ./Core/Src/stm32f4xx_hal_msp.o
                0x08000d68                HAL_ADC_MspInit
 .text.HAL_TIM_Base_MspInit
                0x08000ee8       0x78 ./Core/Src/stm32f4xx_hal_msp.o
                0x08000ee8                HAL_TIM_Base_MspInit
 .text.HAL_TIM_Encoder_MspInit
                0x08000f60       0xa0 ./Core/Src/stm32f4xx_hal_msp.o
                0x08000f60                HAL_TIM_Encoder_MspInit
 .text.HAL_TIM_MspPostInit
                0x08001000       0xb8 ./Core/Src/stm32f4xx_hal_msp.o
                0x08001000                HAL_TIM_MspPostInit
 .text.NMI_Handler
                0x080010b8        0x8 ./Core/Src/stm32f4xx_it.o
                0x080010b8                NMI_Handler
 .text.HardFault_Handler
                0x080010c0        0x8 ./Core/Src/stm32f4xx_it.o
                0x080010c0                HardFault_Handler
 .text.MemManage_Handler
                0x080010c8        0x8 ./Core/Src/stm32f4xx_it.o
                0x080010c8                MemManage_Handler
 .text.BusFault_Handler
                0x080010d0        0x8 ./Core/Src/stm32f4xx_it.o
                0x080010d0                BusFault_Handler
 .text.UsageFault_Handler
                0x080010d8        0x8 ./Core/Src/stm32f4xx_it.o
                0x080010d8                UsageFault_Handler
 .text.SVC_Handler
                0x080010e0        0xe ./Core/Src/stm32f4xx_it.o
                0x080010e0                SVC_Handler
 .text.DebugMon_Handler
                0x080010ee        0xe ./Core/Src/stm32f4xx_it.o
                0x080010ee                DebugMon_Handler
 .text.PendSV_Handler
                0x080010fc        0xe ./Core/Src/stm32f4xx_it.o
                0x080010fc                PendSV_Handler
 .text.SysTick_Handler
                0x0800110a        0xc ./Core/Src/stm32f4xx_it.o
                0x0800110a                SysTick_Handler
 .text.EXTI9_5_IRQHandler
                0x08001116       0x10 ./Core/Src/stm32f4xx_it.o
                0x08001116                EXTI9_5_IRQHandler
 *fill*         0x08001126        0x2 
 .text.TIM1_UP_TIM10_IRQHandler
                0x08001128       0x18 ./Core/Src/stm32f4xx_it.o
                0x08001128                TIM1_UP_TIM10_IRQHandler
 .text.TIM3_IRQHandler
                0x08001140       0x14 ./Core/Src/stm32f4xx_it.o
                0x08001140                TIM3_IRQHandler
 .text.OTG_FS_IRQHandler
                0x08001154       0x14 ./Core/Src/stm32f4xx_it.o
                0x08001154                OTG_FS_IRQHandler
 .text.SystemInit
                0x08001168       0x24 ./Core/Src/system_stm32f4xx.o
                0x08001168                SystemInit
 .text.Reset_Handler
                0x0800118c       0x50 ./Core/Startup/startup_stm32f405rgtx.o
                0x0800118c                Reset_Handler
 .text.Default_Handler
                0x080011dc        0x2 ./Core/Startup/startup_stm32f405rgtx.o
                0x080011dc                RTC_Alarm_IRQHandler
                0x080011dc                HASH_RNG_IRQHandler
                0x080011dc                EXTI2_IRQHandler
                0x080011dc                TIM8_CC_IRQHandler
                0x080011dc                TIM1_CC_IRQHandler
                0x080011dc                DMA2_Stream5_IRQHandler
                0x080011dc                DMA1_Stream5_IRQHandler
                0x080011dc                PVD_IRQHandler
                0x080011dc                SDIO_IRQHandler
                0x080011dc                TAMP_STAMP_IRQHandler
                0x080011dc                CAN2_RX1_IRQHandler
                0x080011dc                EXTI3_IRQHandler
                0x080011dc                TIM8_TRG_COM_TIM14_IRQHandler
                0x080011dc                TIM8_UP_TIM13_IRQHandler
                0x080011dc                I2C3_ER_IRQHandler
                0x080011dc                EXTI0_IRQHandler
                0x080011dc                I2C2_EV_IRQHandler
                0x080011dc                DMA1_Stream2_IRQHandler
                0x080011dc                CAN1_RX0_IRQHandler
                0x080011dc                FPU_IRQHandler
                0x080011dc                OTG_HS_WKUP_IRQHandler
                0x080011dc                CAN2_SCE_IRQHandler
                0x080011dc                DMA2_Stream2_IRQHandler
                0x080011dc                SPI1_IRQHandler
                0x080011dc                TIM6_DAC_IRQHandler
                0x080011dc                TIM1_BRK_TIM9_IRQHandler
                0x080011dc                CAN2_RX0_IRQHandler
                0x080011dc                DMA2_Stream3_IRQHandler
                0x080011dc                USART6_IRQHandler
                0x080011dc                USART3_IRQHandler
                0x080011dc                CAN1_RX1_IRQHandler
                0x080011dc                UART5_IRQHandler
                0x080011dc                DMA2_Stream0_IRQHandler
                0x080011dc                TIM4_IRQHandler
                0x080011dc                I2C1_EV_IRQHandler
                0x080011dc                DMA1_Stream6_IRQHandler
                0x080011dc                DMA1_Stream1_IRQHandler
                0x080011dc                UART4_IRQHandler
                0x080011dc                RCC_IRQHandler
                0x080011dc                TIM8_BRK_TIM12_IRQHandler
                0x080011dc                Default_Handler
                0x080011dc                EXTI15_10_IRQHandler
                0x080011dc                ADC_IRQHandler
                0x080011dc                DMA1_Stream7_IRQHandler
                0x080011dc                TIM7_IRQHandler
                0x080011dc                CAN2_TX_IRQHandler
                0x080011dc                TIM5_IRQHandler
                0x080011dc                DMA2_Stream7_IRQHandler
                0x080011dc                I2C3_EV_IRQHandler
                0x080011dc                RTC_WKUP_IRQHandler
                0x080011dc                SPI2_IRQHandler
                0x080011dc                OTG_HS_EP1_IN_IRQHandler
                0x080011dc                DMA1_Stream0_IRQHandler
                0x080011dc                CAN1_TX_IRQHandler
                0x080011dc                EXTI4_IRQHandler
                0x080011dc                FSMC_IRQHandler
                0x080011dc                OTG_HS_EP1_OUT_IRQHandler
                0x080011dc                WWDG_IRQHandler
                0x080011dc                TIM2_IRQHandler
                0x080011dc                OTG_FS_WKUP_IRQHandler
                0x080011dc                TIM1_TRG_COM_TIM11_IRQHandler
                0x080011dc                OTG_HS_IRQHandler
                0x080011dc                EXTI1_IRQHandler
                0x080011dc                USART2_IRQHandler
                0x080011dc                I2C2_ER_IRQHandler
                0x080011dc                DMA2_Stream1_IRQHandler
                0x080011dc                CAN1_SCE_IRQHandler
                0x080011dc                FLASH_IRQHandler
                0x080011dc                DMA2_Stream4_IRQHandler
                0x080011dc                USART1_IRQHandler
                0x080011dc                SPI3_IRQHandler
                0x080011dc                DMA1_Stream4_IRQHandler
                0x080011dc                I2C1_ER_IRQHandler
                0x080011dc                DMA2_Stream6_IRQHandler
                0x080011dc                DMA1_Stream3_IRQHandler
 *fill*         0x080011de        0x2 
 .text.HAL_Init
                0x080011e0       0x44 ./Drivers/STM32F4xx_HAL_Driver/Src/stm32f4xx_hal.o
                0x080011e0                HAL_Init
 .text.HAL_InitTick
                0x08001224       0x60 ./Drivers/STM32F4xx_HAL_Driver/Src/stm32f4xx_hal.o
                0x08001224                HAL_InitTick
 .text.HAL_IncTick
                0x08001284       0x28 ./Drivers/STM32F4xx_HAL_Driver/Src/stm32f4xx_hal.o
                0x08001284                HAL_IncTick
 .text.HAL_GetTick
                0x080012ac       0x18 ./Drivers/STM32F4xx_HAL_Driver/Src/stm32f4xx_hal.o
                0x080012ac                HAL_GetTick
 .text.HAL_Delay
                0x080012c4       0x48 ./Drivers/STM32F4xx_HAL_Driver/Src/stm32f4xx_hal.o
                0x080012c4                HAL_Delay
 .text.HAL_ADC_Init
                0x0800130c       0x86 ./Drivers/STM32F4xx_HAL_Driver/Src/stm32f4xx_hal_adc.o
                0x0800130c                HAL_ADC_Init
 *fill*         0x08001392        0x2 
 .text.HAL_ADC_Start
                0x08001394      0x1a4 ./Drivers/STM32F4xx_HAL_Driver/Src/stm32f4xx_hal_adc.o
                0x08001394                HAL_ADC_Start
 .text.HAL_ADC_Stop
                0x08001538       0x66 ./Drivers/STM32F4xx_HAL_Driver/Src/stm32f4xx_hal_adc.o
                0x08001538                HAL_ADC_Stop
 .text.HAL_ADC_PollForConversion
                0x0800159e      0x116 ./Drivers/STM32F4xx_HAL_Driver/Src/stm32f4xx_hal_adc.o
                0x0800159e                HAL_ADC_PollForConversion
 .text.HAL_ADC_GetValue
                0x080016b4       0x1a ./Drivers/STM32F4xx_HAL_Driver/Src/stm32f4xx_hal_adc.o
                0x080016b4                HAL_ADC_GetValue
 *fill*         0x080016ce        0x2 
 .text.HAL_ADC_ConfigChannel
                0x080016d0      0x244 ./Drivers/STM32F4xx_HAL_Driver/Src/stm32f4xx_hal_adc.o
                0x080016d0                HAL_ADC_ConfigChannel
 .text.ADC_Init
                0x08001914      0x1f8 ./Drivers/STM32F4xx_HAL_Driver/Src/stm32f4xx_hal_adc.o
 .text.__NVIC_SetPriorityGrouping
                0x08001b0c       0x48 ./Drivers/STM32F4xx_HAL_Driver/Src/stm32f4xx_hal_cortex.o
 .text.__NVIC_GetPriorityGrouping
                0x08001b54       0x1c ./Drivers/STM32F4xx_HAL_Driver/Src/stm32f4xx_hal_cortex.o
 .text.__NVIC_EnableIRQ
                0x08001b70       0x3c ./Drivers/STM32F4xx_HAL_Driver/Src/stm32f4xx_hal_cortex.o
 .text.__NVIC_SetPriority
                0x08001bac       0x54 ./Drivers/STM32F4xx_HAL_Driver/Src/stm32f4xx_hal_cortex.o
 .text.NVIC_EncodePriority
                0x08001c00       0x66 ./Drivers/STM32F4xx_HAL_Driver/Src/stm32f4xx_hal_cortex.o
 *fill*         0x08001c66        0x2 
 .text.SysTick_Config
                0x08001c68       0x44 ./Drivers/STM32F4xx_HAL_Driver/Src/stm32f4xx_hal_cortex.o
 .text.HAL_NVIC_SetPriorityGrouping
                0x08001cac       0x16 ./Drivers/STM32F4xx_HAL_Driver/Src/stm32f4xx_hal_cortex.o
                0x08001cac                HAL_NVIC_SetPriorityGrouping
 .text.HAL_NVIC_SetPriority
                0x08001cc2       0x38 ./Drivers/STM32F4xx_HAL_Driver/Src/stm32f4xx_hal_cortex.o
                0x08001cc2                HAL_NVIC_SetPriority
 .text.HAL_NVIC_EnableIRQ
                0x08001cfa       0x1c ./Drivers/STM32F4xx_HAL_Driver/Src/stm32f4xx_hal_cortex.o
                0x08001cfa                HAL_NVIC_EnableIRQ
 .text.HAL_SYSTICK_Config
                0x08001d16       0x18 ./Drivers/STM32F4xx_HAL_Driver/Src/stm32f4xx_hal_cortex.o
                0x08001d16                HAL_SYSTICK_Config
 *fill*         0x08001d2e        0x2 
 .text.HAL_GPIO_Init
                0x08001d30      0x338 ./Drivers/STM32F4xx_HAL_Driver/Src/stm32f4xx_hal_gpio.o
                0x08001d30                HAL_GPIO_Init
 .text.HAL_GPIO_ReadPin
                0x08002068       0x30 ./Drivers/STM32F4xx_HAL_Driver/Src/stm32f4xx_hal_gpio.o
                0x08002068                HAL_GPIO_ReadPin
 .text.HAL_GPIO_WritePin
                0x08002098       0x32 ./Drivers/STM32F4xx_HAL_Driver/Src/stm32f4xx_hal_gpio.o
                0x08002098                HAL_GPIO_WritePin
 *fill*         0x080020ca        0x2 
 .text.HAL_GPIO_EXTI_IRQHandler
                0x080020cc       0x30 ./Drivers/STM32F4xx_HAL_Driver/Src/stm32f4xx_hal_gpio.o
                0x080020cc                HAL_GPIO_EXTI_IRQHandler
 .text.HAL_PCD_Init
                0x080020fc      0x21e ./Drivers/STM32F4xx_HAL_Driver/Src/stm32f4xx_hal_pcd.o
                0x080020fc                HAL_PCD_Init
 .text.HAL_PCD_Start
                0x0800231a       0x6a ./Drivers/STM32F4xx_HAL_Driver/Src/stm32f4xx_hal_pcd.o
                0x0800231a                HAL_PCD_Start
 .text.HAL_PCD_IRQHandler
                0x08002384      0x942 ./Drivers/STM32F4xx_HAL_Driver/Src/stm32f4xx_hal_pcd.o
                0x08002384                HAL_PCD_IRQHandler
 .text.HAL_PCD_SetAddress
                0x08002cc6       0x48 ./Drivers/STM32F4xx_HAL_Driver/Src/stm32f4xx_hal_pcd.o
                0x08002cc6                HAL_PCD_SetAddress
 .text.HAL_PCD_EP_Open
                0x08002d0e       0xd4 ./Drivers/STM32F4xx_HAL_Driver/Src/stm32f4xx_hal_pcd.o
                0x08002d0e                HAL_PCD_EP_Open
 .text.HAL_PCD_EP_Close
                0x08002de2       0x94 ./Drivers/STM32F4xx_HAL_Driver/Src/stm32f4xx_hal_pcd.o
                0x08002de2                HAL_PCD_EP_Close
 .text.HAL_PCD_EP_Receive
                0x08002e76       0x76 ./Drivers/STM32F4xx_HAL_Driver/Src/stm32f4xx_hal_pcd.o
                0x08002e76                HAL_PCD_EP_Receive
 .text.HAL_PCD_EP_Transmit
                0x08002eec       0x74 ./Drivers/STM32F4xx_HAL_Driver/Src/stm32f4xx_hal_pcd.o
                0x08002eec                HAL_PCD_EP_Transmit
 .text.HAL_PCD_EP_SetStall
                0x08002f60       0xc6 ./Drivers/STM32F4xx_HAL_Driver/Src/stm32f4xx_hal_pcd.o
                0x08002f60                HAL_PCD_EP_SetStall
 .text.HAL_PCD_EP_ClrStall
                0x08003026       0xac ./Drivers/STM32F4xx_HAL_Driver/Src/stm32f4xx_hal_pcd.o
                0x08003026                HAL_PCD_EP_ClrStall
 .text.HAL_PCD_EP_Abort
                0x080030d2       0x62 ./Drivers/STM32F4xx_HAL_Driver/Src/stm32f4xx_hal_pcd.o
                0x080030d2                HAL_PCD_EP_Abort
 .text.PCD_WriteEmptyTxFifo
                0x08003134      0x118 ./Drivers/STM32F4xx_HAL_Driver/Src/stm32f4xx_hal_pcd.o
 .text.PCD_EP_OutXfrComplete_int
                0x0800324c      0x1d0 ./Drivers/STM32F4xx_HAL_Driver/Src/stm32f4xx_hal_pcd.o
 .text.PCD_EP_OutSetupPacket_int
                0x0800341c       0x8c ./Drivers/STM32F4xx_HAL_Driver/Src/stm32f4xx_hal_pcd.o
 .text.HAL_PCDEx_SetTxFiFo
                0x080034a8       0x8e ./Drivers/STM32F4xx_HAL_Driver/Src/stm32f4xx_hal_pcd_ex.o
                0x080034a8                HAL_PCDEx_SetTxFiFo
 .text.HAL_PCDEx_SetRxFiFo
                0x08003536       0x22 ./Drivers/STM32F4xx_HAL_Driver/Src/stm32f4xx_hal_pcd_ex.o
                0x08003536                HAL_PCDEx_SetRxFiFo
 .text.HAL_PCDEx_LPM_Callback
                0x08003558       0x18 ./Drivers/STM32F4xx_HAL_Driver/Src/stm32f4xx_hal_pcd_ex.o
                0x08003558                HAL_PCDEx_LPM_Callback
 .text.HAL_RCC_OscConfig
                0x08003570      0x4f0 ./Drivers/STM32F4xx_HAL_Driver/Src/stm32f4xx_hal_rcc.o
                0x08003570                HAL_RCC_OscConfig
 .text.HAL_RCC_ClockConfig
                0x08003a60      0x1cc ./Drivers/STM32F4xx_HAL_Driver/Src/stm32f4xx_hal_rcc.o
                0x08003a60                HAL_RCC_ClockConfig
 .text.HAL_RCC_GetSysClockFreq
                0x08003c2c      0x20c ./Drivers/STM32F4xx_HAL_Driver/Src/stm32f4xx_hal_rcc.o
                0x08003c2c                HAL_RCC_GetSysClockFreq
 .text.HAL_RCC_GetHCLKFreq
                0x08003e38       0x18 ./Drivers/STM32F4xx_HAL_Driver/Src/stm32f4xx_hal_rcc.o
                0x08003e38                HAL_RCC_GetHCLKFreq
 .text.HAL_TIM_Base_Init
                0x08003e50       0x9e ./Drivers/STM32F4xx_HAL_Driver/Src/stm32f4xx_hal_tim.o
                0x08003e50                HAL_TIM_Base_Init
 *fill*         0x08003eee        0x2 
 .text.HAL_TIM_Base_Start_IT
                0x08003ef0       0xe0 ./Drivers/STM32F4xx_HAL_Driver/Src/stm32f4xx_hal_tim.o
                0x08003ef0                HAL_TIM_Base_Start_IT
 .text.HAL_TIM_OC_Init
                0x08003fd0       0x9e ./Drivers/STM32F4xx_HAL_Driver/Src/stm32f4xx_hal_tim.o
                0x08003fd0                HAL_TIM_OC_Init
 .text.HAL_TIM_OC_MspInit
                0x0800406e       0x14 ./Drivers/STM32F4xx_HAL_Driver/Src/stm32f4xx_hal_tim.o
                0x0800406e                HAL_TIM_OC_MspInit
 .text.HAL_TIM_PWM_Init
                0x08004082       0x9e ./Drivers/STM32F4xx_HAL_Driver/Src/stm32f4xx_hal_tim.o
                0x08004082                HAL_TIM_PWM_Init
 .text.HAL_TIM_PWM_MspInit
                0x08004120       0x14 ./Drivers/STM32F4xx_HAL_Driver/Src/stm32f4xx_hal_tim.o
                0x08004120                HAL_TIM_PWM_MspInit
 .text.HAL_TIM_PWM_Start
                0x08004134      0x190 ./Drivers/STM32F4xx_HAL_Driver/Src/stm32f4xx_hal_tim.o
                0x08004134                HAL_TIM_PWM_Start
 .text.HAL_TIM_Encoder_Init
                0x080042c4      0x14c ./Drivers/STM32F4xx_HAL_Driver/Src/stm32f4xx_hal_tim.o
                0x080042c4                HAL_TIM_Encoder_Init
 .text.HAL_TIM_Encoder_Start
                0x08004410      0x11c ./Drivers/STM32F4xx_HAL_Driver/Src/stm32f4xx_hal_tim.o
                0x08004410                HAL_TIM_Encoder_Start
 .text.HAL_TIM_IRQHandler
                0x0800452c      0x1e0 ./Drivers/STM32F4xx_HAL_Driver/Src/stm32f4xx_hal_tim.o
                0x0800452c                HAL_TIM_IRQHandler
 .text.HAL_TIM_OC_ConfigChannel
                0x0800470c       0xb8 ./Drivers/STM32F4xx_HAL_Driver/Src/stm32f4xx_hal_tim.o
                0x0800470c                HAL_TIM_OC_ConfigChannel
 .text.HAL_TIM_PWM_ConfigChannel
                0x080047c4      0x184 ./Drivers/STM32F4xx_HAL_Driver/Src/stm32f4xx_hal_tim.o
                0x080047c4                HAL_TIM_PWM_ConfigChannel
 .text.HAL_TIM_ConfigClockSource
                0x08004948      0x18e ./Drivers/STM32F4xx_HAL_Driver/Src/stm32f4xx_hal_tim.o
                0x08004948                HAL_TIM_ConfigClockSource
 .text.HAL_TIM_PeriodElapsedCallback
                0x08004ad6       0x14 ./Drivers/STM32F4xx_HAL_Driver/Src/stm32f4xx_hal_tim.o
                0x08004ad6                HAL_TIM_PeriodElapsedCallback
 .text.HAL_TIM_OC_DelayElapsedCallback
                0x08004aea       0x14 ./Drivers/STM32F4xx_HAL_Driver/Src/stm32f4xx_hal_tim.o
                0x08004aea                HAL_TIM_OC_DelayElapsedCallback
 .text.HAL_TIM_IC_CaptureCallback
                0x08004afe       0x14 ./Drivers/STM32F4xx_HAL_Driver/Src/stm32f4xx_hal_tim.o
                0x08004afe                HAL_TIM_IC_CaptureCallback
 .text.HAL_TIM_PWM_PulseFinishedCallback
                0x08004b12       0x14 ./Drivers/STM32F4xx_HAL_Driver/Src/stm32f4xx_hal_tim.o
                0x08004b12                HAL_TIM_PWM_PulseFinishedCallback
 .text.HAL_TIM_TriggerCallback
                0x08004b26       0x14 ./Drivers/STM32F4xx_HAL_Driver/Src/stm32f4xx_hal_tim.o
                0x08004b26                HAL_TIM_TriggerCallback
 *fill*         0x08004b3a        0x2 
 .text.TIM_Base_SetConfig
                0x08004b3c      0x158 ./Drivers/STM32F4xx_HAL_Driver/Src/stm32f4xx_hal_tim.o
                0x08004b3c                TIM_Base_SetConfig
 .text.TIM_OC1_SetConfig
                0x08004c94       0xe0 ./Drivers/STM32F4xx_HAL_Driver/Src/stm32f4xx_hal_tim.o
 .text.TIM_OC2_SetConfig
                0x08004d74       0xec ./Drivers/STM32F4xx_HAL_Driver/Src/stm32f4xx_hal_tim.o
                0x08004d74                TIM_OC2_SetConfig
 .text.TIM_OC3_SetConfig
                0x08004e60       0xe8 ./Drivers/STM32F4xx_HAL_Driver/Src/stm32f4xx_hal_tim.o
 .text.TIM_OC4_SetConfig
                0x08004f48       0xac ./Drivers/STM32F4xx_HAL_Driver/Src/stm32f4xx_hal_tim.o
 .text.TIM_TI1_ConfigInputStage
                0x08004ff4       0x5e ./Drivers/STM32F4xx_HAL_Driver/Src/stm32f4xx_hal_tim.o
 .text.TIM_TI2_ConfigInputStage
                0x08005052       0x60 ./Drivers/STM32F4xx_HAL_Driver/Src/stm32f4xx_hal_tim.o
 .text.TIM_ITRx_SetConfig
                0x080050b2       0x36 ./Drivers/STM32F4xx_HAL_Driver/Src/stm32f4xx_hal_tim.o
 .text.TIM_ETR_SetConfig
                0x080050e8       0x40 ./Drivers/STM32F4xx_HAL_Driver/Src/stm32f4xx_hal_tim.o
                0x080050e8                TIM_ETR_SetConfig
 .text.TIM_CCxChannelCmd
                0x08005128       0x4a ./Drivers/STM32F4xx_HAL_Driver/Src/stm32f4xx_hal_tim.o
                0x08005128                TIM_CCxChannelCmd
 *fill*         0x08005172        0x2 
 .text.HAL_TIMEx_PWMN_Start
                0x08005174      0x174 ./Drivers/STM32F4xx_HAL_Driver/Src/stm32f4xx_hal_tim_ex.o
                0x08005174                HAL_TIMEx_PWMN_Start
 .text.HAL_TIMEx_MasterConfigSynchronization
                0x080052e8       0xf8 ./Drivers/STM32F4xx_HAL_Driver/Src/stm32f4xx_hal_tim_ex.o
                0x080052e8                HAL_TIMEx_MasterConfigSynchronization
 .text.HAL_TIMEx_ConfigBreakDeadTime
                0x080053e0       0xa4 ./Drivers/STM32F4xx_HAL_Driver/Src/stm32f4xx_hal_tim_ex.o
                0x080053e0                HAL_TIMEx_ConfigBreakDeadTime
 .text.HAL_TIMEx_CommutCallback
                0x08005484       0x14 ./Drivers/STM32F4xx_HAL_Driver/Src/stm32f4xx_hal_tim_ex.o
                0x08005484                HAL_TIMEx_CommutCallback
 .text.HAL_TIMEx_BreakCallback
                0x08005498       0x14 ./Drivers/STM32F4xx_HAL_Driver/Src/stm32f4xx_hal_tim_ex.o
                0x08005498                HAL_TIMEx_BreakCallback
 .text.TIM_CCxNChannelCmd
                0x080054ac       0x4a ./Drivers/STM32F4xx_HAL_Driver/Src/stm32f4xx_hal_tim_ex.o
 .text.USB_CoreInit
                0x080054f6       0xc8 ./Drivers/STM32F4xx_HAL_Driver/Src/stm32f4xx_ll_usb.o
                0x080054f6                USB_CoreInit
 *fill*         0x080055be        0x2 
 .text.USB_SetTurnaroundTime
                0x080055c0      0x144 ./Drivers/STM32F4xx_HAL_Driver/Src/stm32f4xx_ll_usb.o
                0x080055c0                USB_SetTurnaroundTime
 .text.USB_EnableGlobalInt
                0x08005704       0x22 ./Drivers/STM32F4xx_HAL_Driver/Src/stm32f4xx_ll_usb.o
                0x08005704                USB_EnableGlobalInt
 .text.USB_DisableGlobalInt
                0x08005726       0x22 ./Drivers/STM32F4xx_HAL_Driver/Src/stm32f4xx_ll_usb.o
                0x08005726                USB_DisableGlobalInt
 .text.USB_SetCurrentMode
                0x08005748       0x98 ./Drivers/STM32F4xx_HAL_Driver/Src/stm32f4xx_ll_usb.o
                0x08005748                USB_SetCurrentMode
 .text.USB_DevInit
                0x080057e0      0x2c8 ./Drivers/STM32F4xx_HAL_Driver/Src/stm32f4xx_ll_usb.o
                0x080057e0                USB_DevInit
 .text.USB_FlushTxFifo
                0x08005aa8       0x64 ./Drivers/STM32F4xx_HAL_Driver/Src/stm32f4xx_ll_usb.o
                0x08005aa8                USB_FlushTxFifo
 .text.USB_FlushRxFifo
                0x08005b0c       0x5c ./Drivers/STM32F4xx_HAL_Driver/Src/stm32f4xx_ll_usb.o
                0x08005b0c                USB_FlushRxFifo
 .text.USB_SetDevSpeed
                0x08005b68       0x32 ./Drivers/STM32F4xx_HAL_Driver/Src/stm32f4xx_ll_usb.o
                0x08005b68                USB_SetDevSpeed
 .text.USB_GetDevSpeed
                0x08005b9a       0x4a ./Drivers/STM32F4xx_HAL_Driver/Src/stm32f4xx_ll_usb.o
                0x08005b9a                USB_GetDevSpeed
 .text.USB_ActivateEndpoint
                0x08005be4      0x10e ./Drivers/STM32F4xx_HAL_Driver/Src/stm32f4xx_ll_usb.o
                0x08005be4                USB_ActivateEndpoint
 *fill*         0x08005cf2        0x2 
 .text.USB_DeactivateEndpoint
                0x08005cf4      0x1b8 ./Drivers/STM32F4xx_HAL_Driver/Src/stm32f4xx_ll_usb.o
                0x08005cf4                USB_DeactivateEndpoint
 .text.USB_EPStartXfer
                0x08005eac      0x53c ./Drivers/STM32F4xx_HAL_Driver/Src/stm32f4xx_ll_usb.o
                0x08005eac                USB_EPStartXfer
 .text.USB_EPStopXfer
                0x080063e8      0x154 ./Drivers/STM32F4xx_HAL_Driver/Src/stm32f4xx_ll_usb.o
                0x080063e8                USB_EPStopXfer
 .text.USB_WritePacket
                0x0800653c       0x7c ./Drivers/STM32F4xx_HAL_Driver/Src/stm32f4xx_ll_usb.o
                0x0800653c                USB_WritePacket
 .text.USB_ReadPacket
                0x080065b8       0xb0 ./Drivers/STM32F4xx_HAL_Driver/Src/stm32f4xx_ll_usb.o
                0x080065b8                USB_ReadPacket
 .text.USB_EPSetStall
                0x08006668       0xdc ./Drivers/STM32F4xx_HAL_Driver/Src/stm32f4xx_ll_usb.o
                0x08006668                USB_EPSetStall
 .text.USB_EPClearStall
                0x08006744       0xcc ./Drivers/STM32F4xx_HAL_Driver/Src/stm32f4xx_ll_usb.o
                0x08006744                USB_EPClearStall
 .text.USB_SetDevAddress
                0x08006810       0x4c ./Drivers/STM32F4xx_HAL_Driver/Src/stm32f4xx_ll_usb.o
                0x08006810                USB_SetDevAddress
 .text.USB_DevConnect
                0x0800685c       0x42 ./Drivers/STM32F4xx_HAL_Driver/Src/stm32f4xx_ll_usb.o
                0x0800685c                USB_DevConnect
 .text.USB_DevDisconnect
                0x0800689e       0x42 ./Drivers/STM32F4xx_HAL_Driver/Src/stm32f4xx_ll_usb.o
                0x0800689e                USB_DevDisconnect
 .text.USB_ReadInterrupts
                0x080068e0       0x26 ./Drivers/STM32F4xx_HAL_Driver/Src/stm32f4xx_ll_usb.o
                0x080068e0                USB_ReadInterrupts
 .text.USB_ReadDevAllOutEpInterrupt
                0x08006906       0x34 ./Drivers/STM32F4xx_HAL_Driver/Src/stm32f4xx_ll_usb.o
                0x08006906                USB_ReadDevAllOutEpInterrupt
 .text.USB_ReadDevAllInEpInterrupt
                0x0800693a       0x34 ./Drivers/STM32F4xx_HAL_Driver/Src/stm32f4xx_ll_usb.o
                0x0800693a                USB_ReadDevAllInEpInterrupt
 .text.USB_ReadDevOutEPInterrupt
                0x0800696e       0x3c ./Drivers/STM32F4xx_HAL_Driver/Src/stm32f4xx_ll_usb.o
                0x0800696e                USB_ReadDevOutEPInterrupt
 .text.USB_ReadDevInEPInterrupt
                0x080069aa       0x5c ./Drivers/STM32F4xx_HAL_Driver/Src/stm32f4xx_ll_usb.o
                0x080069aa                USB_ReadDevInEPInterrupt
 .text.USB_GetMode
                0x08006a06       0x1c ./Drivers/STM32F4xx_HAL_Driver/Src/stm32f4xx_ll_usb.o
                0x08006a06                USB_GetMode
 .text.USB_ActivateSetup
                0x08006a22       0x46 ./Drivers/STM32F4xx_HAL_Driver/Src/stm32f4xx_ll_usb.o
                0x08006a22                USB_ActivateSetup
 .text.USB_EP0_OutStart
                0x08006a68       0xbc ./Drivers/STM32F4xx_HAL_Driver/Src/stm32f4xx_ll_usb.o
                0x08006a68                USB_EP0_OutStart
 .text.USB_CoreReset
                0x08006b24       0x62 ./Drivers/STM32F4xx_HAL_Driver/Src/stm32f4xx_ll_usb.o
 *fill*         0x08006b86        0x2 
 .text.USBD_CUSTOM_HID_Init
                0x08006b88      0x158 ./Middlewares/ST/STM32_USB_Device_Library/Class/CustomHID/Src/usbd_customhid.o
 .text.USBD_CUSTOM_HID_DeInit
                0x08006ce0       0xf4 ./Middlewares/ST/STM32_USB_Device_Library/Class/CustomHID/Src/usbd_customhid.o
 .text.USBD_CUSTOM_HID_Setup
                0x08006dd4      0x2c0 ./Middlewares/ST/STM32_USB_Device_Library/Class/CustomHID/Src/usbd_customhid.o
 .text.USBD_CUSTOM_HID_SendReport
                0x08007094       0x68 ./Middlewares/ST/STM32_USB_Device_Library/Class/CustomHID/Src/usbd_customhid.o
                0x08007094                USBD_CUSTOM_HID_SendReport
 .text.USBD_CUSTOM_HID_GetFSCfgDesc
                0x080070fc       0x64 ./Middlewares/ST/STM32_USB_Device_Library/Class/CustomHID/Src/usbd_customhid.o
 .text.USBD_CUSTOM_HID_GetHSCfgDesc
                0x08007160       0x64 ./Middlewares/ST/STM32_USB_Device_Library/Class/CustomHID/Src/usbd_customhid.o
 .text.USBD_CUSTOM_HID_GetOtherSpeedCfgDesc
                0x080071c4       0x64 ./Middlewares/ST/STM32_USB_Device_Library/Class/CustomHID/Src/usbd_customhid.o
 .text.USBD_CUSTOM_HID_DataIn
                0x08007228       0x2e ./Middlewares/ST/STM32_USB_Device_Library/Class/CustomHID/Src/usbd_customhid.o
 .text.USBD_CUSTOM_HID_DataOut
                0x08007256       0x5a ./Middlewares/ST/STM32_USB_Device_Library/Class/CustomHID/Src/usbd_customhid.o
 .text.USBD_CUSTOM_HID_ReceivePacket
                0x080072b0       0x4c ./Middlewares/ST/STM32_USB_Device_Library/Class/CustomHID/Src/usbd_customhid.o
                0x080072b0                USBD_CUSTOM_HID_ReceivePacket
 .text.USBD_CUSTOM_HID_EP0_RxReady
                0x080072fc       0x58 ./Middlewares/ST/STM32_USB_Device_Library/Class/CustomHID/Src/usbd_customhid.o
 .text.USBD_CUSTOM_HID_GetDeviceQualifierDesc
                0x08007354       0x20 ./Middlewares/ST/STM32_USB_Device_Library/Class/CustomHID/Src/usbd_customhid.o
 .text.USBD_CUSTOM_HID_RegisterInterface
                0x08007374       0x34 ./Middlewares/ST/STM32_USB_Device_Library/Class/CustomHID/Src/usbd_customhid.o
                0x08007374                USBD_CUSTOM_HID_RegisterInterface
 .text.USBD_Init
                0x080073a8       0x60 ./Middlewares/ST/STM32_USB_Device_Library/Core/Src/usbd_core.o
                0x080073a8                USBD_Init
 .text.USBD_RegisterClass
                0x08007408       0x6c ./Middlewares/ST/STM32_USB_Device_Library/Core/Src/usbd_core.o
                0x08007408                USBD_RegisterClass
 .text.USBD_Start
                0x08007474       0x18 ./Middlewares/ST/STM32_USB_Device_Library/Core/Src/usbd_core.o
                0x08007474                USBD_Start
 .text.USBD_RunTestMode
                0x0800748c       0x16 ./Middlewares/ST/STM32_USB_Device_Library/Core/Src/usbd_core.o
                0x0800748c                USBD_RunTestMode
 .text.USBD_SetClassConfig
                0x080074a2       0x38 ./Middlewares/ST/STM32_USB_Device_Library/Core/Src/usbd_core.o
                0x080074a2                USBD_SetClassConfig
 .text.USBD_ClrClassConfig
                0x080074da       0x34 ./Middlewares/ST/STM32_USB_Device_Library/Core/Src/usbd_core.o
                0x080074da                USBD_ClrClassConfig
 .text.USBD_LL_SetupStage
                0x0800750e       0xaa ./Middlewares/ST/STM32_USB_Device_Library/Core/Src/usbd_core.o
                0x0800750e                USBD_LL_SetupStage
 .text.USBD_LL_DataOutStage
                0x080075b8      0x166 ./Middlewares/ST/STM32_USB_Device_Library/Core/Src/usbd_core.o
                0x080075b8                USBD_LL_DataOutStage
 .text.USBD_LL_DataInStage
                0x0800771e      0x164 ./Middlewares/ST/STM32_USB_Device_Library/Core/Src/usbd_core.o
                0x0800771e                USBD_LL_DataInStage
 .text.USBD_LL_Reset
                0x08007882       0xa4 ./Middlewares/ST/STM32_USB_Device_Library/Core/Src/usbd_core.o
                0x08007882                USBD_LL_Reset
 .text.USBD_LL_SetSpeed
                0x08007926       0x20 ./Middlewares/ST/STM32_USB_Device_Library/Core/Src/usbd_core.o
                0x08007926                USBD_LL_SetSpeed
 .text.USBD_LL_Suspend
                0x08007946       0x38 ./Middlewares/ST/STM32_USB_Device_Library/Core/Src/usbd_core.o
                0x08007946                USBD_LL_Suspend
 .text.USBD_LL_Resume
                0x0800797e       0x30 ./Middlewares/ST/STM32_USB_Device_Library/Core/Src/usbd_core.o
                0x0800797e                USBD_LL_Resume
 .text.USBD_LL_SOF
                0x080079ae       0x40 ./Middlewares/ST/STM32_USB_Device_Library/Core/Src/usbd_core.o
                0x080079ae                USBD_LL_SOF
 .text.USBD_LL_IsoINIncomplete
                0x080079ee       0x64 ./Middlewares/ST/STM32_USB_Device_Library/Core/Src/usbd_core.o
                0x080079ee                USBD_LL_IsoINIncomplete
 .text.USBD_LL_IsoOUTIncomplete
                0x08007a52       0x64 ./Middlewares/ST/STM32_USB_Device_Library/Core/Src/usbd_core.o
                0x08007a52                USBD_LL_IsoOUTIncomplete
 .text.USBD_LL_DevConnected
                0x08007ab6       0x16 ./Middlewares/ST/STM32_USB_Device_Library/Core/Src/usbd_core.o
                0x08007ab6                USBD_LL_DevConnected
 .text.USBD_LL_DevDisconnected
                0x08007acc       0x46 ./Middlewares/ST/STM32_USB_Device_Library/Core/Src/usbd_core.o
                0x08007acc                USBD_LL_DevDisconnected
 .text.USBD_CoreFindIF
                0x08007b12       0x1a ./Middlewares/ST/STM32_USB_Device_Library/Core/Src/usbd_core.o
                0x08007b12                USBD_CoreFindIF
 .text.USBD_CoreFindEP
                0x08007b2c       0x1a ./Middlewares/ST/STM32_USB_Device_Library/Core/Src/usbd_core.o
                0x08007b2c                USBD_CoreFindEP
 .text.USBD_GetEpDesc
                0x08007b46       0x70 ./Middlewares/ST/STM32_USB_Device_Library/Core/Src/usbd_core.o
                0x08007b46                USBD_GetEpDesc
 .text.USBD_GetNextDesc
                0x08007bb6       0x38 ./Middlewares/ST/STM32_USB_Device_Library/Core/Src/usbd_core.o
                0x08007bb6                USBD_GetNextDesc
 .text.SWAPBYTE
                0x08007bee       0x3e ./Middlewares/ST/STM32_USB_Device_Library/Core/Src/usbd_ctlreq.o
 .text.USBD_StdDevReq
                0x08007c2c       0xe4 ./Middlewares/ST/STM32_USB_Device_Library/Core/Src/usbd_ctlreq.o
                0x08007c2c                USBD_StdDevReq
 .text.USBD_StdItfReq
                0x08007d10       0xd8 ./Middlewares/ST/STM32_USB_Device_Library/Core/Src/usbd_ctlreq.o
                0x08007d10                USBD_StdItfReq
 .text.USBD_StdEPReq
                0x08007de8      0x33a ./Middlewares/ST/STM32_USB_Device_Library/Core/Src/usbd_ctlreq.o
                0x08007de8                USBD_StdEPReq
 *fill*         0x08008122        0x2 
 .text.USBD_GetDescriptor
                0x08008124      0x2d4 ./Middlewares/ST/STM32_USB_Device_Library/Core/Src/usbd_ctlreq.o
 .text.USBD_SetAddress
                0x080083f8       0x88 ./Middlewares/ST/STM32_USB_Device_Library/Core/Src/usbd_ctlreq.o
 .text.USBD_SetConfig
                0x08008480      0x154 ./Middlewares/ST/STM32_USB_Device_Library/Core/Src/usbd_ctlreq.o
 .text.USBD_GetConfig
                0x080085d4       0x6c ./Middlewares/ST/STM32_USB_Device_Library/Core/Src/usbd_ctlreq.o
 .text.USBD_GetStatus
                0x08008640       0x68 ./Middlewares/ST/STM32_USB_Device_Library/Core/Src/usbd_ctlreq.o
 .text.USBD_SetFeature
                0x080086a8       0x52 ./Middlewares/ST/STM32_USB_Device_Library/Core/Src/usbd_ctlreq.o
 .text.USBD_ClrFeature
                0x080086fa       0x44 ./Middlewares/ST/STM32_USB_Device_Library/Core/Src/usbd_ctlreq.o
 .text.USBD_ParseSetupRequest
                0x0800873e       0x74 ./Middlewares/ST/STM32_USB_Device_Library/Core/Src/usbd_ctlreq.o
                0x0800873e                USBD_ParseSetupRequest
 .text.USBD_CtlError
                0x080087b2       0x22 ./Middlewares/ST/STM32_USB_Device_Library/Core/Src/usbd_ctlreq.o
                0x080087b2                USBD_CtlError
 .text.USBD_GetString
                0x080087d4       0xa4 ./Middlewares/ST/STM32_USB_Device_Library/Core/Src/usbd_ctlreq.o
                0x080087d4                USBD_GetString
 .text.USBD_GetLen
                0x08008878       0x34 ./Middlewares/ST/STM32_USB_Device_Library/Core/Src/usbd_ctlreq.o
 .text.USBD_CtlSendData
                0x080088ac       0x36 ./Middlewares/ST/STM32_USB_Device_Library/Core/Src/usbd_ioreq.o
                0x080088ac                USBD_CtlSendData
 .text.USBD_CtlContinueSendData
                0x080088e2       0x22 ./Middlewares/ST/STM32_USB_Device_Library/Core/Src/usbd_ioreq.o
                0x080088e2                USBD_CtlContinueSendData
 .text.USBD_CtlPrepareRx
                0x08008904       0x3a ./Middlewares/ST/STM32_USB_Device_Library/Core/Src/usbd_ioreq.o
                0x08008904                USBD_CtlPrepareRx
 .text.USBD_CtlContinueRx
                0x0800893e       0x22 ./Middlewares/ST/STM32_USB_Device_Library/Core/Src/usbd_ioreq.o
                0x0800893e                USBD_CtlContinueRx
 .text.USBD_CtlSendStatus
                0x08008960       0x26 ./Middlewares/ST/STM32_USB_Device_Library/Core/Src/usbd_ioreq.o
                0x08008960                USBD_CtlSendStatus
 .text.USBD_CtlReceiveStatus
                0x08008986       0x26 ./Middlewares/ST/STM32_USB_Device_Library/Core/Src/usbd_ioreq.o
                0x08008986                USBD_CtlReceiveStatus
 .text.MX_USB_DEVICE_Init
                0x080089ac       0x60 ./USB_DEVICE/App/usb_device.o
                0x080089ac                MX_USB_DEVICE_Init
 .text.CUSTOM_HID_Init_FS
                0x08008a0c       0x10 ./USB_DEVICE/App/usbd_custom_hid_if.o
 .text.CUSTOM_HID_DeInit_FS
                0x08008a1c       0x10 ./USB_DEVICE/App/usbd_custom_hid_if.o
 .text.CUSTOM_HID_OutEvent_FS
                0x08008a2c      0x1dc ./USB_DEVICE/App/usbd_custom_hid_if.o
 .text.CUSTOM_HID_GetReport
                0x08008c08       0x88 ./USB_DEVICE/App/usbd_custom_hid_if.o
 .text.USBD_FS_DeviceDescriptor
                0x08008c90       0x24 ./USB_DEVICE/App/usbd_desc.o
                0x08008c90                USBD_FS_DeviceDescriptor
 .text.USBD_FS_LangIDStrDescriptor
                0x08008cb4       0x24 ./USB_DEVICE/App/usbd_desc.o
                0x08008cb4                USBD_FS_LangIDStrDescriptor
 .text.USBD_FS_ProductStrDescriptor
                0x08008cd8       0x3c ./USB_DEVICE/App/usbd_desc.o
                0x08008cd8                USBD_FS_ProductStrDescriptor
 .text.USBD_FS_ManufacturerStrDescriptor
                0x08008d14       0x28 ./USB_DEVICE/App/usbd_desc.o
                0x08008d14                USBD_FS_ManufacturerStrDescriptor
 .text.USBD_FS_SerialStrDescriptor
                0x08008d3c       0x24 ./USB_DEVICE/App/usbd_desc.o
                0x08008d3c                USBD_FS_SerialStrDescriptor
 .text.USBD_FS_ConfigStrDescriptor
                0x08008d60       0x3c ./USB_DEVICE/App/usbd_desc.o
                0x08008d60                USBD_FS_ConfigStrDescriptor
 .text.USBD_FS_InterfaceStrDescriptor
                0x08008d9c       0x3c ./USB_DEVICE/App/usbd_desc.o
                0x08008d9c                USBD_FS_InterfaceStrDescriptor
 .text.Get_SerialNum
                0x08008dd8       0x58 ./USB_DEVICE/App/usbd_desc.o
 .text.IntToUnicode
                0x08008e30       0x7e ./USB_DEVICE/App/usbd_desc.o
 *fill*         0x08008eae        0x2 
 .text.HAL_PCD_MspInit
                0x08008eb0       0xa8 ./USB_DEVICE/Target/usbd_conf.o
                0x08008eb0                HAL_PCD_MspInit
 .text.HAL_PCD_SetupStageCallback
                0x08008f58       0x24 ./USB_DEVICE/Target/usbd_conf.o
                0x08008f58                HAL_PCD_SetupStageCallback
 .text.HAL_PCD_DataOutStageCallback
                0x08008f7c       0x36 ./USB_DEVICE/Target/usbd_conf.o
                0x08008f7c                HAL_PCD_DataOutStageCallback
 .text.HAL_PCD_DataInStageCallback
                0x08008fb2       0x34 ./USB_DEVICE/Target/usbd_conf.o
                0x08008fb2                HAL_PCD_DataInStageCallback
 .text.HAL_PCD_SOFCallback
                0x08008fe6       0x1c ./USB_DEVICE/Target/usbd_conf.o
                0x08008fe6                HAL_PCD_SOFCallback
 .text.HAL_PCD_ResetCallback
                0x08009002       0x50 ./USB_DEVICE/Target/usbd_conf.o
                0x08009002                HAL_PCD_ResetCallback
 *fill*         0x08009052        0x2 
 .text.HAL_PCD_SuspendCallback
                0x08009054       0x4c ./USB_DEVICE/Target/usbd_conf.o
                0x08009054                HAL_PCD_SuspendCallback
 .text.HAL_PCD_ResumeCallback
                0x080090a0       0x1c ./USB_DEVICE/Target/usbd_conf.o
                0x080090a0                HAL_PCD_ResumeCallback
 .text.HAL_PCD_ISOOUTIncompleteCallback
                0x080090bc       0x24 ./USB_DEVICE/Target/usbd_conf.o
                0x080090bc                HAL_PCD_ISOOUTIncompleteCallback
 .text.HAL_PCD_ISOINIncompleteCallback
                0x080090e0       0x24 ./USB_DEVICE/Target/usbd_conf.o
                0x080090e0                HAL_PCD_ISOINIncompleteCallback
 .text.HAL_PCD_ConnectCallback
                0x08009104       0x1c ./USB_DEVICE/Target/usbd_conf.o
                0x08009104                HAL_PCD_ConnectCallback
 .text.HAL_PCD_DisconnectCallback
                0x08009120       0x1c ./USB_DEVICE/Target/usbd_conf.o
                0x08009120                HAL_PCD_DisconnectCallback
 .text.USBD_LL_Init
                0x0800913c       0x98 ./USB_DEVICE/Target/usbd_conf.o
                0x0800913c                USBD_LL_Init
 .text.USBD_LL_Start
                0x080091d4       0x36 ./USB_DEVICE/Target/usbd_conf.o
                0x080091d4                USBD_LL_Start
 .text.USBD_LL_OpenEP
                0x0800920a       0x4c ./USB_DEVICE/Target/usbd_conf.o
                0x0800920a                USBD_LL_OpenEP
 .text.USBD_LL_CloseEP
                0x08009256       0x3e ./USB_DEVICE/Target/usbd_conf.o
                0x08009256                USBD_LL_CloseEP
 .text.USBD_LL_StallEP
                0x08009294       0x3e ./USB_DEVICE/Target/usbd_conf.o
                0x08009294                USBD_LL_StallEP
 .text.USBD_LL_ClearStallEP
                0x080092d2       0x3e ./USB_DEVICE/Target/usbd_conf.o
                0x080092d2                USBD_LL_ClearStallEP
 .text.USBD_LL_IsStallEP
                0x08009310       0x58 ./USB_DEVICE/Target/usbd_conf.o
                0x08009310                USBD_LL_IsStallEP
 .text.USBD_LL_SetUSBAddress
                0x08009368       0x3e ./USB_DEVICE/Target/usbd_conf.o
                0x08009368                USBD_LL_SetUSBAddress
 .text.USBD_LL_Transmit
                0x080093a6       0x42 ./USB_DEVICE/Target/usbd_conf.o
                0x080093a6                USBD_LL_Transmit
 .text.USBD_LL_PrepareReceive
                0x080093e8       0x42 ./USB_DEVICE/Target/usbd_conf.o
                0x080093e8                USBD_LL_PrepareReceive
 *fill*         0x0800942a        0x2 
 .text.USBD_static_malloc
                0x0800942c       0x1c ./USB_DEVICE/Target/usbd_conf.o
                0x0800942c                USBD_static_malloc
 .text.USBD_static_free
                0x08009448       0x14 ./USB_DEVICE/Target/usbd_conf.o
                0x08009448                USBD_static_free
 .text.USBD_Get_USB_Status
                0x0800945c       0x58 ./USB_DEVICE/Target/usbd_conf.o
                0x0800945c                USBD_Get_USB_Status
 .text.find_free_effect
                0x080094b4       0x5c ./UserExtensions/Src/ForceFeedback.o
                0x080094b4                find_free_effect
 .text.create_new_effect
                0x08009510       0xb4 ./UserExtensions/Src/ForceFeedback.o
                0x08009510                create_new_effect
 .text.process_set_constant_force
                0x080095c4       0x50 ./UserExtensions/Src/ForceFeedback.o
                0x080095c4                process_set_constant_force
 .text.process_set_effect
                0x08009614       0x88 ./UserExtensions/Src/ForceFeedback.o
                0x08009614                process_set_effect
 .text.process_set_condition
                0x0800969c       0xe4 ./UserExtensions/Src/ForceFeedback.o
                0x0800969c                process_set_condition
 .text.stop_all_effects
                0x08009780       0x3c ./UserExtensions/Src/ForceFeedback.o
                0x08009780                stop_all_effects
 .text.reset_all_effects
                0x080097bc       0x18 ./UserExtensions/Src/ForceFeedback.o
                0x080097bc                reset_all_effects
 .text.pause_all_effects
                0x080097d4       0x18 ./UserExtensions/Src/ForceFeedback.o
                0x080097d4                pause_all_effects
 .text.resume_effects
                0x080097ec       0x18 ./UserExtensions/Src/ForceFeedback.o
                0x080097ec                resume_effects
 .text.handle_ffb_control
                0x08009804       0x70 ./UserExtensions/Src/ForceFeedback.o
                0x08009804                handle_ffb_control
 .text.set_global_gain
                0x08009874       0x24 ./UserExtensions/Src/ForceFeedback.o
                0x08009874                set_global_gain
 .text.free_effect
                0x08009898       0x38 ./UserExtensions/Src/ForceFeedback.o
                0x08009898                free_effect
 .text.SetupMotor
                0x080098d0      0x138 ./UserExtensions/Src/MotorControl.o
                0x080098d0                SetupMotor
 .text.MotorControl
                0x08009a08      0x22c ./UserExtensions/Src/MotorControl.o
                0x08009a08                MotorControl
 .text.FilterADC
                0x08009c34       0x70 ./UserExtensions/Src/Pedals.o
                0x08009c34                FilterADC
 .text.UpdatePedals
                0x08009ca4      0x110 ./UserExtensions/Src/Pedals.o
                0x08009ca4                UpdatePedals
 .text.select_mux_channel
                0x08009db4       0x5c ./UserExtensions/Src/Shifter.o
                0x08009db4                select_mux_channel
 .text.read_mux_output
                0x08009e10       0x18 ./UserExtensions/Src/Shifter.o
                0x08009e10                read_mux_output
 .text.UpdateShifter
                0x08009e28      0x224 ./UserExtensions/Src/Shifter.o
                0x08009e28                UpdateShifter
 .text.HAL_GPIO_EXTI_Callback
                0x0800a04c       0x44 ./UserExtensions/Src/Wheel.o
                0x0800a04c                HAL_GPIO_EXTI_Callback
 .text.StartEncoder
                0x0800a090       0x14 ./UserExtensions/Src/Wheel.o
                0x0800a090                StartEncoder
 .text.UpdateWheel
                0x0800a0a4       0x34 ./UserExtensions/Src/Wheel.o
                0x0800a0a4                UpdateWheel
 .text.sqrtf    0x0800a0d8       0x3c C:/ST/STM32CubeIDE_1.18.0/STM32CubeIDE/plugins/com.st.stm32cube.ide.mcu.externaltools.gnu-tools-for-stm32.13.3.rel1.win32_1.0.0.202411081344/tools/bin/../lib/gcc/arm-none-eabi/13.3.1/../../../../arm-none-eabi/lib/thumb/v7e-m+fp/hard\libm.a(libm_a-wf_sqrt.o)
                0x0800a0d8                sqrtf
 .text.sinf     0x0800a114       0x8c C:/ST/STM32CubeIDE_1.18.0/STM32CubeIDE/plugins/com.st.stm32cube.ide.mcu.externaltools.gnu-tools-for-stm32.13.3.rel1.win32_1.0.0.202411081344/tools/bin/../lib/gcc/arm-none-eabi/13.3.1/../../../../arm-none-eabi/lib/thumb/v7e-m+fp/hard\libm.a(libm_a-sf_sin.o)
                0x0800a114                sinf
 .text.__ieee754_sqrtf
                0x0800a1a0        0x6 C:/ST/STM32CubeIDE_1.18.0/STM32CubeIDE/plugins/com.st.stm32cube.ide.mcu.externaltools.gnu-tools-for-stm32.13.3.rel1.win32_1.0.0.202411081344/tools/bin/../lib/gcc/arm-none-eabi/13.3.1/../../../../arm-none-eabi/lib/thumb/v7e-m+fp/hard\libm.a(libm_a-ef_sqrt.o)
                0x0800a1a0                __ieee754_sqrtf
 *fill*         0x0800a1a6        0x2 
 .text.__kernel_cosf
                0x0800a1a8       0xb0 C:/ST/STM32CubeIDE_1.18.0/STM32CubeIDE/plugins/com.st.stm32cube.ide.mcu.externaltools.gnu-tools-for-stm32.13.3.rel1.win32_1.0.0.202411081344/tools/bin/../lib/gcc/arm-none-eabi/13.3.1/../../../../arm-none-eabi/lib/thumb/v7e-m+fp/hard\libm.a(libm_a-kf_cos.o)
                0x0800a1a8                __kernel_cosf
 .text.__kernel_sinf
                0x0800a258       0x90 C:/ST/STM32CubeIDE_1.18.0/STM32CubeIDE/plugins/com.st.stm32cube.ide.mcu.externaltools.gnu-tools-for-stm32.13.3.rel1.win32_1.0.0.202411081344/tools/bin/../lib/gcc/arm-none-eabi/13.3.1/../../../../arm-none-eabi/lib/thumb/v7e-m+fp/hard\libm.a(libm_a-kf_sin.o)
                0x0800a258                __kernel_sinf
 .text.__ieee754_rem_pio2f
                0x0800a2e8      0x260 C:/ST/STM32CubeIDE_1.18.0/STM32CubeIDE/plugins/com.st.stm32cube.ide.mcu.externaltools.gnu-tools-for-stm32.13.3.rel1.win32_1.0.0.202411081344/tools/bin/../lib/gcc/arm-none-eabi/13.3.1/../../../../arm-none-eabi/lib/thumb/v7e-m+fp/hard\libm.a(libm_a-ef_rem_pio2.o)
                0x0800a2e8                __ieee754_rem_pio2f
 .text.fabsf    0x0800a548        0xe C:/ST/STM32CubeIDE_1.18.0/STM32CubeIDE/plugins/com.st.stm32cube.ide.mcu.externaltools.gnu-tools-for-stm32.13.3.rel1.win32_1.0.0.202411081344/tools/bin/../lib/gcc/arm-none-eabi/13.3.1/../../../../arm-none-eabi/lib/thumb/v7e-m+fp/hard\libm.a(libm_a-sf_fabs.o)
                0x0800a548                fabsf
 *fill*         0x0800a556        0x2 
 .text.__kernel_rem_pio2f
                0x0800a558      0x4d0 C:/ST/STM32CubeIDE_1.18.0/STM32CubeIDE/plugins/com.st.stm32cube.ide.mcu.externaltools.gnu-tools-for-stm32.13.3.rel1.win32_1.0.0.202411081344/tools/bin/../lib/gcc/arm-none-eabi/13.3.1/../../../../arm-none-eabi/lib/thumb/v7e-m+fp/hard\libm.a(libm_a-kf_rem_pio2.o)
                0x0800a558                __kernel_rem_pio2f
 .text.scalbnf  0x0800aa28       0xcc C:/ST/STM32CubeIDE_1.18.0/STM32CubeIDE/plugins/com.st.stm32cube.ide.mcu.externaltools.gnu-tools-for-stm32.13.3.rel1.win32_1.0.0.202411081344/tools/bin/../lib/gcc/arm-none-eabi/13.3.1/../../../../arm-none-eabi/lib/thumb/v7e-m+fp/hard\libm.a(libm_a-sf_scalbn.o)
                0x0800aa28                scalbnf
 .text.floorf   0x0800aaf4       0x88 C:/ST/STM32CubeIDE_1.18.0/STM32CubeIDE/plugins/com.st.stm32cube.ide.mcu.externaltools.gnu-tools-for-stm32.13.3.rel1.win32_1.0.0.202411081344/tools/bin/../lib/gcc/arm-none-eabi/13.3.1/../../../../arm-none-eabi/lib/thumb/v7e-m+fp/hard\libm.a(libm_a-sf_floor.o)
                0x0800aaf4                floorf
 .text.memset   0x0800ab7c       0x10 C:/ST/STM32CubeIDE_1.18.0/STM32CubeIDE/plugins/com.st.stm32cube.ide.mcu.externaltools.gnu-tools-for-stm32.13.3.rel1.win32_1.0.0.202411081344/tools/bin/../lib/gcc/arm-none-eabi/13.3.1/../../../../arm-none-eabi/lib/thumb/v7e-m+fp/hard\libc_nano.a(libc_a-memset.o)
                0x0800ab7c                memset
 .text.__errno  0x0800ab8c        0xc C:/ST/STM32CubeIDE_1.18.0/STM32CubeIDE/plugins/com.st.stm32cube.ide.mcu.externaltools.gnu-tools-for-stm32.13.3.rel1.win32_1.0.0.202411081344/tools/bin/../lib/gcc/arm-none-eabi/13.3.1/../../../../arm-none-eabi/lib/thumb/v7e-m+fp/hard\libc_nano.a(libc_a-errno.o)
                0x0800ab8c                __errno
 .text.__libc_init_array
                0x0800ab98       0x48 C:/ST/STM32CubeIDE_1.18.0/STM32CubeIDE/plugins/com.st.stm32cube.ide.mcu.externaltools.gnu-tools-for-stm32.13.3.rel1.win32_1.0.0.202411081344/tools/bin/../lib/gcc/arm-none-eabi/13.3.1/../../../../arm-none-eabi/lib/thumb/v7e-m+fp/hard\libc_nano.a(libc_a-init.o)
                0x0800ab98                __libc_init_array
 *(.glue_7)
 .glue_7        0x0800abe0        0x0 linker stubs
 *(.glue_7t)
 .glue_7t       0x0800abe0        0x0 linker stubs
 *(.eh_frame)
 .eh_frame      0x0800abe0        0x0 C:/ST/STM32CubeIDE_1.18.0/STM32CubeIDE/plugins/com.st.stm32cube.ide.mcu.externaltools.gnu-tools-for-stm32.13.3.rel1.win32_1.0.0.202411081344/tools/bin/../lib/gcc/arm-none-eabi/13.3.1/thumb/v7e-m+fp/hard/crtbegin.o
 *(.init)
 .init          0x0800abe0        0x4 C:/ST/STM32CubeIDE_1.18.0/STM32CubeIDE/plugins/com.st.stm32cube.ide.mcu.externaltools.gnu-tools-for-stm32.13.3.rel1.win32_1.0.0.202411081344/tools/bin/../lib/gcc/arm-none-eabi/13.3.1/thumb/v7e-m+fp/hard/crti.o
                0x0800abe0                _init
 .init          0x0800abe4        0x8 C:/ST/STM32CubeIDE_1.18.0/STM32CubeIDE/plugins/com.st.stm32cube.ide.mcu.externaltools.gnu-tools-for-stm32.13.3.rel1.win32_1.0.0.202411081344/tools/bin/../lib/gcc/arm-none-eabi/13.3.1/thumb/v7e-m+fp/hard/crtn.o
 *(.fini)
 .fini          0x0800abec        0x4 C:/ST/STM32CubeIDE_1.18.0/STM32CubeIDE/plugins/com.st.stm32cube.ide.mcu.externaltools.gnu-tools-for-stm32.13.3.rel1.win32_1.0.0.202411081344/tools/bin/../lib/gcc/arm-none-eabi/13.3.1/thumb/v7e-m+fp/hard/crti.o
                0x0800abec                _fini
 .fini          0x0800abf0        0x8 C:/ST/STM32CubeIDE_1.18.0/STM32CubeIDE/plugins/com.st.stm32cube.ide.mcu.externaltools.gnu-tools-for-stm32.13.3.rel1.win32_1.0.0.202411081344/tools/bin/../lib/gcc/arm-none-eabi/13.3.1/thumb/v7e-m+fp/hard/crtn.o
                0x0800abf8                        . = ALIGN (0x4)
                0x0800abf8                        _etext = .

.vfp11_veneer   0x0800abf8        0x0
 .vfp11_veneer  0x0800abf8        0x0 linker stubs

.v4_bx          0x0800abf8        0x0
 .v4_bx         0x0800abf8        0x0 linker stubs

.iplt           0x0800abf8        0x0
 .iplt          0x0800abf8        0x0 C:/ST/STM32CubeIDE_1.18.0/STM32CubeIDE/plugins/com.st.stm32cube.ide.mcu.externaltools.gnu-tools-for-stm32.13.3.rel1.win32_1.0.0.202411081344/tools/bin/../lib/gcc/arm-none-eabi/13.3.1/thumb/v7e-m+fp/hard/crtbegin.o

.rodata         0x0800abf8      0x440
                0x0800abf8                        . = ALIGN (0x4)
 *(.rodata)
 .rodata        0x0800abf8       0x5d ./USB_DEVICE/App/usbd_desc.o
 *(.rodata*)
 *fill*         0x0800ac55        0x3 
 .rodata.AHBPrescTable
                0x0800ac58       0x10 ./Core/Src/system_stm32f4xx.o
                0x0800ac58                AHBPrescTable
 .rodata.npio2_hw
                0x0800ac68       0x80 C:/ST/STM32CubeIDE_1.18.0/STM32CubeIDE/plugins/com.st.stm32cube.ide.mcu.externaltools.gnu-tools-for-stm32.13.3.rel1.win32_1.0.0.202411081344/tools/bin/../lib/gcc/arm-none-eabi/13.3.1/../../../../arm-none-eabi/lib/thumb/v7e-m+fp/hard\libm.a(libm_a-ef_rem_pio2.o)
 .rodata.two_over_pi
                0x0800ace8      0x318 C:/ST/STM32CubeIDE_1.18.0/STM32CubeIDE/plugins/com.st.stm32cube.ide.mcu.externaltools.gnu-tools-for-stm32.13.3.rel1.win32_1.0.0.202411081344/tools/bin/../lib/gcc/arm-none-eabi/13.3.1/../../../../arm-none-eabi/lib/thumb/v7e-m+fp/hard\libm.a(libm_a-ef_rem_pio2.o)
 .rodata.PIo2   0x0800b000       0x2c C:/ST/STM32CubeIDE_1.18.0/STM32CubeIDE/plugins/com.st.stm32cube.ide.mcu.externaltools.gnu-tools-for-stm32.13.3.rel1.win32_1.0.0.202411081344/tools/bin/../lib/gcc/arm-none-eabi/13.3.1/../../../../arm-none-eabi/lib/thumb/v7e-m+fp/hard\libm.a(libm_a-kf_rem_pio2.o)
 .rodata.init_jk
                0x0800b02c        0xc C:/ST/STM32CubeIDE_1.18.0/STM32CubeIDE/plugins/com.st.stm32cube.ide.mcu.externaltools.gnu-tools-for-stm32.13.3.rel1.win32_1.0.0.202411081344/tools/bin/../lib/gcc/arm-none-eabi/13.3.1/../../../../arm-none-eabi/lib/thumb/v7e-m+fp/hard\libm.a(libm_a-kf_rem_pio2.o)
                0x0800b038                        . = ALIGN (0x4)

.ARM.extab      0x0800b038        0x0
                0x0800b038                        . = ALIGN (0x4)
 *(.ARM.extab* .gnu.linkonce.armextab.*)
                0x0800b038                        . = ALIGN (0x4)

.ARM            0x0800b038        0x8
                0x0800b038                        . = ALIGN (0x4)
                0x0800b038                        __exidx_start = .
 *(.ARM.exidx*)
 .ARM.exidx     0x0800b038        0x8 C:/ST/STM32CubeIDE_1.18.0/STM32CubeIDE/plugins/com.st.stm32cube.ide.mcu.externaltools.gnu-tools-for-stm32.13.3.rel1.win32_1.0.0.202411081344/tools/bin/../lib/gcc/arm-none-eabi/13.3.1/thumb/v7e-m+fp/hard\libgcc.a(_udivmoddi4.o)
                0x0800b040                        __exidx_end = .
                0x0800b040                        . = ALIGN (0x4)

.preinit_array  0x0800b040        0x0
                0x0800b040                        . = ALIGN (0x4)
                0x0800b040                        PROVIDE (__preinit_array_start = .)
 *(.preinit_array*)
                0x0800b040                        PROVIDE (__preinit_array_end = .)
                0x0800b040                        . = ALIGN (0x4)

.init_array     0x0800b040        0x4
                0x0800b040                        . = ALIGN (0x4)
                0x0800b040                        PROVIDE (__init_array_start = .)
 *(SORT_BY_NAME(.init_array.*))
 *(.init_array*)
 .init_array    0x0800b040        0x4 C:/ST/STM32CubeIDE_1.18.0/STM32CubeIDE/plugins/com.st.stm32cube.ide.mcu.externaltools.gnu-tools-for-stm32.13.3.rel1.win32_1.0.0.202411081344/tools/bin/../lib/gcc/arm-none-eabi/13.3.1/thumb/v7e-m+fp/hard/crtbegin.o
                0x0800b044                        PROVIDE (__init_array_end = .)
                0x0800b044                        . = ALIGN (0x4)

.fini_array     0x0800b044        0x4
                0x0800b044                        . = ALIGN (0x4)
                [!provide]                        PROVIDE (__fini_array_start = .)
 *(SORT_BY_NAME(.fini_array.*))
 *(.fini_array*)
 .fini_array    0x0800b044        0x4 C:/ST/STM32CubeIDE_1.18.0/STM32CubeIDE/plugins/com.st.stm32cube.ide.mcu.externaltools.gnu-tools-for-stm32.13.3.rel1.win32_1.0.0.202411081344/tools/bin/../lib/gcc/arm-none-eabi/13.3.1/thumb/v7e-m+fp/hard/crtbegin.o
                [!provide]                        PROVIDE (__fini_array_end = .)
                0x0800b048                        . = ALIGN (0x4)
                0x0800b048                        _sidata = LOADADDR (.data)

.rel.dyn        0x0800b048        0x0
 .rel.iplt      0x0800b048        0x0 C:/ST/STM32CubeIDE_1.18.0/STM32CubeIDE/plugins/com.st.stm32cube.ide.mcu.externaltools.gnu-tools-for-stm32.13.3.rel1.win32_1.0.0.202411081344/tools/bin/../lib/gcc/arm-none-eabi/13.3.1/thumb/v7e-m+fp/hard/crtbegin.o

.data           0x20000000      0x588 load address 0x0800b048
                0x20000000                        . = ALIGN (0x4)
                0x20000000                        _sdata = .
 *(.data)
 *(.data*)
 .data.SystemCoreClock
                0x20000000        0x4 ./Core/Src/system_stm32f4xx.o
                0x20000000                SystemCoreClock
 .data.uwTickPrio
                0x20000004        0x4 ./Drivers/STM32F4xx_HAL_Driver/Src/stm32f4xx_hal.o
                0x20000004                uwTickPrio
 .data.uwTickFreq
                0x20000008        0x1 ./Drivers/STM32F4xx_HAL_Driver/Src/stm32f4xx_hal.o
                0x20000008                uwTickFreq
 *fill*         0x20000009        0x3 
 .data.USBD_CUSTOM_HID
                0x2000000c       0x38 ./Middlewares/ST/STM32_USB_Device_Library/Class/CustomHID/Src/usbd_customhid.o
                0x2000000c                USBD_CUSTOM_HID
 .data.USBD_CUSTOM_HID_CfgDesc
                0x20000044       0x29 ./Middlewares/ST/STM32_USB_Device_Library/Class/CustomHID/Src/usbd_customhid.o
 *fill*         0x2000006d        0x3 
 .data.USBD_CUSTOM_HID_Desc
                0x20000070        0x9 ./Middlewares/ST/STM32_USB_Device_Library/Class/CustomHID/Src/usbd_customhid.o
 *fill*         0x20000079        0x3 
 .data.USBD_CUSTOM_HID_DeviceQualifierDesc
                0x2000007c        0xa ./Middlewares/ST/STM32_USB_Device_Library/Class/CustomHID/Src/usbd_customhid.o
 .data.CUSTOMHIDInEpAdd
                0x20000086        0x1 ./Middlewares/ST/STM32_USB_Device_Library/Class/CustomHID/Src/usbd_customhid.o
 .data.CUSTOMHIDOutEpAdd
                0x20000087        0x1 ./Middlewares/ST/STM32_USB_Device_Library/Class/CustomHID/Src/usbd_customhid.o
 .data.CUSTOM_HID_ReportDesc_FS
                0x20000088      0x43d ./USB_DEVICE/App/usbd_custom_hid_if.o
 *fill*         0x200004c5        0x3 
 .data.USBD_CustomHID_fops_FS
                0x200004c8       0x14 ./USB_DEVICE/App/usbd_custom_hid_if.o
                0x200004c8                USBD_CustomHID_fops_FS
 .data.poolReport.0
                0x200004dc        0x5 ./USB_DEVICE/App/usbd_custom_hid_if.o
 *fill*         0x200004e1        0x3 
 .data.FS_Desc  0x200004e4       0x1c ./USB_DEVICE/App/usbd_desc.o
                0x200004e4                FS_Desc
 .data.USBD_FS_DeviceDesc
                0x20000500       0x12 ./USB_DEVICE/App/usbd_desc.o
                0x20000500                USBD_FS_DeviceDesc
 *fill*         0x20000512        0x2 
 .data.USBD_LangIDDesc
                0x20000514        0x4 ./USB_DEVICE/App/usbd_desc.o
                0x20000514                USBD_LangIDDesc
 .data.USBD_StringSerial
                0x20000518       0x1a ./USB_DEVICE/App/usbd_desc.o
                0x20000518                USBD_StringSerial
 .data.global_gain
                0x20000532        0x1 ./UserExtensions/Src/ForceFeedback.o
                0x20000532                global_gain
 *fill*         0x20000533        0x1 
 .data.mag      0x20000534        0x4 ./UserExtensions/Src/MotorControl.o
                0x20000534                mag
 .data._impure_ptr
                0x20000538        0x4 C:/ST/STM32CubeIDE_1.18.0/STM32CubeIDE/plugins/com.st.stm32cube.ide.mcu.externaltools.gnu-tools-for-stm32.13.3.rel1.win32_1.0.0.202411081344/tools/bin/../lib/gcc/arm-none-eabi/13.3.1/../../../../arm-none-eabi/lib/thumb/v7e-m+fp/hard\libc_nano.a(libc_a-impure.o)
                0x20000538                _impure_ptr
 .data._impure_data
                0x2000053c       0x4c C:/ST/STM32CubeIDE_1.18.0/STM32CubeIDE/plugins/com.st.stm32cube.ide.mcu.externaltools.gnu-tools-for-stm32.13.3.rel1.win32_1.0.0.202411081344/tools/bin/../lib/gcc/arm-none-eabi/13.3.1/../../../../arm-none-eabi/lib/thumb/v7e-m+fp/hard\libc_nano.a(libc_a-impure.o)
                0x2000053c                _impure_data
 *(.RamFunc)
 *(.RamFunc*)
                0x20000588                        . = ALIGN (0x4)
                0x20000588                        _edata = .
                0x0800b5d0                        _siccmram = LOADADDR (.ccmram)

.igot.plt       0x20000588        0x0 load address 0x0800b5d0
 .igot.plt      0x20000588        0x0 C:/ST/STM32CubeIDE_1.18.0/STM32CubeIDE/plugins/com.st.stm32cube.ide.mcu.externaltools.gnu-tools-for-stm32.13.3.rel1.win32_1.0.0.202411081344/tools/bin/../lib/gcc/arm-none-eabi/13.3.1/thumb/v7e-m+fp/hard/crtbegin.o

.ccmram         0x10000000        0x0 load address 0x0800b5d0
                0x10000000                        . = ALIGN (0x4)
                0x10000000                        _sccmram = .
 *(.ccmram)
 *(.ccmram*)
                0x10000000                        . = ALIGN (0x4)
                0x10000000                        _eccmram = .
                0x10000000                        . = ALIGN (0x4)

.bss            0x20000588     0x1728
                0x20000588                        _sbss = .
                0x20000588                        __bss_start__ = _sbss
 *(.bss)
 .bss           0x20000588       0x1c C:/ST/STM32CubeIDE_1.18.0/STM32CubeIDE/plugins/com.st.stm32cube.ide.mcu.externaltools.gnu-tools-for-stm32.13.3.rel1.win32_1.0.0.202411081344/tools/bin/../lib/gcc/arm-none-eabi/13.3.1/thumb/v7e-m+fp/hard/crtbegin.o
 *(.bss*)
 .bss.hadc1     0x200005a4       0x48 ./Core/Src/main.o
                0x200005a4                hadc1
 .bss.hadc2     0x200005ec       0x48 ./Core/Src/main.o
                0x200005ec                hadc2
 .bss.hadc3     0x20000634       0x48 ./Core/Src/main.o
                0x20000634                hadc3
 .bss.htim1     0x2000067c       0x48 ./Core/Src/main.o
                0x2000067c                htim1
 .bss.htim2     0x200006c4       0x48 ./Core/Src/main.o
                0x200006c4                htim2
 .bss.htim3     0x2000070c       0x48 ./Core/Src/main.o
                0x2000070c                htim3
 .bss.reportContainer
                0x20000754       0x19 ./Core/Src/main.o
                0x20000754                reportContainer
 *fill*         0x2000076d        0x3 
 .bss.uwTick    0x20000770        0x4 ./Drivers/STM32F4xx_HAL_Driver/Src/stm32f4xx_hal.o
                0x20000770                uwTick
 .bss.cfgidx.0  0x20000774        0x1 ./Middlewares/ST/STM32_USB_Device_Library/Core/Src/usbd_ctlreq.o
 *fill*         0x20000775        0x3 
 .bss.hUsbDeviceFS
                0x20000778      0x2dc ./USB_DEVICE/App/usb_device.o
                0x20000778                hUsbDeviceFS
 .bss.g_hhid    0x20000a54        0x4 ./USB_DEVICE/App/usbd_custom_hid_if.o
                0x20000a54                g_hhid
 .bss.reportBuffer.1
                0x20000a58        0x5 ./USB_DEVICE/App/usbd_custom_hid_if.o
 *fill*         0x20000a5d        0x3 
 .bss.USBD_StrDesc
                0x20000a60      0x200 ./USB_DEVICE/App/usbd_desc.o
                0x20000a60                USBD_StrDesc
 .bss.hpcd_USB_OTG_FS
                0x20000c60      0x4e4 ./USB_DEVICE/Target/usbd_conf.o
                0x20000c60                hpcd_USB_OTG_FS
 .bss.mem.0     0x20001144       0x58 ./USB_DEVICE/Target/usbd_conf.o
 .bss.effects   0x2000119c      0x960 ./UserExtensions/Src/ForceFeedback.o
                0x2000119c                effects
 .bss.blockLoadReport
                0x20001afc        0x5 ./UserExtensions/Src/ForceFeedback.o
                0x20001afc                blockLoadReport
 .bss.ffb_active
                0x20001b01        0x1 ./UserExtensions/Src/ForceFeedback.o
                0x20001b01                ffb_active
 *fill*         0x20001b02        0x2 
 .bss.ph        0x20001b04        0x4 ./UserExtensions/Src/MotorControl.o
                0x20001b04                ph
 .bss.C         0x20001b08        0x4 ./UserExtensions/Src/MotorControl.o
                0x20001b08                C
 .bss.c0        0x20001b0c        0x4 ./UserExtensions/Src/MotorControl.o
                0x20001b0c                c0
 .bss.c1        0x20001b10        0x4 ./UserExtensions/Src/MotorControl.o
                0x20001b10                c1
 .bss.c2        0x20001b14        0x4 ./UserExtensions/Src/MotorControl.o
                0x20001b14                c2
 .bss.C0        0x20001b18        0x4 ./UserExtensions/Src/MotorControl.o
                0x20001b18                C0
 .bss.C1        0x20001b1c        0x4 ./UserExtensions/Src/MotorControl.o
                0x20001b1c                C1
 .bss.adcValues
                0x20001b20        0x6 ./UserExtensions/Src/Pedals.o
                0x20001b20                adcValues
 *fill*         0x20001b26        0x2 
 .bss.clutchBuffer
                0x20001b28       0x10 ./UserExtensions/Src/Pedals.o
                0x20001b28                clutchBuffer
 .bss.clutchIndex
                0x20001b38        0x1 ./UserExtensions/Src/Pedals.o
                0x20001b38                clutchIndex
 *fill*         0x20001b39        0x1 
 .bss.rawClutch
                0x20001b3a        0x2 ./UserExtensions/Src/Pedals.o
                0x20001b3a                rawClutch
 .bss.clutch    0x20001b3c        0x2 ./UserExtensions/Src/Pedals.o
                0x20001b3c                clutch
 *fill*         0x20001b3e        0x2 
 .bss.brakeBuffer
                0x20001b40       0x10 ./UserExtensions/Src/Pedals.o
                0x20001b40                brakeBuffer
 .bss.brakeIndex
                0x20001b50        0x1 ./UserExtensions/Src/Pedals.o
                0x20001b50                brakeIndex
 *fill*         0x20001b51        0x1 
 .bss.rawBrake  0x20001b52        0x2 ./UserExtensions/Src/Pedals.o
                0x20001b52                rawBrake
 .bss.brake     0x20001b54        0x2 ./UserExtensions/Src/Pedals.o
                0x20001b54                brake
 *fill*         0x20001b56        0x2 
 .bss.throttleBuffer
                0x20001b58       0x10 ./UserExtensions/Src/Pedals.o
                0x20001b58                throttleBuffer
 .bss.throttleIndex
                0x20001b68        0x1 ./UserExtensions/Src/Pedals.o
                0x20001b68                throttleIndex
 *fill*         0x20001b69        0x1 
 .bss.rawThrottle
                0x20001b6a        0x2 ./UserExtensions/Src/Pedals.o
                0x20001b6a                rawThrottle
 .bss.throttle  0x20001b6c        0x2 ./UserExtensions/Src/Pedals.o
                0x20001b6c                throttle
 *fill*         0x20001b6e        0x2 
 .bss.inGear    0x20001b70        0x4 ./UserExtensions/Src/Shifter.o
                0x20001b70                inGear
 .bss.zeroLearned
                0x20001b74        0x1 ./UserExtensions/Src/Wheel.o
                0x20001b74                zeroLearned
 *fill*         0x20001b75        0x1 
 .bss.readValue
                0x20001b76        0x2 ./UserExtensions/Src/Wheel.o
                0x20001b76                readValue
 .bss.__sf      0x20001b78      0x138 C:/ST/STM32CubeIDE_1.18.0/STM32CubeIDE/plugins/com.st.stm32cube.ide.mcu.externaltools.gnu-tools-for-stm32.13.3.rel1.win32_1.0.0.202411081344/tools/bin/../lib/gcc/arm-none-eabi/13.3.1/../../../../arm-none-eabi/lib/thumb/v7e-m+fp/hard\libc_nano.a(libc_a-findfp.o)
                0x20001b78                __sf
 *(COMMON)
                0x20001cb0                        . = ALIGN (0x4)
                0x20001cb0                        _ebss = .
                0x20001cb0                        __bss_end__ = _ebss

._user_heap_stack
                0x20001cb0      0x600
                0x20001cb0                        . = ALIGN (0x8)
                [!provide]                        PROVIDE (end = .)
                0x20001cb0                        PROVIDE (_end = .)
                0x20001eb0                        . = (. + _Min_Heap_Size)
 *fill*         0x20001cb0      0x200 
                0x200022b0                        . = (. + _Min_Stack_Size)
 *fill*         0x20001eb0      0x400 
                0x200022b0                        . = ALIGN (0x8)

/DISCARD/
 libc.a(*)
 libm.a(*)
 libgcc.a(*)

.ARM.attributes
                0x00000000       0x30
 *(.ARM.attributes)
 .ARM.attributes
                0x00000000       0x22 C:/ST/STM32CubeIDE_1.18.0/STM32CubeIDE/plugins/com.st.stm32cube.ide.mcu.externaltools.gnu-tools-for-stm32.13.3.rel1.win32_1.0.0.202411081344/tools/bin/../lib/gcc/arm-none-eabi/13.3.1/thumb/v7e-m+fp/hard/crti.o
 .ARM.attributes
                0x00000022       0x34 C:/ST/STM32CubeIDE_1.18.0/STM32CubeIDE/plugins/com.st.stm32cube.ide.mcu.externaltools.gnu-tools-for-stm32.13.3.rel1.win32_1.0.0.202411081344/tools/bin/../lib/gcc/arm-none-eabi/13.3.1/thumb/v7e-m+fp/hard/crtbegin.o
 .ARM.attributes
                0x00000056       0x34 ./Core/Src/main.o
 .ARM.attributes
                0x0000008a       0x34 ./Core/Src/stm32f4xx_hal_msp.o
 .ARM.attributes
                0x000000be       0x34 ./Core/Src/stm32f4xx_it.o
 .ARM.attributes
                0x000000f2       0x34 ./Core/Src/system_stm32f4xx.o
 .ARM.attributes
                0x00000126       0x21 ./Core/Startup/startup_stm32f405rgtx.o
 .ARM.attributes
                0x00000147       0x34 ./Drivers/STM32F4xx_HAL_Driver/Src/stm32f4xx_hal.o
 .ARM.attributes
                0x0000017b       0x34 ./Drivers/STM32F4xx_HAL_Driver/Src/stm32f4xx_hal_adc.o
 .ARM.attributes
                0x000001af       0x34 ./Drivers/STM32F4xx_HAL_Driver/Src/stm32f4xx_hal_cortex.o
 .ARM.attributes
                0x000001e3       0x34 ./Drivers/STM32F4xx_HAL_Driver/Src/stm32f4xx_hal_gpio.o
 .ARM.attributes
                0x00000217       0x34 ./Drivers/STM32F4xx_HAL_Driver/Src/stm32f4xx_hal_pcd.o
 .ARM.attributes
                0x0000024b       0x34 ./Drivers/STM32F4xx_HAL_Driver/Src/stm32f4xx_hal_pcd_ex.o
 .ARM.attributes
                0x0000027f       0x34 ./Drivers/STM32F4xx_HAL_Driver/Src/stm32f4xx_hal_rcc.o
 .ARM.attributes
                0x000002b3       0x34 ./Drivers/STM32F4xx_HAL_Driver/Src/stm32f4xx_hal_tim.o
 .ARM.attributes
                0x000002e7       0x34 ./Drivers/STM32F4xx_HAL_Driver/Src/stm32f4xx_hal_tim_ex.o
 .ARM.attributes
                0x0000031b       0x34 ./Drivers/STM32F4xx_HAL_Driver/Src/stm32f4xx_ll_usb.o
 .ARM.attributes
                0x0000034f       0x34 ./Middlewares/ST/STM32_USB_Device_Library/Class/CustomHID/Src/usbd_customhid.o
 .ARM.attributes
                0x00000383       0x34 ./Middlewares/ST/STM32_USB_Device_Library/Core/Src/usbd_core.o
 .ARM.attributes
                0x000003b7       0x34 ./Middlewares/ST/STM32_USB_Device_Library/Core/Src/usbd_ctlreq.o
 .ARM.attributes
                0x000003eb       0x34 ./Middlewares/ST/STM32_USB_Device_Library/Core/Src/usbd_ioreq.o
 .ARM.attributes
                0x0000041f       0x34 ./USB_DEVICE/App/usb_device.o
 .ARM.attributes
                0x00000453       0x34 ./USB_DEVICE/App/usbd_custom_hid_if.o
 .ARM.attributes
                0x00000487       0x34 ./USB_DEVICE/App/usbd_desc.o
 .ARM.attributes
                0x000004bb       0x34 ./USB_DEVICE/Target/usbd_conf.o
 .ARM.attributes
                0x000004ef       0x34 ./UserExtensions/Src/ForceFeedback.o
 .ARM.attributes
                0x00000523       0x34 ./UserExtensions/Src/MotorControl.o
 .ARM.attributes
                0x00000557       0x34 ./UserExtensions/Src/Pedals.o
 .ARM.attributes
                0x0000058b       0x34 ./UserExtensions/Src/Shifter.o
 .ARM.attributes
                0x000005bf       0x34 ./UserExtensions/Src/Wheel.o
 .ARM.attributes
                0x000005f3       0x34 C:/ST/STM32CubeIDE_1.18.0/STM32CubeIDE/plugins/com.st.stm32cube.ide.mcu.externaltools.gnu-tools-for-stm32.13.3.rel1.win32_1.0.0.202411081344/tools/bin/../lib/gcc/arm-none-eabi/13.3.1/../../../../arm-none-eabi/lib/thumb/v7e-m+fp/hard\libm.a(libm_a-wf_sqrt.o)
 .ARM.attributes
                0x00000627       0x34 C:/ST/STM32CubeIDE_1.18.0/STM32CubeIDE/plugins/com.st.stm32cube.ide.mcu.externaltools.gnu-tools-for-stm32.13.3.rel1.win32_1.0.0.202411081344/tools/bin/../lib/gcc/arm-none-eabi/13.3.1/../../../../arm-none-eabi/lib/thumb/v7e-m+fp/hard\libm.a(libm_a-sf_sin.o)
 .ARM.attributes
                0x0000065b       0x34 C:/ST/STM32CubeIDE_1.18.0/STM32CubeIDE/plugins/com.st.stm32cube.ide.mcu.externaltools.gnu-tools-for-stm32.13.3.rel1.win32_1.0.0.202411081344/tools/bin/../lib/gcc/arm-none-eabi/13.3.1/../../../../arm-none-eabi/lib/thumb/v7e-m+fp/hard\libm.a(libm_a-ef_sqrt.o)
 .ARM.attributes
                0x0000068f       0x34 C:/ST/STM32CubeIDE_1.18.0/STM32CubeIDE/plugins/com.st.stm32cube.ide.mcu.externaltools.gnu-tools-for-stm32.13.3.rel1.win32_1.0.0.202411081344/tools/bin/../lib/gcc/arm-none-eabi/13.3.1/../../../../arm-none-eabi/lib/thumb/v7e-m+fp/hard\libm.a(libm_a-kf_cos.o)
 .ARM.attributes
                0x000006c3       0x34 C:/ST/STM32CubeIDE_1.18.0/STM32CubeIDE/plugins/com.st.stm32cube.ide.mcu.externaltools.gnu-tools-for-stm32.13.3.rel1.win32_1.0.0.202411081344/tools/bin/../lib/gcc/arm-none-eabi/13.3.1/../../../../arm-none-eabi/lib/thumb/v7e-m+fp/hard\libm.a(libm_a-kf_sin.o)
 .ARM.attributes
                0x000006f7       0x34 C:/ST/STM32CubeIDE_1.18.0/STM32CubeIDE/plugins/com.st.stm32cube.ide.mcu.externaltools.gnu-tools-for-stm32.13.3.rel1.win32_1.0.0.202411081344/tools/bin/../lib/gcc/arm-none-eabi/13.3.1/../../../../arm-none-eabi/lib/thumb/v7e-m+fp/hard\libm.a(libm_a-ef_rem_pio2.o)
 .ARM.attributes
                0x0000072b       0x34 C:/ST/STM32CubeIDE_1.18.0/STM32CubeIDE/plugins/com.st.stm32cube.ide.mcu.externaltools.gnu-tools-for-stm32.13.3.rel1.win32_1.0.0.202411081344/tools/bin/../lib/gcc/arm-none-eabi/13.3.1/../../../../arm-none-eabi/lib/thumb/v7e-m+fp/hard\libm.a(libm_a-sf_fabs.o)
 .ARM.attributes
                0x0000075f       0x34 C:/ST/STM32CubeIDE_1.18.0/STM32CubeIDE/plugins/com.st.stm32cube.ide.mcu.externaltools.gnu-tools-for-stm32.13.3.rel1.win32_1.0.0.202411081344/tools/bin/../lib/gcc/arm-none-eabi/13.3.1/../../../../arm-none-eabi/lib/thumb/v7e-m+fp/hard\libm.a(libm_a-kf_rem_pio2.o)
 .ARM.attributes
                0x00000793       0x34 C:/ST/STM32CubeIDE_1.18.0/STM32CubeIDE/plugins/com.st.stm32cube.ide.mcu.externaltools.gnu-tools-for-stm32.13.3.rel1.win32_1.0.0.202411081344/tools/bin/../lib/gcc/arm-none-eabi/13.3.1/../../../../arm-none-eabi/lib/thumb/v7e-m+fp/hard\libm.a(libm_a-sf_scalbn.o)
 .ARM.attributes
                0x000007c7       0x34 C:/ST/STM32CubeIDE_1.18.0/STM32CubeIDE/plugins/com.st.stm32cube.ide.mcu.externaltools.gnu-tools-for-stm32.13.3.rel1.win32_1.0.0.202411081344/tools/bin/../lib/gcc/arm-none-eabi/13.3.1/../../../../arm-none-eabi/lib/thumb/v7e-m+fp/hard\libm.a(libm_a-sf_floor.o)
 .ARM.attributes
                0x000007fb       0x34 C:/ST/STM32CubeIDE_1.18.0/STM32CubeIDE/plugins/com.st.stm32cube.ide.mcu.externaltools.gnu-tools-for-stm32.13.3.rel1.win32_1.0.0.202411081344/tools/bin/../lib/gcc/arm-none-eabi/13.3.1/../../../../arm-none-eabi/lib/thumb/v7e-m+fp/hard\libc_nano.a(libc_a-findfp.o)
 .ARM.attributes
                0x0000082f       0x34 C:/ST/STM32CubeIDE_1.18.0/STM32CubeIDE/plugins/com.st.stm32cube.ide.mcu.externaltools.gnu-tools-for-stm32.13.3.rel1.win32_1.0.0.202411081344/tools/bin/../lib/gcc/arm-none-eabi/13.3.1/../../../../arm-none-eabi/lib/thumb/v7e-m+fp/hard\libc_nano.a(libc_a-memset.o)
 .ARM.attributes
                0x00000863       0x34 C:/ST/STM32CubeIDE_1.18.0/STM32CubeIDE/plugins/com.st.stm32cube.ide.mcu.externaltools.gnu-tools-for-stm32.13.3.rel1.win32_1.0.0.202411081344/tools/bin/../lib/gcc/arm-none-eabi/13.3.1/../../../../arm-none-eabi/lib/thumb/v7e-m+fp/hard\libc_nano.a(libc_a-impure.o)
 .ARM.attributes
                0x00000897       0x34 C:/ST/STM32CubeIDE_1.18.0/STM32CubeIDE/plugins/com.st.stm32cube.ide.mcu.externaltools.gnu-tools-for-stm32.13.3.rel1.win32_1.0.0.202411081344/tools/bin/../lib/gcc/arm-none-eabi/13.3.1/../../../../arm-none-eabi/lib/thumb/v7e-m+fp/hard\libc_nano.a(libc_a-errno.o)
 .ARM.attributes
                0x000008cb       0x34 C:/ST/STM32CubeIDE_1.18.0/STM32CubeIDE/plugins/com.st.stm32cube.ide.mcu.externaltools.gnu-tools-for-stm32.13.3.rel1.win32_1.0.0.202411081344/tools/bin/../lib/gcc/arm-none-eabi/13.3.1/../../../../arm-none-eabi/lib/thumb/v7e-m+fp/hard\libc_nano.a(libc_a-init.o)
 .ARM.attributes
                0x000008ff       0x22 C:/ST/STM32CubeIDE_1.18.0/STM32CubeIDE/plugins/com.st.stm32cube.ide.mcu.externaltools.gnu-tools-for-stm32.13.3.rel1.win32_1.0.0.202411081344/tools/bin/../lib/gcc/arm-none-eabi/13.3.1/thumb/v7e-m+fp/hard\libgcc.a(_aeabi_uldivmod.o)
 .ARM.attributes
                0x00000921       0x34 C:/ST/STM32CubeIDE_1.18.0/STM32CubeIDE/plugins/com.st.stm32cube.ide.mcu.externaltools.gnu-tools-for-stm32.13.3.rel1.win32_1.0.0.202411081344/tools/bin/../lib/gcc/arm-none-eabi/13.3.1/thumb/v7e-m+fp/hard\libgcc.a(_udivmoddi4.o)
 .ARM.attributes
                0x00000955       0x22 C:/ST/STM32CubeIDE_1.18.0/STM32CubeIDE/plugins/com.st.stm32cube.ide.mcu.externaltools.gnu-tools-for-stm32.13.3.rel1.win32_1.0.0.202411081344/tools/bin/../lib/gcc/arm-none-eabi/13.3.1/thumb/v7e-m+fp/hard\libgcc.a(_dvmd_tls.o)
 .ARM.attributes
                0x00000977       0x22 C:/ST/STM32CubeIDE_1.18.0/STM32CubeIDE/plugins/com.st.stm32cube.ide.mcu.externaltools.gnu-tools-for-stm32.13.3.rel1.win32_1.0.0.202411081344/tools/bin/../lib/gcc/arm-none-eabi/13.3.1/thumb/v7e-m+fp/hard/crtn.o
OUTPUT(SimulareVolan.elf elf32-littlearm)
LOAD linker stubs
LOAD C:/ST/STM32CubeIDE_1.18.0/STM32CubeIDE/plugins/com.st.stm32cube.ide.mcu.externaltools.gnu-tools-for-stm32.13.3.rel1.win32_1.0.0.202411081344/tools/bin/../lib/gcc/arm-none-eabi/13.3.1/../../../../arm-none-eabi/lib/thumb/v7e-m+fp/hard\libc.a
LOAD C:/ST/STM32CubeIDE_1.18.0/STM32CubeIDE/plugins/com.st.stm32cube.ide.mcu.externaltools.gnu-tools-for-stm32.13.3.rel1.win32_1.0.0.202411081344/tools/bin/../lib/gcc/arm-none-eabi/13.3.1/../../../../arm-none-eabi/lib/thumb/v7e-m+fp/hard\libm.a
LOAD C:/ST/STM32CubeIDE_1.18.0/STM32CubeIDE/plugins/com.st.stm32cube.ide.mcu.externaltools.gnu-tools-for-stm32.13.3.rel1.win32_1.0.0.202411081344/tools/bin/../lib/gcc/arm-none-eabi/13.3.1/thumb/v7e-m+fp/hard\libgcc.a

.debug_info     0x00000000    0x175f0
 .debug_info    0x00000000     0x1d28 ./Core/Src/main.o
 .debug_info    0x00001d28     0x10ce ./Core/Src/stm32f4xx_hal_msp.o
 .debug_info    0x00002df6      0xc86 ./Core/Src/stm32f4xx_it.o
 .debug_info    0x00003a7c      0x512 ./Core/Src/system_stm32f4xx.o
 .debug_info    0x00003f8e       0x30 ./Core/Startup/startup_stm32f405rgtx.o
 .debug_info    0x00003fbe      0x932 ./Drivers/STM32F4xx_HAL_Driver/Src/stm32f4xx_hal.o
 .debug_info    0x000048f0      0xcd4 ./Drivers/STM32F4xx_HAL_Driver/Src/stm32f4xx_hal_adc.o
 .debug_info    0x000055c4      0xd7a ./Drivers/STM32F4xx_HAL_Driver/Src/stm32f4xx_hal_cortex.o
 .debug_info    0x0000633e      0x6c3 ./Drivers/STM32F4xx_HAL_Driver/Src/stm32f4xx_hal_gpio.o
 .debug_info    0x00006a01     0x156f ./Drivers/STM32F4xx_HAL_Driver/Src/stm32f4xx_hal_pcd.o
 .debug_info    0x00007f70      0x6ea ./Drivers/STM32F4xx_HAL_Driver/Src/stm32f4xx_hal_pcd_ex.o
 .debug_info    0x0000865a      0x8af ./Drivers/STM32F4xx_HAL_Driver/Src/stm32f4xx_hal_rcc.o
 .debug_info    0x00008f09     0x299d ./Drivers/STM32F4xx_HAL_Driver/Src/stm32f4xx_hal_tim.o
 .debug_info    0x0000b8a6     0x14db ./Drivers/STM32F4xx_HAL_Driver/Src/stm32f4xx_hal_tim_ex.o
 .debug_info    0x0000cd81     0x1993 ./Drivers/STM32F4xx_HAL_Driver/Src/stm32f4xx_ll_usb.o
 .debug_info    0x0000e714      0xc6f ./Middlewares/ST/STM32_USB_Device_Library/Class/CustomHID/Src/usbd_customhid.o
 .debug_info    0x0000f383      0xe05 ./Middlewares/ST/STM32_USB_Device_Library/Core/Src/usbd_core.o
 .debug_info    0x00010188      0xade ./Middlewares/ST/STM32_USB_Device_Library/Core/Src/usbd_ctlreq.o
 .debug_info    0x00010c66      0x755 ./Middlewares/ST/STM32_USB_Device_Library/Core/Src/usbd_ioreq.o
 .debug_info    0x000113bb      0x6d1 ./USB_DEVICE/App/usb_device.o
 .debug_info    0x00011a8c      0xd25 ./USB_DEVICE/App/usbd_custom_hid_if.o
 .debug_info    0x000127b1      0x458 ./USB_DEVICE/App/usbd_desc.o
 .debug_info    0x00012c09     0x1c57 ./USB_DEVICE/Target/usbd_conf.o
 .debug_info    0x00014860      0xc20 ./UserExtensions/Src/ForceFeedback.o
 .debug_info    0x00015480      0xd93 ./UserExtensions/Src/MotorControl.o
 .debug_info    0x00016213      0x892 ./UserExtensions/Src/Pedals.o
 .debug_info    0x00016aa5      0x303 ./UserExtensions/Src/Shifter.o
 .debug_info    0x00016da8      0x848 ./UserExtensions/Src/Wheel.o

.debug_abbrev   0x00000000     0x3d38
 .debug_abbrev  0x00000000      0x320 ./Core/Src/main.o
 .debug_abbrev  0x00000320      0x217 ./Core/Src/stm32f4xx_hal_msp.o
 .debug_abbrev  0x00000537      0x230 ./Core/Src/stm32f4xx_it.o
 .debug_abbrev  0x00000767      0x11a ./Core/Src/system_stm32f4xx.o
 .debug_abbrev  0x00000881       0x24 ./Core/Startup/startup_stm32f405rgtx.o
 .debug_abbrev  0x000008a5      0x214 ./Drivers/STM32F4xx_HAL_Driver/Src/stm32f4xx_hal.o
 .debug_abbrev  0x00000ab9      0x252 ./Drivers/STM32F4xx_HAL_Driver/Src/stm32f4xx_hal_adc.o
 .debug_abbrev  0x00000d0b      0x31d ./Drivers/STM32F4xx_HAL_Driver/Src/stm32f4xx_hal_cortex.o
 .debug_abbrev  0x00001028      0x1d4 ./Drivers/STM32F4xx_HAL_Driver/Src/stm32f4xx_hal_gpio.o
 .debug_abbrev  0x000011fc      0x2b9 ./Drivers/STM32F4xx_HAL_Driver/Src/stm32f4xx_hal_pcd.o
 .debug_abbrev  0x000014b5      0x1da ./Drivers/STM32F4xx_HAL_Driver/Src/stm32f4xx_hal_pcd_ex.o
 .debug_abbrev  0x0000168f      0x2b7 ./Drivers/STM32F4xx_HAL_Driver/Src/stm32f4xx_hal_rcc.o
 .debug_abbrev  0x00001946      0x278 ./Drivers/STM32F4xx_HAL_Driver/Src/stm32f4xx_hal_tim.o
 .debug_abbrev  0x00001bbe      0x283 ./Drivers/STM32F4xx_HAL_Driver/Src/stm32f4xx_hal_tim_ex.o
 .debug_abbrev  0x00001e41      0x2b3 ./Drivers/STM32F4xx_HAL_Driver/Src/stm32f4xx_ll_usb.o
 .debug_abbrev  0x000020f4      0x2d0 ./Middlewares/ST/STM32_USB_Device_Library/Class/CustomHID/Src/usbd_customhid.o
 .debug_abbrev  0x000023c4      0x27c ./Middlewares/ST/STM32_USB_Device_Library/Core/Src/usbd_core.o
 .debug_abbrev  0x00002640      0x26f ./Middlewares/ST/STM32_USB_Device_Library/Core/Src/usbd_ctlreq.o
 .debug_abbrev  0x000028af      0x19a ./Middlewares/ST/STM32_USB_Device_Library/Core/Src/usbd_ioreq.o
 .debug_abbrev  0x00002a49      0x194 ./USB_DEVICE/App/usb_device.o
 .debug_abbrev  0x00002bdd      0x280 ./USB_DEVICE/App/usbd_custom_hid_if.o
 .debug_abbrev  0x00002e5d      0x1e1 ./USB_DEVICE/App/usbd_desc.o
 .debug_abbrev  0x0000303e      0x33f ./USB_DEVICE/Target/usbd_conf.o
 .debug_abbrev  0x0000337d      0x26b ./UserExtensions/Src/ForceFeedback.o
 .debug_abbrev  0x000035e8      0x202 ./UserExtensions/Src/MotorControl.o
 .debug_abbrev  0x000037ea      0x1c0 ./UserExtensions/Src/Pedals.o
 .debug_abbrev  0x000039aa      0x1c3 ./UserExtensions/Src/Shifter.o
 .debug_abbrev  0x00003b6d      0x1cb ./UserExtensions/Src/Wheel.o

.debug_aranges  0x00000000     0x1308
 .debug_aranges
                0x00000000       0x68 ./Core/Src/main.o
 .debug_aranges
                0x00000068       0x58 ./Core/Src/stm32f4xx_hal_msp.o
 .debug_aranges
                0x000000c0       0x80 ./Core/Src/stm32f4xx_it.o
 .debug_aranges
                0x00000140       0x28 ./Core/Src/system_stm32f4xx.o
 .debug_aranges
                0x00000168       0x28 ./Core/Startup/startup_stm32f405rgtx.o
 .debug_aranges
                0x00000190       0xf0 ./Drivers/STM32F4xx_HAL_Driver/Src/stm32f4xx_hal.o
 .debug_aranges
                0x00000280       0xe8 ./Drivers/STM32F4xx_HAL_Driver/Src/stm32f4xx_hal_adc.o
 .debug_aranges