2025-06-03 13:36:21,565 [INFO] Activator:176 - 


2025-06-03 13:36:21,575 [INFO] Activator:177 - !SESSION log4j initialized
2025-06-03 13:36:29,812 [INFO] LogOutputStream:77 - [STDOUT_REDIRECT] 
2025-06-03 13:36:31,529 [INFO] ApplicationProperties:184 - Using Application install path: C:\ST\STM32CubeIDE_1.18.0\STM32CubeIDE\plugins\com.st.stm32cube.common.mx_6.14.0.202502271554
2025-06-03 13:36:31,557 [INFO] DbMcusXml:78 - Set database path to: C:\ST\STM32CubeIDE_1.18.0\STM32CubeIDE\plugins\com.st.stm32cube.common.mx_6.14.0.202502271554\\db\/mcu/
2025-06-03 13:36:31,557 [INFO] ApiDb:274 - Set plugin database path to: C:\ST\STM32CubeIDE_1.18.0\STM32CubeIDE\plugins\com.st.stm32cube.common.mx_6.14.0.202502271554\\db\/plugins/boardmanager/
2025-06-03 13:36:31,557 [WARN] ApiDb:259 - Overriding images path with different value:  => C:\ST\STM32CubeIDE_1.18.0\STM32CubeIDE\plugins\com.st.stm32cube.common.mx_6.14.0.202502271554\\db\/plugins/mcufinder/images/
2025-06-03 13:36:31,568 [INFO] ApiDb:250 - Set database path to: C:\Users\Marco\.stmcufinder\plugins\mcufinder//mcu/
2025-06-03 13:36:31,569 [INFO] DbMcusAds:125 - Set database path to: C:\Users\Marco\.stmcufinder\plugins\mcufinder//mcu/
2025-06-03 13:36:31,573 [INFO] CrossReferenceDbSqlite:203 - Set database path to: C:\Users\Marco\.stmcufinder\plugins\mcufinder//mcu/cs/
2025-06-03 13:36:31,747 [INFO] RulesReader:64 - Compatibility file has been processed (301 Rules)
2025-06-03 13:36:31,905 [INFO] DbMcusXml:78 - Set database path to: C:\ST\STM32CubeIDE_1.18.0\STM32CubeIDE\plugins\com.st.stm32cube.common.mx_6.14.0.202502271554\\db\/mcu/
2025-06-03 13:36:31,905 [INFO] ApiDb:274 - Set plugin database path to: C:\ST\STM32CubeIDE_1.18.0\STM32CubeIDE\plugins\com.st.stm32cube.common.mx_6.14.0.202502271554\\db\/plugins/boardmanager/
2025-06-03 13:36:31,905 [INFO] ApiDb:261 - Set plugin images path to: C:\ST\STM32CubeIDE_1.18.0\STM32CubeIDE\plugins\com.st.stm32cube.common.mx_6.14.0.202502271554\\db\/plugins/mcufinder/images/
2025-06-03 13:36:31,905 [WARN] DbFile:41 - Overriding database path with different value: C:\Users\Marco\.stmcufinder\plugins\mcufinder/ => C:\Users\Marco\.stmcufinder\plugins\mcufinder
2025-06-03 13:36:31,907 [INFO] ApiDb:250 - Set database path to: C:\Users\Marco\.stmcufinder\plugins\mcufinder//mcu/
2025-06-03 13:36:31,907 [WARN] DbFile:41 - Overriding database path with different value: C:\Users\Marco\.stmcufinder\plugins\mcufinder/ => C:\Users\Marco\.stmcufinder\plugins\mcufinder
2025-06-03 13:36:31,907 [INFO] DbMcusAds:125 - Set database path to: C:\Users\Marco\.stmcufinder\plugins\mcufinder//mcu/
2025-06-03 13:36:31,907 [WARN] DbFile:41 - Overriding database path with different value: C:\Users\Marco\.stmcufinder\plugins\mcufinder/ => C:\Users\Marco\.stmcufinder\plugins\mcufinder
2025-06-03 13:36:31,907 [WARN] DbFile:41 - Overriding database path with different value: C:\Users\Marco\.stmcufinder\plugins\mcufinder/ => C:\Users\Marco\.stmcufinder\plugins\mcufinder
2025-06-03 13:36:31,907 [INFO] CrossReferenceDbSqlite:203 - Set database path to: C:\Users\Marco\.stmcufinder\plugins\mcufinder//mcu/cs/
2025-06-03 13:36:32,033 [INFO] MainPanel:272 - HeapMemory: 268435456
2025-06-03 13:36:32,214 [INFO] DbMcusXml:78 - Set database path to: C:\ST\STM32CubeIDE_1.18.0\STM32CubeIDE\plugins\com.st.stm32cube.common.mx_6.14.0.202502271554\\db\/mcu/
2025-06-03 13:36:32,215 [INFO] ApiDb:274 - Set plugin database path to: C:\ST\STM32CubeIDE_1.18.0\STM32CubeIDE\plugins\com.st.stm32cube.common.mx_6.14.0.202502271554\\db\/plugins/boardmanager/
2025-06-03 13:36:32,215 [INFO] ApiDb:261 - Set plugin images path to: C:\ST\STM32CubeIDE_1.18.0\STM32CubeIDE\plugins\com.st.stm32cube.common.mx_6.14.0.202502271554\\db\/plugins/mcufinder/images/
2025-06-03 13:36:32,215 [WARN] DbFile:41 - Overriding database path with different value: C:\Users\Marco\.stmcufinder\plugins\mcufinder/ => C:\Users\Marco\.stmcufinder\plugins\mcufinder
2025-06-03 13:36:32,215 [INFO] ApiDb:250 - Set database path to: C:\Users\Marco\.stmcufinder\plugins\mcufinder//mcu/
2025-06-03 13:36:32,216 [WARN] DbFile:41 - Overriding database path with different value: C:\Users\Marco\.stmcufinder\plugins\mcufinder/ => C:\Users\Marco\.stmcufinder\plugins\mcufinder
2025-06-03 13:36:32,216 [INFO] DbMcusAds:125 - Set database path to: C:\Users\Marco\.stmcufinder\plugins\mcufinder//mcu/
2025-06-03 13:36:32,216 [WARN] DbFile:41 - Overriding database path with different value: C:\Users\Marco\.stmcufinder\plugins\mcufinder/ => C:\Users\Marco\.stmcufinder\plugins\mcufinder
2025-06-03 13:36:32,216 [WARN] DbFile:41 - Overriding database path with different value: C:\Users\Marco\.stmcufinder\plugins\mcufinder/ => C:\Users\Marco\.stmcufinder\plugins\mcufinder
2025-06-03 13:36:32,216 [INFO] CrossReferenceDbSqlite:203 - Set database path to: C:\Users\Marco\.stmcufinder\plugins\mcufinder//mcu/cs/
2025-06-03 13:36:32,246 [INFO] ApplicationProperties:184 - Using Application install path: C:\ST\STM32CubeIDE_1.18.0\STM32CubeIDE\plugins\com.st.stm32cube.common.mx_6.14.0.202502271554
2025-06-03 13:36:32,248 [INFO] PluginManage:196 - Search for loadable plugins [exclusion list=, ]
2025-06-03 13:36:32,250 [INFO] PluginManage:310 - Check plugin analytics
2025-06-03 13:36:32,545 [INFO] AnalyticsPlugin:253 - Accepted Software Licenses: STM32CubeMX.6.14.0
2025-06-03 13:36:32,546 [INFO] AnalyticsPlugin:255 - Accepted CMSIS Pack Licenses: 
2025-06-03 13:36:32,546 [INFO] AnalyticsPlugin:257 - Accepted Firmware Licenses: FW.F4.1.28.0
2025-06-03 13:36:32,548 [INFO] PluginManage:359 - Loaded plugin analytics (category:tool,tabindex:-1)
2025-06-03 13:36:32,549 [INFO] PluginManage:310 - Check plugin cadmodel
2025-06-03 13:36:32,558 [INFO] CADModel:105 - Init CAD model plugin
2025-06-03 13:36:32,558 [INFO] PluginManage:359 - Loaded plugin cadmodel (category:power,tabindex:5)
2025-06-03 13:36:32,558 [INFO] PluginManage:310 - Check plugin clock
2025-06-03 13:36:32,573 [INFO] PluginManage:359 - Loaded plugin clock (category:base,tabindex:2)
2025-06-03 13:36:32,573 [INFO] PluginManage:310 - Check plugin ddr
2025-06-03 13:36:32,577 [INFO] PluginManage:359 - Loaded plugin ddr (category:tool,tabindex:6)
2025-06-03 13:36:32,578 [INFO] PluginManage:310 - Check plugin filemanager
2025-06-03 13:36:32,799 [INFO] PluginManage:359 - Loaded plugin filemanager (category:base,tabindex:10)
2025-06-03 13:36:32,799 [INFO] PluginManage:310 - Check plugin ipmanager
2025-06-03 13:36:32,810 [INFO] PluginManage:359 - Loaded plugin ipmanager (category:base,tabindex:5)
2025-06-03 13:36:32,810 [INFO] PluginManage:310 - Check plugin lpbam
2025-06-03 13:36:32,822 [INFO] PluginManage:359 - Loaded plugin lpbam (category:base,tabindex:0)
2025-06-03 13:36:32,822 [INFO] PluginManage:310 - Check plugin memorymap
2025-06-03 13:36:32,843 [INFO] PluginManage:359 - Loaded plugin memorymap (category:base,tabindex:4)
2025-06-03 13:36:32,843 [INFO] PluginManage:310 - Check plugin pinoutandconfiguration
2025-06-03 13:36:32,855 [INFO] PluginManage:359 - Loaded plugin pinoutandconfiguration (category:base,tabindex:1)
2025-06-03 13:36:32,855 [INFO] PluginManage:310 - Check plugin pinoutconfig
2025-06-03 13:36:32,990 [WARN] SupportedApi:132 - Cannot load RTOS API schema: s4s-elt-must-match.1: The content of 'definitions' must match (annotation?, (simpleType | complexType)?, (unique | key | keyref)*)). A problem was found starting at: attribute.
2025-06-03 13:36:33,191 [INFO] PluginManage:359 - Loaded plugin pinoutconfig (category:base,tabindex:0)
2025-06-03 13:36:33,191 [INFO] PluginManage:310 - Check plugin power
2025-06-03 13:36:33,206 [INFO] PluginManage:359 - Loaded plugin power (category:power,tabindex:4)
2025-06-03 13:36:33,206 [INFO] PluginManage:310 - Check plugin projectmanager
2025-06-03 13:36:33,238 [INFO] PluginManage:359 - Loaded plugin projectmanager (category:projectmanager,tabindex:4)
2025-06-03 13:36:33,238 [INFO] PluginManage:310 - Check plugin rif
2025-06-03 13:36:33,248 [INFO] PluginManage:359 - Loaded plugin rif (category:base,tabindex:3)
2025-06-03 13:36:33,249 [INFO] PluginManage:310 - Check plugin thirdparty
2025-06-03 13:36:33,463 [INFO] PluginManage:359 - Loaded plugin thirdparty (category:base,tabindex:-1)
2025-06-03 13:36:33,463 [WARN] IntegrityCheckThread:84 - waiting for thirdparty lock release [integrity check]
2025-06-03 13:36:33,463 [INFO] PluginManage:310 - Check plugin tools
2025-06-03 13:36:33,463 [INFO] IntegrityCheckThread:86 - entering critical section [integrity check]
2025-06-03 13:36:33,463 [INFO] ThirdPartyUpdaterWithRetryManager:70 - Updater plugin not ready yet. [1/15]
2025-06-03 13:36:33,468 [INFO] PluginManage:359 - Loaded plugin tools (category:base,tabindex:7)
2025-06-03 13:36:33,468 [INFO] PluginManage:310 - Check plugin tutovideos
2025-06-03 13:36:33,760 [INFO] PluginManage:359 - Loaded plugin tutovideos (category:base,tabindex:-1)
2025-06-03 13:36:33,760 [INFO] PluginManage:310 - Check plugin updater
2025-06-03 13:36:33,797 [INFO] PluginManage:359 - Loaded plugin updater (category:base,tabindex:12)
2025-06-03 13:36:33,797 [INFO] PluginManage:310 - Check plugin userauth
2025-06-03 13:36:33,804 [INFO] UserAuth:118 - Init User Auth plugin
2025-06-03 13:36:33,806 [INFO] PluginManage:359 - Loaded plugin userauth (category:base,tabindex:14)
2025-06-03 13:36:33,806 [INFO] PluginManage:283 - PluginManage : Loaded plugins [18]
2025-06-03 13:36:34,131 [INFO] PinOutPanel:1589 - setPackage(No Configuration,No Configuration)
2025-06-03 13:36:34,254 [INFO] CADModel:165 - CPN selected for project level
2025-06-03 13:36:34,254 [INFO] CADModel:114 - Register for checkConnection events
2025-06-03 13:36:34,281 [INFO] IPUIPlugin:80 - create IPUIPlugin
2025-06-03 13:36:34,282 [INFO] PluginManager:220 - loadIPPluginJar : add adc
2025-06-03 13:36:34,285 [INFO] IPUIPlugin:80 - create IPUIPlugin
2025-06-03 13:36:34,285 [INFO] PluginManager:220 - loadIPPluginJar : add aes
2025-06-03 13:36:34,289 [INFO] IPUIPlugin:80 - create IPUIPlugin
2025-06-03 13:36:34,289 [INFO] PluginManager:220 - loadIPPluginJar : add can
2025-06-03 13:36:34,292 [INFO] IPUIPlugin:80 - create IPUIPlugin
2025-06-03 13:36:34,292 [INFO] PluginManager:220 - loadIPPluginJar : add comp
2025-06-03 13:36:34,295 [INFO] IPUIPlugin:80 - create IPUIPlugin
2025-06-03 13:36:34,295 [INFO] PluginManager:220 - loadIPPluginJar : add cryp
2025-06-03 13:36:34,300 [INFO] IPUIPlugin:80 - create IPUIPlugin
2025-06-03 13:36:34,300 [INFO] PluginManager:220 - loadIPPluginJar : add ddr_ctrl_phy
2025-06-03 13:36:34,304 [INFO] IPUIPlugin:80 - create IPUIPlugin
2025-06-03 13:36:34,304 [INFO] PluginManager:220 - loadIPPluginJar : add dfsdm
2025-06-03 13:36:34,312 [INFO] IPUIPlugin:80 - create IPUIPlugin
2025-06-03 13:36:34,312 [INFO] PluginManager:220 - loadIPPluginJar : add dma
2025-06-03 13:36:34,315 [INFO] IPUIPlugin:80 - create IPUIPlugin
2025-06-03 13:36:34,315 [INFO] PluginManager:220 - loadIPPluginJar : add dma3
2025-06-03 13:36:34,319 [INFO] IPUIPlugin:80 - create IPUIPlugin
2025-06-03 13:36:34,319 [INFO] PluginManager:220 - loadIPPluginJar : add extmemmanager
2025-06-03 13:36:34,321 [INFO] IPUIPlugin:80 - create IPUIPlugin
2025-06-03 13:36:34,321 [INFO] PluginManager:220 - loadIPPluginJar : add fatfs
2025-06-03 13:36:34,330 [INFO] IPUIPlugin:80 - create IPUIPlugin
2025-06-03 13:36:34,330 [INFO] PluginManager:220 - loadIPPluginJar : add fmc
2025-06-03 13:36:34,338 [INFO] IPUIPlugin:80 - create IPUIPlugin
2025-06-03 13:36:34,338 [INFO] PluginManager:220 - loadIPPluginJar : add freertos
2025-06-03 13:36:34,341 [INFO] IPUIPlugin:80 - create IPUIPlugin
2025-06-03 13:36:34,341 [INFO] PluginManager:220 - loadIPPluginJar : add genericplugin
2025-06-03 13:36:34,344 [INFO] IPUIPlugin:80 - create IPUIPlugin
2025-06-03 13:36:34,344 [INFO] PluginManager:220 - loadIPPluginJar : add gfxmmu
2025-06-03 13:36:34,350 [INFO] IPUIPlugin:80 - create IPUIPlugin
2025-06-03 13:36:34,350 [INFO] PluginManager:220 - loadIPPluginJar : add gic
2025-06-03 13:36:34,356 [INFO] IPUIPlugin:80 - create IPUIPlugin
2025-06-03 13:36:34,356 [INFO] PluginManager:220 - loadIPPluginJar : add gpio
2025-06-03 13:36:34,360 [INFO] IPUIPlugin:80 - create IPUIPlugin
2025-06-03 13:36:34,360 [INFO] PluginManager:220 - loadIPPluginJar : add gtzc
2025-06-03 13:36:34,364 [INFO] IPUIPlugin:80 - create IPUIPlugin
2025-06-03 13:36:34,364 [INFO] PluginManager:220 - loadIPPluginJar : add hash
2025-06-03 13:36:34,367 [INFO] IPUIPlugin:80 - create IPUIPlugin
2025-06-03 13:36:34,368 [INFO] PluginManager:220 - loadIPPluginJar : add i2c
2025-06-03 13:36:34,371 [INFO] IPUIPlugin:80 - create IPUIPlugin
2025-06-03 13:36:34,372 [INFO] PluginManager:220 - loadIPPluginJar : add i2s
2025-06-03 13:36:34,375 [INFO] IPUIPlugin:80 - create IPUIPlugin
2025-06-03 13:36:34,375 [INFO] PluginManager:220 - loadIPPluginJar : add i3c
2025-06-03 13:36:34,379 [INFO] IPUIPlugin:80 - create IPUIPlugin
2025-06-03 13:36:34,380 [INFO] PluginManager:220 - loadIPPluginJar : add ipddr
2025-06-03 13:36:34,390 [INFO] IPUIPlugin:80 - create IPUIPlugin
2025-06-03 13:36:34,391 [INFO] PluginManager:220 - loadIPPluginJar : add linkedlist
2025-06-03 13:36:34,395 [INFO] IPUIPlugin:80 - create IPUIPlugin
2025-06-03 13:36:34,395 [INFO] PluginManager:220 - loadIPPluginJar : add lorawan
2025-06-03 13:36:34,398 [INFO] IPUIPlugin:80 - create IPUIPlugin
2025-06-03 13:36:34,398 [INFO] PluginManager:220 - loadIPPluginJar : add ltdc
2025-06-03 13:36:34,405 [INFO] IPUIPlugin:80 - create IPUIPlugin
2025-06-03 13:36:34,405 [INFO] PluginManager:220 - loadIPPluginJar : add mdma
2025-06-03 13:36:34,410 [INFO] IPUIPlugin:80 - create IPUIPlugin
2025-06-03 13:36:34,411 [INFO] PluginManager:220 - loadIPPluginJar : add nvic
2025-06-03 13:36:34,415 [INFO] IPUIPlugin:80 - create IPUIPlugin
2025-06-03 13:36:34,415 [INFO] PluginManager:220 - loadIPPluginJar : add opamp
2025-06-03 13:36:34,419 [INFO] IPUIPlugin:80 - create IPUIPlugin
2025-06-03 13:36:34,419 [INFO] PluginManager:220 - loadIPPluginJar : add openamp
2025-06-03 13:36:34,424 [INFO] IPUIPlugin:80 - create IPUIPlugin
2025-06-03 13:36:34,424 [INFO] PluginManager:220 - loadIPPluginJar : add pdm2pcm
2025-06-03 13:36:34,432 [INFO] IPUIPlugin:80 - create IPUIPlugin
2025-06-03 13:36:34,435 [INFO] PluginManager:220 - loadIPPluginJar : add plateformsettings
2025-06-03 13:36:34,437 [INFO] IPUIPlugin:80 - create IPUIPlugin
2025-06-03 13:36:34,438 [INFO] PluginManager:220 - loadIPPluginJar : add quadspi
2025-06-03 13:36:34,439 [INFO] IPUIPlugin:80 - create IPUIPlugin
2025-06-03 13:36:34,441 [INFO] PluginManager:220 - loadIPPluginJar : add radio
2025-06-03 13:36:34,446 [INFO] IPUIPlugin:80 - create IPUIPlugin
2025-06-03 13:36:34,447 [INFO] PluginManager:220 - loadIPPluginJar : add resmgrutility
2025-06-03 13:36:34,453 [INFO] IPUIPlugin:80 - create IPUIPlugin
2025-06-03 13:36:34,453 [INFO] PluginManager:220 - loadIPPluginJar : add sai
2025-06-03 13:36:34,456 [INFO] IPUIPlugin:80 - create IPUIPlugin
2025-06-03 13:36:34,456 [INFO] PluginManager:220 - loadIPPluginJar : add spi
2025-06-03 13:36:34,465 [INFO] IPUIPlugin:80 - create IPUIPlugin
2025-06-03 13:36:34,465 [INFO] PluginManager:220 - loadIPPluginJar : add stm32_wpan
2025-06-03 13:36:34,469 [INFO] IPUIPlugin:80 - create IPUIPlugin
2025-06-03 13:36:34,469 [INFO] PluginManager:220 - loadIPPluginJar : add tim
2025-06-03 13:36:34,474 [INFO] IPUIPlugin:80 - create IPUIPlugin
2025-06-03 13:36:34,474 [INFO] PluginManager:220 - loadIPPluginJar : add touchsensing
2025-06-03 13:36:34,478 [INFO] IPUIPlugin:80 - create IPUIPlugin
2025-06-03 13:36:34,478 [INFO] PluginManager:220 - loadIPPluginJar : add tracer_emb
2025-06-03 13:36:34,481 [INFO] IPUIPlugin:80 - create IPUIPlugin
2025-06-03 13:36:34,481 [INFO] PluginManager:220 - loadIPPluginJar : add ts
2025-06-03 13:36:34,483 [INFO] IPUIPlugin:80 - create IPUIPlugin
2025-06-03 13:36:34,483 [INFO] PluginManager:220 - loadIPPluginJar : add tsc
2025-06-03 13:36:34,486 [INFO] IPUIPlugin:80 - create IPUIPlugin
2025-06-03 13:36:34,487 [INFO] PluginManager:220 - loadIPPluginJar : add ucpd
2025-06-03 13:36:34,492 [INFO] IPUIPlugin:80 - create IPUIPlugin
2025-06-03 13:36:34,492 [INFO] PluginManager:220 - loadIPPluginJar : add usart
2025-06-03 13:36:34,496 [INFO] IPUIPlugin:80 - create IPUIPlugin
2025-06-03 13:36:34,496 [INFO] PluginManager:220 - loadIPPluginJar : add usbx
2025-06-03 13:36:34,678 [FATAL] Updater:351 - Updater called before beeing initialized
2025-06-03 13:36:34,728 [INFO] RulesReader:64 - Compatibility file has been processed (301 Rules)
2025-06-03 13:36:34,768 [INFO] RulesReader:64 - Compatibility file has been processed (301 Rules)
2025-06-03 13:36:34,808 [INFO] CADModel:165 - CPN selected for project level
2025-06-03 13:36:34,809 [INFO] CADModel:114 - Register for checkConnection events
2025-06-03 13:36:34,809 [FATAL] Updater:351 - Updater called before beeing initialized
2025-06-03 13:36:34,809 [ERROR] CADModel:125 - Updater not yet initialized, retry later 
2025-06-03 13:36:35,037 [FATAL] Updater:351 - Updater called before beeing initialized
2025-06-03 13:36:35,040 [INFO] CADModel:165 - CPN selected for project level
2025-06-03 13:36:35,041 [INFO] CADModel:114 - Register for checkConnection events
2025-06-03 13:36:35,041 [FATAL] Updater:351 - Updater called before beeing initialized
2025-06-03 13:36:35,041 [ERROR] CADModel:125 - Updater not yet initialized, retry later 
2025-06-03 13:36:35,046 [FATAL] Updater:351 - Updater called before beeing initialized
2025-06-03 13:36:35,249 [FATAL] Updater:351 - Updater called before beeing initialized
2025-06-03 13:36:35,254 [INFO] DbMcusAds:53 - JSON generation date=Tue Dec 17 18:01:15 EET 2024 (1734451275143)
2025-06-03 13:36:35,254 [FATAL] Updater:351 - Updater called before beeing initialized
2025-06-03 13:36:35,326 [WARN] DetailPanel:346 - Failed to get advertising image, set to default
2025-06-03 13:36:35,757 [FATAL] Updater:351 - Updater called before beeing initialized
2025-06-03 13:36:35,760 [FATAL] Updater:351 - Updater called before beeing initialized
2025-06-03 13:36:35,760 [FATAL] Updater:351 - Updater called before beeing initialized
2025-06-03 13:36:35,760 [WARN] DetailPanel:346 - Failed to get advertising image, set to default
2025-06-03 13:36:35,761 [FATAL] Updater:351 - Updater called before beeing initialized
2025-06-03 13:36:35,893 [ERROR] Updater:1198 - MainUpdater not yet initialized. External WinMGr cannot be set.
2025-06-03 13:36:35,895 [INFO] Updater:1134 - Updater Version found : 6.14.0
2025-06-03 13:36:35,925 [INFO] ApplicationProperties:184 - Using Application install path: C:\ST\STM32CubeIDE_1.18.0\STM32CubeIDE\plugins\com.st.stm32cube.common.mx_6.14.0.202502271554
2025-06-03 13:36:36,465 [INFO] ThirdPartyUpdaterWithRetryManager:70 - Updater plugin not ready yet. [2/15]
2025-06-03 13:36:37,534 [ERROR] LogOutputStream:75 - [STDERR_REDIRECT] Jun 03, 2025 1:36:37 PM java.util.prefs.WindowsPreferences <init>
2025-06-03 13:36:37,536 [ERROR] LogOutputStream:75 - [STDERR_REDIRECT] WARNING: Could not open/create prefs root node Software\JavaSoft\Prefs at root 0xffffffff80000002. Windows RegCreateKeyEx(...) returned error code 5.
2025-06-03 13:36:37,536 [ERROR] LogOutputStream:75 - [STDERR_REDIRECT] 
2025-06-03 13:36:38,102 [INFO] MainUpdater:2872 - connection check result : 10
2025-06-03 13:36:38,103 [INFO] MainUpdater:289 - Updater Check For Update Now.
2025-06-03 13:36:38,103 [INFO] MicroXplorer:498 - Change Database Version : DB.6.0.140
2025-06-03 13:36:38,144 [INFO] McuFinderGlobals:63 - Set McuFinder mode to 2 (CubeIDE integrated)
2025-06-03 13:36:38,146 [INFO] UserAuth:486 - Internet connection configuration mode: 1
2025-06-03 13:36:38,200 [INFO] JxBrowserEngine:152 - Initiate JxBrowser Engine with user profile folder
2025-06-03 13:36:38,362 [INFO] CheckServerUpdateThread:120 - End of CheckServer Thread
2025-06-03 13:36:39,941 [WARN] PackLoader:240 - Cannot read IP mode file for STMicroelectronics.FP-SNS-MOTENVWB1.1.4.0
2025-06-03 13:36:39,954 [WARN] PackLoader:240 - Cannot read IP mode file for STMicroelectronics.FP-ATR-ASTRA1.2.0.2
2025-06-03 13:36:39,965 [WARN] PackLoader:240 - Cannot read IP mode file for STMicroelectronics.X-CUBE-SMBUS.2.1.0
2025-06-03 13:36:39,978 [WARN] PackLoader:240 - Cannot read IP mode file for STMicroelectronics.X-CUBE-WB05N.1.1.0
2025-06-03 13:36:39,987 [WARN] PackLoader:240 - Cannot read IP mode file for STMicroelectronics.X-CUBE-ST60.1.0.0
2025-06-03 13:36:40,032 [WARN] PackLoader:240 - Cannot read IP mode file for STMicroelectronics.X-CUBE-AZRTOS-F7.1.1.0
2025-06-03 13:36:40,081 [WARN] PackLoader:240 - Cannot read IP mode file for Infineon.AIROC-Wi-Fi-Bluetooth-STM32.1.7.0
2025-06-03 13:36:40,107 [WARN] PackLoader:240 - Cannot read IP mode file for STMicroelectronics.X-CUBE-DISPLAY.3.0.0
2025-06-03 13:36:40,126 [WARN] PackLoader:240 - Cannot read IP mode file for STMicroelectronics.X-CUBE-NFC10.1.0.0
2025-06-03 13:36:40,145 [WARN] PackLoader:240 - Cannot read IP mode file for STMicroelectronics.X-CUBE-BLEMGR.4.0.0
2025-06-03 13:36:40,162 [WARN] PackLoader:240 - Cannot read IP mode file for emotas.I-CUBE-CANOPEN.1.3.0
2025-06-03 13:36:40,169 [WARN] ConditionMgr:438 - getConditionDescription Invalid condition id : Cortex-A Device cause : null
2025-06-03 13:36:40,193 [WARN] ConditionMgr:1044 - genDependencies : Invalid condition id : Cortex-A Device cause : null
2025-06-03 13:36:40,193 [WARN] ConditionMgr:1044 - genDependencies : Invalid condition id : Cortex-A Device cause : null
2025-06-03 13:36:40,193 [WARN] ConditionMgr:1044 - genDependencies : Invalid condition id : Cortex-A Device cause : null
2025-06-03 13:36:40,199 [WARN] PackLoader:240 - Cannot read IP mode file for STMicroelectronics.X-CUBE-AI.10.0.0
2025-06-03 13:36:40,208 [WARN] PackLoader:240 - Cannot read IP mode file for STMicroelectronics.FP-SNS-SMARTAG2.1.2.0
2025-06-03 13:36:40,216 [WARN] PackLoader:240 - Cannot read IP mode file for STMicroelectronics.FP-SNS-FLIGHT1.5.1.0
2025-06-03 13:36:40,330 [WARN] PackLoader:240 - Cannot read IP mode file for STMicroelectronics.X-CUBE-MEMS1.11.1.0
2025-06-03 13:36:40,570 [INFO] LogOutputStream:77 - [STDOUT_REDIRECT] 1 : Invalid condition id : UX_CORESTACK_Condition cause : null
2025-06-03 13:36:40,571 [INFO] LogOutputStream:77 - [STDOUT_REDIRECT] 1 : Invalid condition id : UX_CORESTACK_Condition cause : null
2025-06-03 13:36:40,573 [INFO] LogOutputStream:77 - [STDOUT_REDIRECT] 1 : Invalid condition id : UX_CORESTACK_Condition cause : null
2025-06-03 13:36:40,575 [INFO] LogOutputStream:77 - [STDOUT_REDIRECT] 1 : Invalid condition id : UX_CORESTACK_Condition cause : null
2025-06-03 13:36:40,576 [INFO] LogOutputStream:77 - [STDOUT_REDIRECT] 1 : Invalid condition id : UX_CORESTACK_Condition cause : null
2025-06-03 13:36:40,579 [WARN] PackLoader:240 - Cannot read IP mode file for STMicroelectronics.X-CUBE-AZRTOS-WL.2.0.0
2025-06-03 13:36:40,585 [WARN] PackLoader:240 - Cannot read IP mode file for STMicroelectronics.FP-SNS-MOTENV1.5.0.0
2025-06-03 13:36:40,598 [WARN] PackLoader:240 - Cannot read IP mode file for WES.I-CUBE-Cesium.1.3.0
2025-06-03 13:36:40,604 [WARN] PackLoader:240 - Cannot read IP mode file for STMicroelectronics.X-CUBE-BLE2.3.3.0
2025-06-03 13:36:40,611 [WARN] PackLoader:240 - Cannot read IP mode file for STMicroelectronics.X-CUBE-NFC9.1.0.0
2025-06-03 13:36:40,622 [WARN] PackLoader:240 - Cannot read IP mode file for STMicroelectronics.X-CUBE-BLE1.7.1.0
2025-06-03 13:36:40,627 [WARN] PackLoader:240 - Cannot read IP mode file for wolfSSL.I-CUBE-wolfMQTT.1.19.2
2025-06-03 13:36:40,631 [WARN] PackLoader:240 - Cannot read IP mode file for STMicroelectronics.X-CUBE-AI.10.1.0
2025-06-03 13:36:40,687 [WARN] PackLoader:240 - Cannot read IP mode file for STMicroelectronics.X-CUBE-MEMS1.11.2.0
2025-06-03 13:36:40,866 [WARN] PackLoader:240 - Cannot read IP mode file for STMicroelectronics.X-CUBE-AZRTOS-G0.1.1.0
2025-06-03 13:36:40,877 [WARN] PackLoader:240 - Cannot read IP mode file for STMicroelectronics.X-CUBE-SAFEA1.1.2.2
2025-06-03 13:36:40,884 [WARN] PackLoader:240 - Cannot read IP mode file for STMicroelectronics.X-CUBE-NFC4.3.0.0
2025-06-03 13:36:40,894 [WARN] PackLoader:240 - Cannot read IP mode file for EmbeddedOffice.I-CUBE-FS-RTOS.1.0.1
2025-06-03 13:36:40,901 [WARN] PackLoader:240 - Cannot read IP mode file for STMicroelectronics.X-CUBE-WB05N.2.0.0
2025-06-03 13:36:40,908 [WARN] PackLoader:240 - Cannot read IP mode file for wolfSSL.I-CUBE-wolfTPM.3.8.0
2025-06-03 13:36:40,915 [WARN] PackLoader:240 - Cannot read IP mode file for STMicroelectronics.X-CUBE-TCPP.4.2.0
2025-06-03 13:36:40,923 [WARN] PackLoader:240 - Cannot read IP mode file for RealThread.X-CUBE-RT-Thread_Nano.4.1.1
2025-06-03 13:36:40,928 [WARN] PackLoader:240 - Cannot read IP mode file for STMicroelectronics.FP-ATR-SIGFOX1.3.2.0
2025-06-03 13:36:40,934 [WARN] PackLoader:240 - Cannot read IP mode file for STMicroelectronics.X-CUBE-EEPRMA1.5.1.0
2025-06-03 13:36:40,942 [WARN] PackLoader:240 - Cannot read IP mode file for wolfSSL.I-CUBE-wolfSSL.5.7.6
2025-06-03 13:36:40,946 [INFO] WebApp:169 - Instantiating new browser for Auth
2025-06-03 13:36:40,950 [WARN] PackLoader:240 - Cannot read IP mode file for ITTIA_DB.I-CUBE-ITTIADB.8.9.0
2025-06-03 13:36:40,984 [WARN] PackLoader:240 - Cannot read IP mode file for SEGGER.I-CUBE-embOS.1.3.1
2025-06-03 13:36:41,037 [WARN] PackLoader:240 - Cannot read IP mode file for STMicroelectronics.X-CUBE-ALGOBUILD.1.4.0
2025-06-03 13:36:41,070 [WARN] PackLoader:240 - Cannot read IP mode file for STMicroelectronics.X-CUBE-AZRTOS-F4.1.1.0
2025-06-03 13:36:41,083 [WARN] PackLoader:240 - Cannot read IP mode file for Avnet-IotConnect.X-CUBE-IoTC-DA16k-PMOD.1.0.0
2025-06-03 13:36:41,089 [WARN] PackLoader:240 - Cannot read IP mode file for STMicroelectronics.X-CUBE-ISPU.2.1.0
2025-06-03 13:36:41,116 [WARN] PackLoader:240 - Cannot read IP mode file for STMicroelectronics.X-CUBE-AZRTOS-L5.2.0.0
2025-06-03 13:36:41,133 [WARN] PackLoader:240 - Cannot read IP mode file for STMicroelectronics.X-CUBE-NFC6.3.1.0
2025-06-03 13:36:41,178 [WARN] PackLoader:240 - Cannot read IP mode file for STMicroelectronics.X-CUBE-DPower.1.2.0
2025-06-03 13:36:41,188 [WARN] PackLoader:240 - Cannot read IP mode file for STMicroelectronics.X-CUBE-FREERTOS.1.3.1
2025-06-03 13:36:41,193 [WARN] PackLoader:240 - Cannot read IP mode file for STMicroelectronics.X-CUBE-FREERTOS.1.3.0
2025-06-03 13:36:41,202 [WARN] PackLoader:240 - Cannot read IP mode file for STMicroelectronics.X-CUBE-NFC7.1.0.1
2025-06-03 13:36:41,213 [WARN] PackLoader:240 - Cannot read IP mode file for STMicroelectronics.X-CUBE-DPower.1.3.0
2025-06-03 13:36:41,233 [WARN] ConditionMgr:438 - getConditionDescription Invalid condition id : LAN8742 Phy interface Condition cause : null
2025-06-03 13:36:41,233 [WARN] PackLoader:240 - Cannot read IP mode file for STMicroelectronics.X-CUBE-AZRTOS-L4.2.0.0
2025-06-03 13:36:41,234 [WARN] ConditionMgr:1044 - genDependencies : Invalid condition id : LAN8742 Phy interface Condition cause : null
2025-06-03 13:36:41,235 [WARN] ConditionMgr:1044 - genDependencies : Invalid condition id : LAN8742 Phy interface Condition cause : null
2025-06-03 13:36:41,236 [WARN] ConditionMgr:1044 - genDependencies : Invalid condition id : LAN8742 Phy interface Condition cause : null
2025-06-03 13:36:41,247 [WARN] PackLoader:240 - Cannot read IP mode file for STMicroelectronics.X-CUBE-SFXS2LP1.4.0.0
2025-06-03 13:36:41,271 [WARN] PackLoader:240 - Cannot read IP mode file for STMicroelectronics.X-CUBE-AZRTOS-H7.3.3.0
2025-06-03 13:36:41,288 [WARN] ConditionMgr:438 - getConditionDescription Invalid condition id : UX DEVICE CLASS RTOS Condition cause : null
2025-06-03 13:36:41,289 [WARN] ConditionMgr:438 - getConditionDescription Invalid condition id : UX DEVICE CLASS RTOS Condition cause : null
2025-06-03 13:36:41,291 [WARN] PackLoader:240 - Cannot read IP mode file for STMicroelectronics.X-CUBE-AZRTOS-WB.2.0.0
2025-06-03 13:36:41,292 [WARN] ConditionMgr:1044 - genDependencies : Invalid condition id : UX DEVICE CLASS RTOS Condition cause : null
2025-06-03 13:36:41,292 [WARN] ConditionMgr:1044 - genDependencies : Invalid condition id : UX DEVICE CLASS RTOS Condition cause : null
2025-06-03 13:36:41,292 [WARN] ConditionMgr:1044 - genDependencies : Invalid condition id : UX DEVICE CLASS RTOS Condition cause : null
2025-06-03 13:36:41,292 [WARN] ConditionMgr:1044 - genDependencies : Invalid condition id : UX DEVICE CLASS RTOS Condition cause : null
2025-06-03 13:36:41,292 [WARN] ConditionMgr:1044 - genDependencies : Invalid condition id : UX DEVICE CLASS RTOS Condition cause : null
2025-06-03 13:36:41,302 [WARN] PackLoader:240 - Cannot read IP mode file for STMicroelectronics.X-CUBE-GNSS1.7.0.1
2025-06-03 13:36:41,310 [WARN] PackLoader:240 - Cannot read IP mode file for STMicroelectronics.X-CUBE-TOUCHGFX.4.25.0
2025-06-03 13:36:41,320 [WARN] PackLoader:240 - Cannot read IP mode file for STMicroelectronics.FP-SNS-STBOX1.2.0.0
2025-06-03 13:36:41,336 [WARN] PackLoader:240 - Cannot read IP mode file for STMicroelectronics.X-CUBE-SUBG2.5.0.0
2025-06-03 13:36:41,359 [WARN] PackLoader:240 - Cannot read IP mode file for STMicroelectronics.X-CUBE-AZRTOS-H7RS.1.1.0
2025-06-03 13:36:41,366 [WARN] PackLoader:240 - Cannot read IP mode file for Cesanta.I-CUBE-Mongoose.7.13.0
2025-06-03 13:36:41,385 [WARN] PackLoader:240 - Cannot read IP mode file for STMicroelectronics.X-CUBE-AZRTOS-G4.2.0.0
2025-06-03 13:36:41,392 [WARN] PackLoader:240 - Cannot read IP mode file for wolfSSL.I-CUBE-wolfSSH.1.4.20
2025-06-03 13:36:41,397 [WARN] PackLoader:240 - Cannot read IP mode file for STMicroelectronics.X-CUBE-NFC7.2.0.0
2025-06-03 13:36:41,409 [WARN] PackLoader:240 - Cannot read IP mode file for STMicroelectronics.X-CUBE-IPS.3.1.0
2025-06-03 13:36:41,420 [WARN] PackLoader:240 - Cannot read IP mode file for STMicroelectronics.X-CUBE-ALS.1.0.2
2025-06-03 13:36:41,427 [WARN] PackLoader:240 - Cannot read IP mode file for portGmbH.I-Cube-SoM-uGOAL.1.1.0
2025-06-03 13:36:41,447 [WARN] PackLoader:240 - Cannot read IP mode file for STMicroelectronics.X-CUBE-AZRTOS-H7RS.1.0.0
2025-06-03 13:36:41,460 [WARN] PackLoader:240 - Cannot read IP mode file for STMicroelectronics.X-CUBE-TOF1.3.4.2
2025-06-03 13:36:41,480 [WARN] PackLoader:240 - Cannot read IP mode file for STMicroelectronics.X-CUBE-TOF1.3.4.3
2025-06-03 13:36:41,491 [INFO] ThirdParty:978 - Integrity check success = true
2025-06-03 13:36:41,491 [INFO] IntegrityCheckThread:100 - exiting critical section [integrity check]
2025-06-03 13:36:41,491 [INFO] IntegrityCheckThread:103 - End integrity checks thread
2025-06-03 13:36:42,261 [INFO] WebApp:463 - Apply proxy settings
2025-06-03 13:36:42,261 [INFO] WebApp:548 - Chromium requires no authentication
2025-06-03 13:36:42,271 [INFO] WebApp:491 - Direct internet connection detected
2025-06-03 13:36:42,308 [INFO] WebApp:894 - Register for checkConnection events
2025-06-03 13:36:42,309 [INFO] WebApp:463 - Apply proxy settings
2025-06-03 13:36:42,309 [INFO] WebApp:548 - Chromium requires no authentication
2025-06-03 13:36:42,310 [INFO] WebApp:491 - Direct internet connection detected
2025-06-03 13:36:42,574 [INFO] WebApp:225 - Starting web application
2025-06-03 13:36:42,575 [INFO] WebApp:593 - Web application path used C:\ST\STM32CubeIDE_1.18.0\STM32CubeIDE\plugins\com.st.stm32cube.common.mx_6.14.0.202502271554\db\plugins\mcufinder\reactClient1\index.html
2025-06-03 13:36:42,791 [INFO] UserAuth:486 - Internet connection configuration mode: 1
2025-06-03 13:36:42,845 [INFO] WebApp:191 - Connection restablished
2025-06-03 13:36:43,250 [ERROR] LogOutputStream:75 - [STDERR_REDIRECT] [Fatal Error] :1:1: Premature end of file.
2025-06-03 13:36:43,250 [ERROR] LogOutputStream:75 - [STDERR_REDIRECT] 
2025-06-03 13:36:43,867 [ERROR] LogOutputStream:75 - [STDERR_REDIRECT] [Fatal Error] :1:1: Premature end of file.
2025-06-03 13:36:43,867 [ERROR] LogOutputStream:75 - [STDERR_REDIRECT] 
2025-06-03 13:36:44,869 [ERROR] LogOutputStream:75 - [STDERR_REDIRECT] [Fatal Error] :1:1: Premature end of file.
2025-06-03 13:36:44,869 [ERROR] LogOutputStream:75 - [STDERR_REDIRECT] 
2025-06-03 13:36:45,868 [ERROR] LogOutputStream:75 - [STDERR_REDIRECT] [Fatal Error] :1:1: Premature end of file.
2025-06-03 13:36:45,869 [ERROR] LogOutputStream:75 - [STDERR_REDIRECT] 
2025-06-03 13:36:46,870 [ERROR] LogOutputStream:75 - [STDERR_REDIRECT] [Fatal Error] :1:1: Premature end of file.
2025-06-03 13:36:46,870 [ERROR] LogOutputStream:75 - [STDERR_REDIRECT] 
2025-06-03 13:36:47,884 [ERROR] LogOutputStream:75 - [STDERR_REDIRECT] [Fatal Error] :1:1: Premature end of file.
2025-06-03 13:36:47,884 [ERROR] LogOutputStream:75 - [STDERR_REDIRECT] 
2025-06-03 13:36:48,871 [ERROR] LogOutputStream:75 - [STDERR_REDIRECT] [Fatal Error] :1:1: Premature end of file.
2025-06-03 13:36:48,871 [ERROR] LogOutputStream:75 - [STDERR_REDIRECT] 
2025-06-03 13:36:49,872 [ERROR] LogOutputStream:75 - [STDERR_REDIRECT] [Fatal Error] :1:1: Premature end of file.
2025-06-03 13:36:49,872 [ERROR] LogOutputStream:75 - [STDERR_REDIRECT] 
2025-06-03 13:36:50,868 [ERROR] LogOutputStream:75 - [STDERR_REDIRECT] [Fatal Error] :1:1: Premature end of file.
2025-06-03 13:36:50,868 [ERROR] LogOutputStream:75 - [STDERR_REDIRECT] 
2025-06-03 13:36:51,872 [ERROR] LogOutputStream:75 - [STDERR_REDIRECT] [Fatal Error] :1:1: Premature end of file.
2025-06-03 13:36:51,872 [ERROR] LogOutputStream:75 - [STDERR_REDIRECT] 
2025-06-03 13:36:52,874 [ERROR] LogOutputStream:75 - [STDERR_REDIRECT] [Fatal Error] :1:1: Premature end of file.
2025-06-03 13:36:52,876 [ERROR] LogOutputStream:75 - [STDERR_REDIRECT] 
2025-06-03 13:36:53,877 [ERROR] LogOutputStream:75 - [STDERR_REDIRECT] [Fatal Error] :1:1: Premature end of file.
2025-06-03 13:36:53,877 [ERROR] LogOutputStream:75 - [STDERR_REDIRECT] 
2025-06-03 13:36:54,870 [ERROR] LogOutputStream:75 - [STDERR_REDIRECT] [Fatal Error] :1:1: Premature end of file.
2025-06-03 13:36:54,870 [ERROR] LogOutputStream:75 - [STDERR_REDIRECT] 
2025-06-03 13:36:55,870 [ERROR] LogOutputStream:75 - [STDERR_REDIRECT] [Fatal Error] :1:1: Premature end of file.
2025-06-03 13:36:55,870 [ERROR] LogOutputStream:75 - [STDERR_REDIRECT] 
2025-06-03 13:36:56,871 [ERROR] LogOutputStream:75 - [STDERR_REDIRECT] [Fatal Error] :1:1: Premature end of file.
2025-06-03 13:36:56,871 [ERROR] LogOutputStream:75 - [STDERR_REDIRECT] 
2025-06-03 13:36:57,873 [ERROR] LogOutputStream:75 - [STDERR_REDIRECT] [Fatal Error] :1:1: Premature end of file.
2025-06-03 13:36:57,873 [ERROR] LogOutputStream:75 - [STDERR_REDIRECT] 
2025-06-03 13:36:58,869 [ERROR] LogOutputStream:75 - [STDERR_REDIRECT] [Fatal Error] :1:1: Premature end of file.
2025-06-03 13:36:58,869 [ERROR] LogOutputStream:75 - [STDERR_REDIRECT] 
2025-06-03 13:36:59,868 [ERROR] LogOutputStream:75 - [STDERR_REDIRECT] [Fatal Error] :1:1: Premature end of file.
2025-06-03 13:36:59,868 [ERROR] LogOutputStream:75 - [STDERR_REDIRECT] 
2025-06-03 13:37:00,871 [ERROR] LogOutputStream:75 - [STDERR_REDIRECT] [Fatal Error] :1:1: Premature end of file.
2025-06-03 13:37:00,871 [ERROR] LogOutputStream:75 - [STDERR_REDIRECT] 
2025-06-03 13:37:01,867 [ERROR] LogOutputStream:75 - [STDERR_REDIRECT] [Fatal Error] :1:1: Premature end of file.
2025-06-03 13:37:01,867 [ERROR] LogOutputStream:75 - [STDERR_REDIRECT] 
2025-06-03 13:37:02,871 [ERROR] LogOutputStream:75 - [STDERR_REDIRECT] [Fatal Error] :1:1: Premature end of file.
2025-06-03 13:37:02,871 [ERROR] LogOutputStream:75 - [STDERR_REDIRECT] 
2025-06-03 13:37:03,865 [ERROR] LogOutputStream:75 - [STDERR_REDIRECT] [Fatal Error] :1:1: Premature end of file.
2025-06-03 13:37:03,865 [ERROR] LogOutputStream:75 - [STDERR_REDIRECT] 
2025-06-03 13:37:04,866 [ERROR] LogOutputStream:75 - [STDERR_REDIRECT] [Fatal Error] :1:1: Premature end of file.
2025-06-03 13:37:04,867 [ERROR] LogOutputStream:75 - [STDERR_REDIRECT] 
2025-06-03 13:37:05,867 [ERROR] LogOutputStream:75 - [STDERR_REDIRECT] [Fatal Error] :1:1: Premature end of file.
2025-06-03 13:37:05,867 [ERROR] LogOutputStream:75 - [STDERR_REDIRECT] 
2025-06-03 13:37:06,976 [ERROR] LogOutputStream:75 - [STDERR_REDIRECT] [Fatal Error] :1:1: Premature end of file.
2025-06-03 13:37:06,978 [ERROR] LogOutputStream:75 - [STDERR_REDIRECT] 
2025-06-03 13:37:07,869 [ERROR] LogOutputStream:75 - [STDERR_REDIRECT] [Fatal Error] :1:1: Premature end of file.
2025-06-03 13:37:07,869 [ERROR] LogOutputStream:75 - [STDERR_REDIRECT] 
2025-06-03 13:37:08,867 [ERROR] LogOutputStream:75 - [STDERR_REDIRECT] [Fatal Error] :1:1: Premature end of file.
2025-06-03 13:37:08,867 [ERROR] LogOutputStream:75 - [STDERR_REDIRECT] 
2025-06-03 13:37:09,868 [ERROR] LogOutputStream:75 - [STDERR_REDIRECT] [Fatal Error] :1:1: Premature end of file.
2025-06-03 13:37:09,868 [ERROR] LogOutputStream:75 - [STDERR_REDIRECT] 
2025-06-03 13:37:10,869 [ERROR] LogOutputStream:75 - [STDERR_REDIRECT] [Fatal Error] :1:1: Premature end of file.
2025-06-03 13:37:10,869 [ERROR] LogOutputStream:75 - [STDERR_REDIRECT] 
2025-06-03 13:37:11,868 [ERROR] LogOutputStream:75 - [STDERR_REDIRECT] [Fatal Error] :1:1: Premature end of file.
2025-06-03 13:37:11,868 [ERROR] LogOutputStream:75 - [STDERR_REDIRECT] 
2025-06-03 13:37:12,871 [ERROR] LogOutputStream:75 - [STDERR_REDIRECT] [Fatal Error] :1:1: Premature end of file.
2025-06-03 13:37:12,872 [ERROR] LogOutputStream:75 - [STDERR_REDIRECT] 
2025-06-03 13:37:13,868 [ERROR] LogOutputStream:75 - [STDERR_REDIRECT] [Fatal Error] :1:1: Premature end of file.
2025-06-03 13:37:13,868 [ERROR] LogOutputStream:75 - [STDERR_REDIRECT] 
2025-06-03 13:37:14,874 [ERROR] LogOutputStream:75 - [STDERR_REDIRECT] [Fatal Error] :1:1: Premature end of file.
2025-06-03 13:37:14,875 [ERROR] LogOutputStream:75 - [STDERR_REDIRECT] 
2025-06-03 13:37:15,868 [ERROR] LogOutputStream:75 - [STDERR_REDIRECT] [Fatal Error] :1:1: Premature end of file.
2025-06-03 13:37:15,868 [ERROR] LogOutputStream:75 - [STDERR_REDIRECT] 
2025-06-03 13:37:16,870 [ERROR] LogOutputStream:75 - [STDERR_REDIRECT] [Fatal Error] :1:1: Premature end of file.
2025-06-03 13:37:16,870 [ERROR] LogOutputStream:75 - [STDERR_REDIRECT] 
2025-06-03 13:37:17,870 [ERROR] LogOutputStream:75 - [STDERR_REDIRECT] [Fatal Error] :1:1: Premature end of file.
2025-06-03 13:37:17,870 [ERROR] LogOutputStream:75 - [STDERR_REDIRECT] 
2025-06-03 13:37:18,870 [ERROR] LogOutputStream:75 - [STDERR_REDIRECT] [Fatal Error] :1:1: Premature end of file.
2025-06-03 13:37:18,870 [ERROR] LogOutputStream:75 - [STDERR_REDIRECT] 
2025-06-03 13:37:19,868 [ERROR] LogOutputStream:75 - [STDERR_REDIRECT] [Fatal Error] :1:1: Premature end of file.
2025-06-03 13:37:19,868 [ERROR] LogOutputStream:75 - [STDERR_REDIRECT] 
2025-06-03 13:37:20,875 [ERROR] LogOutputStream:75 - [STDERR_REDIRECT] [Fatal Error] :1:1: Premature end of file.
2025-06-03 13:37:20,875 [ERROR] LogOutputStream:75 - [STDERR_REDIRECT] 
2025-06-03 13:37:21,870 [ERROR] LogOutputStream:75 - [STDERR_REDIRECT] [Fatal Error] :1:1: Premature end of file.
2025-06-03 13:37:21,870 [ERROR] LogOutputStream:75 - [STDERR_REDIRECT] 
2025-06-03 13:37:22,882 [ERROR] LogOutputStream:75 - [STDERR_REDIRECT] [Fatal Error] :1:1: Premature end of file.
2025-06-03 13:37:22,882 [ERROR] LogOutputStream:75 - [STDERR_REDIRECT] 
2025-06-03 13:37:23,877 [ERROR] LogOutputStream:75 - [STDERR_REDIRECT] [Fatal Error] :1:1: Premature end of file.
2025-06-03 13:37:23,878 [ERROR] LogOutputStream:75 - [STDERR_REDIRECT] 
2025-06-03 13:37:24,874 [ERROR] LogOutputStream:75 - [STDERR_REDIRECT] [Fatal Error] :1:1: Premature end of file.
2025-06-03 13:37:24,876 [ERROR] LogOutputStream:75 - [STDERR_REDIRECT] 
2025-06-03 13:37:25,871 [ERROR] LogOutputStream:75 - [STDERR_REDIRECT] [Fatal Error] :1:1: Premature end of file.
2025-06-03 13:37:25,872 [ERROR] LogOutputStream:75 - [STDERR_REDIRECT] 
2025-06-03 13:37:26,868 [ERROR] LogOutputStream:75 - [STDERR_REDIRECT] [Fatal Error] :1:1: Premature end of file.
2025-06-03 13:37:26,868 [ERROR] LogOutputStream:75 - [STDERR_REDIRECT] 
2025-06-03 13:37:27,866 [ERROR] LogOutputStream:75 - [STDERR_REDIRECT] [Fatal Error] :1:1: Premature end of file.
2025-06-03 13:37:27,867 [ERROR] LogOutputStream:75 - [STDERR_REDIRECT] 
2025-06-03 13:37:28,876 [ERROR] LogOutputStream:75 - [STDERR_REDIRECT] [Fatal Error] :1:1: Premature end of file.
2025-06-03 13:37:28,876 [ERROR] LogOutputStream:75 - [STDERR_REDIRECT] 
2025-06-03 13:37:29,870 [ERROR] LogOutputStream:75 - [STDERR_REDIRECT] [Fatal Error] :1:1: Premature end of file.
2025-06-03 13:37:29,870 [ERROR] LogOutputStream:75 - [STDERR_REDIRECT] 
2025-06-03 13:37:30,869 [ERROR] LogOutputStream:75 - [STDERR_REDIRECT] [Fatal Error] :1:1: Premature end of file.
2025-06-03 13:37:30,869 [ERROR] LogOutputStream:75 - [STDERR_REDIRECT] 
2025-06-03 13:37:31,870 [ERROR] LogOutputStream:75 - [STDERR_REDIRECT] [Fatal Error] :1:1: Premature end of file.
2025-06-03 13:37:31,870 [ERROR] LogOutputStream:75 - [STDERR_REDIRECT] 
2025-06-03 13:37:32,882 [ERROR] LogOutputStream:75 - [STDERR_REDIRECT] [Fatal Error] :1:1: Premature end of file.
2025-06-03 13:37:32,883 [ERROR] LogOutputStream:75 - [STDERR_REDIRECT] 
2025-06-03 13:37:33,868 [ERROR] LogOutputStream:75 - [STDERR_REDIRECT] [Fatal Error] :1:1: Premature end of file.
2025-06-03 13:37:33,868 [ERROR] LogOutputStream:75 - [STDERR_REDIRECT] 
2025-06-03 13:37:34,872 [ERROR] LogOutputStream:75 - [STDERR_REDIRECT] [Fatal Error] :1:1: Premature end of file.
2025-06-03 13:37:34,872 [ERROR] LogOutputStream:75 - [STDERR_REDIRECT] 
2025-06-03 13:37:35,866 [ERROR] LogOutputStream:75 - [STDERR_REDIRECT] [Fatal Error] :1:1: Premature end of file.
2025-06-03 13:37:35,866 [ERROR] LogOutputStream:75 - [STDERR_REDIRECT] 
2025-06-03 13:37:36,867 [ERROR] LogOutputStream:75 - [STDERR_REDIRECT] [Fatal Error] :1:1: Premature end of file.
2025-06-03 13:37:36,867 [ERROR] LogOutputStream:75 - [STDERR_REDIRECT] 
2025-06-03 13:37:37,869 [ERROR] LogOutputStream:75 - [STDERR_REDIRECT] [Fatal Error] :1:1: Premature end of file.
2025-06-03 13:37:37,870 [ERROR] LogOutputStream:75 - [STDERR_REDIRECT] 
2025-06-03 13:37:38,866 [ERROR] LogOutputStream:75 - [STDERR_REDIRECT] [Fatal Error] :1:1: Premature end of file.
2025-06-03 13:37:38,867 [ERROR] LogOutputStream:75 - [STDERR_REDIRECT] 
2025-06-03 13:37:39,867 [ERROR] LogOutputStream:75 - [STDERR_REDIRECT] [Fatal Error] :1:1: Premature end of file.
2025-06-03 13:37:39,867 [ERROR] LogOutputStream:75 - [STDERR_REDIRECT] 
2025-06-03 13:37:40,871 [ERROR] LogOutputStream:75 - [STDERR_REDIRECT] [Fatal Error] :1:1: Premature end of file.
2025-06-03 13:37:40,871 [ERROR] LogOutputStream:75 - [STDERR_REDIRECT] 
2025-06-03 13:37:41,875 [ERROR] LogOutputStream:75 - [STDERR_REDIRECT] [Fatal Error] :1:1: Premature end of file.
2025-06-03 13:37:41,875 [ERROR] LogOutputStream:75 - [STDERR_REDIRECT] 
2025-06-03 13:37:42,868 [ERROR] LogOutputStream:75 - [STDERR_REDIRECT] [Fatal Error] :1:1: Premature end of file.
2025-06-03 13:37:42,868 [ERROR] LogOutputStream:75 - [STDERR_REDIRECT] 
2025-06-03 13:37:43,871 [ERROR] LogOutputStream:75 - [STDERR_REDIRECT] [Fatal Error] :1:1: Premature end of file.
2025-06-03 13:37:43,872 [ERROR] LogOutputStream:75 - [STDERR_REDIRECT] 
2025-06-03 13:37:44,870 [ERROR] LogOutputStream:75 - [STDERR_REDIRECT] [Fatal Error] :1:1: Premature end of file.
2025-06-03 13:37:44,870 [ERROR] LogOutputStream:75 - [STDERR_REDIRECT] 
2025-06-03 13:37:45,874 [ERROR] LogOutputStream:75 - [STDERR_REDIRECT] [Fatal Error] :1:1: Premature end of file.
2025-06-03 13:37:45,874 [ERROR] LogOutputStream:75 - [STDERR_REDIRECT] 
2025-06-03 13:37:46,868 [ERROR] LogOutputStream:75 - [STDERR_REDIRECT] [Fatal Error] :1:1: Premature end of file.
2025-06-03 13:37:46,868 [ERROR] LogOutputStream:75 - [STDERR_REDIRECT] 
2025-06-03 13:37:47,870 [ERROR] LogOutputStream:75 - [STDERR_REDIRECT] [Fatal Error] :1:1: Premature end of file.
2025-06-03 13:37:47,872 [ERROR] LogOutputStream:75 - [STDERR_REDIRECT] 
2025-06-03 13:37:48,879 [ERROR] LogOutputStream:75 - [STDERR_REDIRECT] [Fatal Error] :1:1: Premature end of file.
2025-06-03 13:37:48,879 [ERROR] LogOutputStream:75 - [STDERR_REDIRECT] 
2025-06-03 13:37:49,871 [ERROR] LogOutputStream:75 - [STDERR_REDIRECT] [Fatal Error] :1:1: Premature end of file.
2025-06-03 13:37:49,871 [ERROR] LogOutputStream:75 - [STDERR_REDIRECT] 
2025-06-03 13:37:50,866 [ERROR] LogOutputStream:75 - [STDERR_REDIRECT] [Fatal Error] :1:1: Premature end of file.
2025-06-03 13:37:50,867 [ERROR] LogOutputStream:75 - [STDERR_REDIRECT] 
2025-06-03 13:37:51,870 [ERROR] LogOutputStream:75 - [STDERR_REDIRECT] [Fatal Error] :1:1: Premature end of file.
2025-06-03 13:37:51,871 [ERROR] LogOutputStream:75 - [STDERR_REDIRECT] 
2025-06-03 13:37:52,866 [ERROR] LogOutputStream:75 - [STDERR_REDIRECT] [Fatal Error] :1:1: Premature end of file.
2025-06-03 13:37:52,866 [ERROR] LogOutputStream:75 - [STDERR_REDIRECT] 
2025-06-03 13:37:53,878 [ERROR] LogOutputStream:75 - [STDERR_REDIRECT] [Fatal Error] :1:1: Premature end of file.
2025-06-03 13:37:53,878 [ERROR] LogOutputStream:75 - [STDERR_REDIRECT] 
2025-06-03 13:37:54,873 [ERROR] LogOutputStream:75 - [STDERR_REDIRECT] [Fatal Error] :1:1: Premature end of file.
2025-06-03 13:37:54,873 [ERROR] LogOutputStream:75 - [STDERR_REDIRECT] 
2025-06-03 13:37:55,870 [ERROR] LogOutputStream:75 - [STDERR_REDIRECT] [Fatal Error] :1:1: Premature end of file.
2025-06-03 13:37:55,870 [ERROR] LogOutputStream:75 - [STDERR_REDIRECT] 
2025-06-03 13:37:56,867 [ERROR] LogOutputStream:75 - [STDERR_REDIRECT] [Fatal Error] :1:1: Premature end of file.
2025-06-03 13:37:56,868 [ERROR] LogOutputStream:75 - [STDERR_REDIRECT] 
2025-06-03 13:37:57,874 [ERROR] LogOutputStream:75 - [STDERR_REDIRECT] [Fatal Error] :1:1: Premature end of file.
2025-06-03 13:37:57,874 [ERROR] LogOutputStream:75 - [STDERR_REDIRECT] 
2025-06-03 13:37:58,872 [ERROR] LogOutputStream:75 - [STDERR_REDIRECT] [Fatal Error] :1:1: Premature end of file.
2025-06-03 13:37:58,872 [ERROR] LogOutputStream:75 - [STDERR_REDIRECT] 
2025-06-03 13:37:59,875 [ERROR] LogOutputStream:75 - [STDERR_REDIRECT] [Fatal Error] :1:1: Premature end of file.
2025-06-03 13:37:59,875 [ERROR] LogOutputStream:75 - [STDERR_REDIRECT] 
2025-06-03 13:38:00,869 [ERROR] LogOutputStream:75 - [STDERR_REDIRECT] [Fatal Error] :1:1: Premature end of file.
2025-06-03 13:38:00,869 [ERROR] LogOutputStream:75 - [STDERR_REDIRECT] 
2025-06-03 13:38:01,868 [ERROR] LogOutputStream:75 - [STDERR_REDIRECT] [Fatal Error] :1:1: Premature end of file.
2025-06-03 13:38:01,868 [ERROR] LogOutputStream:75 - [STDERR_REDIRECT] 
2025-06-03 13:38:02,870 [ERROR] LogOutputStream:75 - [STDERR_REDIRECT] [Fatal Error] :1:1: Premature end of file.
2025-06-03 13:38:02,870 [ERROR] LogOutputStream:75 - [STDERR_REDIRECT] 
2025-06-03 13:38:03,868 [ERROR] LogOutputStream:75 - [STDERR_REDIRECT] [Fatal Error] :1:1: Premature end of file.
2025-06-03 13:38:03,869 [ERROR] LogOutputStream:75 - [STDERR_REDIRECT] 
2025-06-03 13:38:04,867 [ERROR] LogOutputStream:75 - [STDERR_REDIRECT] [Fatal Error] :1:1: Premature end of file.
2025-06-03 13:38:04,867 [ERROR] LogOutputStream:75 - [STDERR_REDIRECT] 
2025-06-03 13:38:05,866 [ERROR] LogOutputStream:75 - [STDERR_REDIRECT] [Fatal Error] :1:1: Premature end of file.
2025-06-03 13:38:05,866 [ERROR] LogOutputStream:75 - [STDERR_REDIRECT] 
2025-06-03 13:38:06,867 [ERROR] LogOutputStream:75 - [STDERR_REDIRECT] [Fatal Error] :1:1: Premature end of file.
2025-06-03 13:38:06,868 [ERROR] LogOutputStream:75 - [STDERR_REDIRECT] 
2025-06-03 13:38:07,868 [ERROR] LogOutputStream:75 - [STDERR_REDIRECT] [Fatal Error] :1:1: Premature end of file.
2025-06-03 13:38:07,868 [ERROR] LogOutputStream:75 - [STDERR_REDIRECT] 
2025-06-03 13:38:08,871 [ERROR] LogOutputStream:75 - [STDERR_REDIRECT] [Fatal Error] :1:1: Premature end of file.
2025-06-03 13:38:08,871 [ERROR] LogOutputStream:75 - [STDERR_REDIRECT] 
2025-06-03 13:38:09,874 [ERROR] LogOutputStream:75 - [STDERR_REDIRECT] [Fatal Error] :1:1: Premature end of file.
2025-06-03 13:38:09,875 [ERROR] LogOutputStream:75 - [STDERR_REDIRECT] 
2025-06-03 13:38:10,870 [ERROR] LogOutputStream:75 - [STDERR_REDIRECT] [Fatal Error] :1:1: Premature end of file.
2025-06-03 13:38:10,872 [ERROR] LogOutputStream:75 - [STDERR_REDIRECT] 
2025-06-03 13:38:11,868 [ERROR] LogOutputStream:75 - [STDERR_REDIRECT] [Fatal Error] :1:1: Premature end of file.
2025-06-03 13:38:11,869 [ERROR] LogOutputStream:75 - [STDERR_REDIRECT] 
2025-06-03 13:38:12,870 [ERROR] LogOutputStream:75 - [STDERR_REDIRECT] [Fatal Error] :1:1: Premature end of file.
2025-06-03 13:38:12,870 [ERROR] LogOutputStream:75 - [STDERR_REDIRECT] 
2025-06-03 13:38:13,874 [ERROR] LogOutputStream:75 - [STDERR_REDIRECT] [Fatal Error] :1:1: Premature end of file.
2025-06-03 13:38:13,875 [ERROR] LogOutputStream:75 - [STDERR_REDIRECT] 
2025-06-03 13:38:14,867 [ERROR] LogOutputStream:75 - [STDERR_REDIRECT] [Fatal Error] :1:1: Premature end of file.
2025-06-03 13:38:14,867 [ERROR] LogOutputStream:75 - [STDERR_REDIRECT] 
2025-06-03 13:38:15,867 [ERROR] LogOutputStream:75 - [STDERR_REDIRECT] [Fatal Error] :1:1: Premature end of file.
2025-06-03 13:38:15,869 [ERROR] LogOutputStream:75 - [STDERR_REDIRECT] 
2025-06-03 13:38:16,871 [ERROR] LogOutputStream:75 - [STDERR_REDIRECT] [Fatal Error] :1:1: Premature end of file.
2025-06-03 13:38:16,871 [ERROR] LogOutputStream:75 - [STDERR_REDIRECT] 
2025-06-03 13:38:17,870 [ERROR] LogOutputStream:75 - [STDERR_REDIRECT] [Fatal Error] :1:1: Premature end of file.
2025-06-03 13:38:17,871 [ERROR] LogOutputStream:75 - [STDERR_REDIRECT] 
2025-06-03 13:38:18,870 [ERROR] LogOutputStream:75 - [STDERR_REDIRECT] [Fatal Error] :1:1: Premature end of file.
2025-06-03 13:38:18,871 [ERROR] LogOutputStream:75 - [STDERR_REDIRECT] 
2025-06-03 13:38:19,881 [ERROR] LogOutputStream:75 - [STDERR_REDIRECT] [Fatal Error] :1:1: Premature end of file.
2025-06-03 13:38:19,882 [ERROR] LogOutputStream:75 - [STDERR_REDIRECT] 
2025-06-03 13:38:20,871 [ERROR] LogOutputStream:75 - [STDERR_REDIRECT] [Fatal Error] :1:1: Premature end of file.
2025-06-03 13:38:20,872 [ERROR] LogOutputStream:75 - [STDERR_REDIRECT] 
2025-06-03 13:38:21,872 [ERROR] LogOutputStream:75 - [STDERR_REDIRECT] [Fatal Error] :1:1: Premature end of file.
2025-06-03 13:38:21,874 [ERROR] LogOutputStream:75 - [STDERR_REDIRECT] 
2025-06-03 13:38:22,871 [ERROR] LogOutputStream:75 - [STDERR_REDIRECT] [Fatal Error] :1:1: Premature end of file.
2025-06-03 13:38:22,871 [ERROR] LogOutputStream:75 - [STDERR_REDIRECT] 
2025-06-03 13:38:23,874 [ERROR] LogOutputStream:75 - [STDERR_REDIRECT] [Fatal Error] :1:1: Premature end of file.
2025-06-03 13:38:23,874 [ERROR] LogOutputStream:75 - [STDERR_REDIRECT] 
2025-06-03 13:38:24,872 [ERROR] LogOutputStream:75 - [STDERR_REDIRECT] [Fatal Error] :1:1: Premature end of file.
2025-06-03 13:38:24,872 [ERROR] LogOutputStream:75 - [STDERR_REDIRECT] 
2025-06-03 13:38:25,868 [ERROR] LogOutputStream:75 - [STDERR_REDIRECT] [Fatal Error] :1:1: Premature end of file.
2025-06-03 13:38:25,869 [ERROR] LogOutputStream:75 - [STDERR_REDIRECT] 
2025-06-03 13:38:26,874 [ERROR] LogOutputStream:75 - [STDERR_REDIRECT] [Fatal Error] :1:1: Premature end of file.
2025-06-03 13:38:26,874 [ERROR] LogOutputStream:75 - [STDERR_REDIRECT] 
2025-06-03 13:38:27,869 [ERROR] LogOutputStream:75 - [STDERR_REDIRECT] [Fatal Error] :1:1: Premature end of file.
2025-06-03 13:38:27,870 [ERROR] LogOutputStream:75 - [STDERR_REDIRECT] 
2025-06-03 13:38:28,867 [ERROR] LogOutputStream:75 - [STDERR_REDIRECT] [Fatal Error] :1:1: Premature end of file.
2025-06-03 13:38:28,868 [ERROR] LogOutputStream:75 - [STDERR_REDIRECT] 
2025-06-03 13:38:29,870 [ERROR] LogOutputStream:75 - [STDERR_REDIRECT] [Fatal Error] :1:1: Premature end of file.
2025-06-03 13:38:29,870 [ERROR] LogOutputStream:75 - [STDERR_REDIRECT] 
2025-06-03 13:38:30,869 [ERROR] LogOutputStream:75 - [STDERR_REDIRECT] [Fatal Error] :1:1: Premature end of file.
2025-06-03 13:38:30,869 [ERROR] LogOutputStream:75 - [STDERR_REDIRECT] 
2025-06-03 13:38:31,871 [ERROR] LogOutputStream:75 - [STDERR_REDIRECT] [Fatal Error] :1:1: Premature end of file.
2025-06-03 13:38:31,871 [ERROR] LogOutputStream:75 - [STDERR_REDIRECT] 
2025-06-03 13:38:32,867 [ERROR] LogOutputStream:75 - [STDERR_REDIRECT] [Fatal Error] :1:1: Premature end of file.
2025-06-03 13:38:32,867 [ERROR] LogOutputStream:75 - [STDERR_REDIRECT] 
2025-06-03 13:38:33,872 [ERROR] LogOutputStream:75 - [STDERR_REDIRECT] [Fatal Error] :1:1: Premature end of file.
2025-06-03 13:38:33,872 [ERROR] LogOutputStream:75 - [STDERR_REDIRECT] 
2025-06-03 13:38:34,869 [ERROR] LogOutputStream:75 - [STDERR_REDIRECT] [Fatal Error] :1:1: Premature end of file.
2025-06-03 13:38:34,869 [ERROR] LogOutputStream:75 - [STDERR_REDIRECT] 
2025-06-03 13:38:35,873 [ERROR] LogOutputStream:75 - [STDERR_REDIRECT] [Fatal Error] :1:1: Premature end of file.
2025-06-03 13:38:35,873 [ERROR] LogOutputStream:75 - [STDERR_REDIRECT] 
2025-06-03 13:38:36,868 [ERROR] LogOutputStream:75 - [STDERR_REDIRECT] [Fatal Error] :1:1: Premature end of file.
2025-06-03 13:38:36,869 [ERROR] LogOutputStream:75 - [STDERR_REDIRECT] 
2025-06-03 13:38:37,865 [ERROR] LogOutputStream:75 - [STDERR_REDIRECT] [Fatal Error] :1:1: Premature end of file.
2025-06-03 13:38:37,865 [ERROR] LogOutputStream:75 - [STDERR_REDIRECT] 
2025-06-03 13:38:38,867 [ERROR] LogOutputStream:75 - [STDERR_REDIRECT] [Fatal Error] :1:1: Premature end of file.
2025-06-03 13:38:38,867 [ERROR] LogOutputStream:75 - [STDERR_REDIRECT] 
2025-06-03 13:38:39,871 [ERROR] LogOutputStream:75 - [STDERR_REDIRECT] [Fatal Error] :1:1: Premature end of file.
2025-06-03 13:38:39,871 [ERROR] LogOutputStream:75 - [STDERR_REDIRECT] 
2025-06-03 13:38:40,868 [ERROR] LogOutputStream:75 - [STDERR_REDIRECT] [Fatal Error] :1:1: Premature end of file.
2025-06-03 13:38:40,868 [ERROR] LogOutputStream:75 - [STDERR_REDIRECT] 
2025-06-03 13:38:41,874 [ERROR] LogOutputStream:75 - [STDERR_REDIRECT] [Fatal Error] :1:1: Premature end of file.
2025-06-03 13:38:41,874 [ERROR] LogOutputStream:75 - [STDERR_REDIRECT] 
2025-06-03 13:38:42,871 [ERROR] LogOutputStream:75 - [STDERR_REDIRECT] [Fatal Error] :1:1: Premature end of file.
2025-06-03 13:38:42,872 [ERROR] LogOutputStream:75 - [STDERR_REDIRECT] 
2025-06-03 13:38:43,871 [ERROR] LogOutputStream:75 - [STDERR_REDIRECT] [Fatal Error] :1:1: Premature end of file.
2025-06-03 13:38:43,871 [ERROR] LogOutputStream:75 - [STDERR_REDIRECT] 
2025-06-03 13:38:44,872 [ERROR] LogOutputStream:75 - [STDERR_REDIRECT] [Fatal Error] :1:1: Premature end of file.
2025-06-03 13:38:44,872 [ERROR] LogOutputStream:75 - [STDERR_REDIRECT] 
2025-06-03 13:38:45,875 [ERROR] LogOutputStream:75 - [STDERR_REDIRECT] [Fatal Error] :1:1: Premature end of file.
2025-06-03 13:38:45,875 [ERROR] LogOutputStream:75 - [STDERR_REDIRECT] 
2025-06-03 13:38:46,867 [ERROR] LogOutputStream:75 - [STDERR_REDIRECT] [Fatal Error] :1:1: Premature end of file.
2025-06-03 13:38:46,867 [ERROR] LogOutputStream:75 - [STDERR_REDIRECT] 
2025-06-03 13:38:47,866 [ERROR] LogOutputStream:75 - [STDERR_REDIRECT] [Fatal Error] :1:1: Premature end of file.
2025-06-03 13:38:47,867 [ERROR] LogOutputStream:75 - [STDERR_REDIRECT] 
2025-06-03 13:38:48,867 [ERROR] LogOutputStream:75 - [STDERR_REDIRECT] [Fatal Error] :1:1: Premature end of file.
2025-06-03 13:38:48,867 [ERROR] LogOutputStream:75 - [STDERR_REDIRECT] 
2025-06-03 13:38:49,871 [ERROR] LogOutputStream:75 - [STDERR_REDIRECT] [Fatal Error] :1:1: Premature end of file.
2025-06-03 13:38:49,872 [ERROR] LogOutputStream:75 - [STDERR_REDIRECT] 
2025-06-03 13:38:50,867 [ERROR] LogOutputStream:75 - [STDERR_REDIRECT] [Fatal Error] :1:1: Premature end of file.
2025-06-03 13:38:50,867 [ERROR] LogOutputStream:75 - [STDERR_REDIRECT] 
2025-06-03 13:38:51,867 [ERROR] LogOutputStream:75 - [STDERR_REDIRECT] [Fatal Error] :1:1: Premature end of file.
2025-06-03 13:38:51,868 [ERROR] LogOutputStream:75 - [STDERR_REDIRECT] 
2025-06-03 13:38:52,868 [ERROR] LogOutputStream:75 - [STDERR_REDIRECT] [Fatal Error] :1:1: Premature end of file.
2025-06-03 13:38:52,868 [ERROR] LogOutputStream:75 - [STDERR_REDIRECT] 
2025-06-03 13:38:53,872 [ERROR] LogOutputStream:75 - [STDERR_REDIRECT] [Fatal Error] :1:1: Premature end of file.
2025-06-03 13:38:53,872 [ERROR] LogOutputStream:75 - [STDERR_REDIRECT] 
2025-06-03 13:38:54,867 [ERROR] LogOutputStream:75 - [STDERR_REDIRECT] [Fatal Error] :1:1: Premature end of file.
2025-06-03 13:38:54,868 [ERROR] LogOutputStream:75 - [STDERR_REDIRECT] 
2025-06-03 13:38:55,869 [ERROR] LogOutputStream:75 - [STDERR_REDIRECT] [Fatal Error] :1:1: Premature end of file.
2025-06-03 13:38:55,869 [ERROR] LogOutputStream:75 - [STDERR_REDIRECT] 
2025-06-03 13:38:56,871 [ERROR] LogOutputStream:75 - [STDERR_REDIRECT] [Fatal Error] :1:1: Premature end of file.
2025-06-03 13:38:56,871 [ERROR] LogOutputStream:75 - [STDERR_REDIRECT] 
2025-06-03 13:38:57,874 [ERROR] LogOutputStream:75 - [STDERR_REDIRECT] [Fatal Error] :1:1: Premature end of file.
2025-06-03 13:38:57,874 [ERROR] LogOutputStream:75 - [STDERR_REDIRECT] 
2025-06-03 13:38:58,866 [ERROR] LogOutputStream:75 - [STDERR_REDIRECT] [Fatal Error] :1:1: Premature end of file.
2025-06-03 13:38:58,866 [ERROR] LogOutputStream:75 - [STDERR_REDIRECT] 
2025-06-03 13:38:59,872 [ERROR] LogOutputStream:75 - [STDERR_REDIRECT] [Fatal Error] :1:1: Premature end of file.
2025-06-03 13:38:59,872 [ERROR] LogOutputStream:75 - [STDERR_REDIRECT] 
2025-06-03 13:39:00,872 [ERROR] LogOutputStream:75 - [STDERR_REDIRECT] [Fatal Error] :1:1: Premature end of file.
2025-06-03 13:39:00,872 [ERROR] LogOutputStream:75 - [STDERR_REDIRECT] 
2025-06-03 13:39:01,865 [ERROR] LogOutputStream:75 - [STDERR_REDIRECT] [Fatal Error] :1:1: Premature end of file.
2025-06-03 13:39:01,866 [ERROR] LogOutputStream:75 - [STDERR_REDIRECT] 
2025-06-03 13:39:02,871 [ERROR] LogOutputStream:75 - [STDERR_REDIRECT] [Fatal Error] :1:1: Premature end of file.
2025-06-03 13:39:02,871 [ERROR] LogOutputStream:75 - [STDERR_REDIRECT] 
2025-06-03 13:39:03,870 [ERROR] LogOutputStream:75 - [STDERR_REDIRECT] [Fatal Error] :1:1: Premature end of file.
2025-06-03 13:39:03,871 [ERROR] LogOutputStream:75 - [STDERR_REDIRECT] 
2025-06-03 13:39:04,871 [ERROR] LogOutputStream:75 - [STDERR_REDIRECT] [Fatal Error] :1:1: Premature end of file.
2025-06-03 13:39:04,871 [ERROR] LogOutputStream:75 - [STDERR_REDIRECT] 
2025-06-03 13:39:05,876 [ERROR] LogOutputStream:75 - [STDERR_REDIRECT] [Fatal Error] :1:1: Premature end of file.
2025-06-03 13:39:05,876 [ERROR] LogOutputStream:75 - [STDERR_REDIRECT] 
2025-06-03 13:39:06,872 [ERROR] LogOutputStream:75 - [STDERR_REDIRECT] [Fatal Error] :1:1: Premature end of file.
2025-06-03 13:39:06,872 [ERROR] LogOutputStream:75 - [STDERR_REDIRECT] 
2025-06-03 13:39:07,869 [ERROR] LogOutputStream:75 - [STDERR_REDIRECT] [Fatal Error] :1:1: Premature end of file.
2025-06-03 13:39:07,869 [ERROR] LogOutputStream:75 - [STDERR_REDIRECT] 
2025-06-03 13:39:08,876 [ERROR] LogOutputStream:75 - [STDERR_REDIRECT] [Fatal Error] :1:1: Premature end of file.
2025-06-03 13:39:08,876 [ERROR] LogOutputStream:75 - [STDERR_REDIRECT] 
2025-06-03 13:39:09,874 [ERROR] LogOutputStream:75 - [STDERR_REDIRECT] [Fatal Error] :1:1: Premature end of file.
2025-06-03 13:39:09,875 [ERROR] LogOutputStream:75 - [STDERR_REDIRECT] 
2025-06-03 13:39:10,873 [ERROR] LogOutputStream:75 - [STDERR_REDIRECT] [Fatal Error] :1:1: Premature end of file.
2025-06-03 13:39:10,874 [ERROR] LogOutputStream:75 - [STDERR_REDIRECT] 
2025-06-03 13:39:11,867 [ERROR] LogOutputStream:75 - [STDERR_REDIRECT] [Fatal Error] :1:1: Premature end of file.
2025-06-03 13:39:11,867 [ERROR] LogOutputStream:75 - [STDERR_REDIRECT] 
2025-06-03 13:39:12,867 [ERROR] LogOutputStream:75 - [STDERR_REDIRECT] [Fatal Error] :1:1: Premature end of file.
2025-06-03 13:39:12,867 [ERROR] LogOutputStream:75 - [STDERR_REDIRECT] 
2025-06-03 13:39:13,866 [ERROR] LogOutputStream:75 - [STDERR_REDIRECT] [Fatal Error] :1:1: Premature end of file.
2025-06-03 13:39:13,867 [ERROR] LogOutputStream:75 - [STDERR_REDIRECT] 
2025-06-03 13:39:14,867 [ERROR] LogOutputStream:75 - [STDERR_REDIRECT] [Fatal Error] :1:1: Premature end of file.
2025-06-03 13:39:14,867 [ERROR] LogOutputStream:75 - [STDERR_REDIRECT] 
2025-06-03 13:39:15,867 [ERROR] LogOutputStream:75 - [STDERR_REDIRECT] [Fatal Error] :1:1: Premature end of file.
2025-06-03 13:39:15,867 [ERROR] LogOutputStream:75 - [STDERR_REDIRECT] 
2025-06-03 13:39:16,867 [ERROR] LogOutputStream:75 - [STDERR_REDIRECT] [Fatal Error] :1:1: Premature end of file.
2025-06-03 13:39:16,867 [ERROR] LogOutputStream:75 - [STDERR_REDIRECT] 
2025-06-03 13:39:17,873 [ERROR] LogOutputStream:75 - [STDERR_REDIRECT] [Fatal Error] :1:1: Premature end of file.
2025-06-03 13:39:17,873 [ERROR] LogOutputStream:75 - [STDERR_REDIRECT] 
2025-06-03 13:39:18,869 [ERROR] LogOutputStream:75 - [STDERR_REDIRECT] [Fatal Error] :1:1: Premature end of file.
2025-06-03 13:39:18,870 [ERROR] LogOutputStream:75 - [STDERR_REDIRECT] 
2025-06-03 13:39:19,871 [ERROR] LogOutputStream:75 - [STDERR_REDIRECT] [Fatal Error] :1:1: Premature end of file.
2025-06-03 13:39:19,871 [ERROR] LogOutputStream:75 - [STDERR_REDIRECT] 
2025-06-03 13:39:20,866 [ERROR] LogOutputStream:75 - [STDERR_REDIRECT] [Fatal Error] :1:1: Premature end of file.
2025-06-03 13:39:20,866 [ERROR] LogOutputStream:75 - [STDERR_REDIRECT] 
2025-06-03 13:39:21,869 [ERROR] LogOutputStream:75 - [STDERR_REDIRECT] [Fatal Error] :1:1: Premature end of file.
2025-06-03 13:39:21,869 [ERROR] LogOutputStream:75 - [STDERR_REDIRECT] 
2025-06-03 13:39:22,871 [ERROR] LogOutputStream:75 - [STDERR_REDIRECT] [Fatal Error] :1:1: Premature end of file.
2025-06-03 13:39:22,871 [ERROR] LogOutputStream:75 - [STDERR_REDIRECT] 
2025-06-03 13:39:23,870 [ERROR] LogOutputStream:75 - [STDERR_REDIRECT] [Fatal Error] :1:1: Premature end of file.
2025-06-03 13:39:23,871 [ERROR] LogOutputStream:75 - [STDERR_REDIRECT] 
2025-06-03 13:39:24,865 [ERROR] LogOutputStream:75 - [STDERR_REDIRECT] [Fatal Error] :1:1: Premature end of file.
2025-06-03 13:39:24,865 [ERROR] LogOutputStream:75 - [STDERR_REDIRECT] 
2025-06-03 13:39:25,867 [ERROR] LogOutputStream:75 - [STDERR_REDIRECT] [Fatal Error] :1:1: Premature end of file.
2025-06-03 13:39:25,867 [ERROR] LogOutputStream:75 - [STDERR_REDIRECT] 
2025-06-03 13:39:26,873 [ERROR] LogOutputStream:75 - [STDERR_REDIRECT] [Fatal Error] :1:1: Premature end of file.
2025-06-03 13:39:26,873 [ERROR] LogOutputStream:75 - [STDERR_REDIRECT] 
2025-06-03 13:39:27,869 [ERROR] LogOutputStream:75 - [STDERR_REDIRECT] [Fatal Error] :1:1: Premature end of file.
2025-06-03 13:39:27,869 [ERROR] LogOutputStream:75 - [STDERR_REDIRECT] 
2025-06-03 13:39:29,191 [ERROR] LogOutputStream:75 - [STDERR_REDIRECT] [Fatal Error] :1:1: Premature end of file.
2025-06-03 13:39:29,191 [ERROR] LogOutputStream:75 - [STDERR_REDIRECT] 
2025-06-03 13:39:29,868 [ERROR] LogOutputStream:75 - [STDERR_REDIRECT] [Fatal Error] :1:1: Premature end of file.
2025-06-03 13:39:29,868 [ERROR] LogOutputStream:75 - [STDERR_REDIRECT] 
2025-06-03 13:39:30,870 [ERROR] LogOutputStream:75 - [STDERR_REDIRECT] [Fatal Error] :1:1: Premature end of file.
2025-06-03 13:39:30,870 [ERROR] LogOutputStream:75 - [STDERR_REDIRECT] 
2025-06-03 13:39:31,870 [ERROR] LogOutputStream:75 - [STDERR_REDIRECT] [Fatal Error] :1:1: Premature end of file.
2025-06-03 13:39:31,871 [ERROR] LogOutputStream:75 - [STDERR_REDIRECT] 
2025-06-03 13:39:32,869 [ERROR] LogOutputStream:75 - [STDERR_REDIRECT] [Fatal Error] :1:1: Premature end of file.
2025-06-03 13:39:32,869 [ERROR] LogOutputStream:75 - [STDERR_REDIRECT] 
2025-06-03 13:39:33,865 [ERROR] LogOutputStream:75 - [STDERR_REDIRECT] [Fatal Error] :1:1: Premature end of file.
2025-06-03 13:39:33,866 [ERROR] LogOutputStream:75 - [STDERR_REDIRECT] 
2025-06-03 13:39:34,870 [ERROR] LogOutputStream:75 - [STDERR_REDIRECT] [Fatal Error] :1:1: Premature end of file.
2025-06-03 13:39:34,870 [ERROR] LogOutputStream:75 - [STDERR_REDIRECT] 
2025-06-03 13:39:35,874 [ERROR] LogOutputStream:75 - [STDERR_REDIRECT] [Fatal Error] :1:1: Premature end of file.
2025-06-03 13:39:35,874 [ERROR] LogOutputStream:75 - [STDERR_REDIRECT] 
2025-06-03 13:39:36,872 [ERROR] LogOutputStream:75 - [STDERR_REDIRECT] [Fatal Error] :1:1: Premature end of file.
2025-06-03 13:39:36,872 [ERROR] LogOutputStream:75 - [STDERR_REDIRECT] 
2025-06-03 13:39:37,866 [ERROR] LogOutputStream:75 - [STDERR_REDIRECT] [Fatal Error] :1:1: Premature end of file.
2025-06-03 13:39:37,867 [ERROR] LogOutputStream:75 - [STDERR_REDIRECT] 
2025-06-03 13:39:38,866 [ERROR] LogOutputStream:75 - [STDERR_REDIRECT] [Fatal Error] :1:1: Premature end of file.
2025-06-03 13:39:38,866 [ERROR] LogOutputStream:75 - [STDERR_REDIRECT] 
2025-06-03 13:39:39,872 [ERROR] LogOutputStream:75 - [STDERR_REDIRECT] [Fatal Error] :1:1: Premature end of file.
2025-06-03 13:39:39,873 [ERROR] LogOutputStream:75 - [STDERR_REDIRECT] 
2025-06-03 13:39:40,873 [ERROR] LogOutputStream:75 - [STDERR_REDIRECT] [Fatal Error] :1:1: Premature end of file.
2025-06-03 13:39:40,873 [ERROR] LogOutputStream:75 - [STDERR_REDIRECT] 
2025-06-03 13:39:41,872 [ERROR] LogOutputStream:75 - [STDERR_REDIRECT] [Fatal Error] :1:1: Premature end of file.
2025-06-03 13:39:41,872 [ERROR] LogOutputStream:75 - [STDERR_REDIRECT] 
2025-06-03 13:39:42,868 [ERROR] LogOutputStream:75 - [STDERR_REDIRECT] [Fatal Error] :1:1: Premature end of file.
2025-06-03 13:39:42,870 [ERROR] LogOutputStream:75 - [STDERR_REDIRECT] 
2025-06-03 13:39:43,866 [ERROR] LogOutputStream:75 - [STDERR_REDIRECT] [Fatal Error] :1:1: Premature end of file.
2025-06-03 13:39:43,866 [ERROR] LogOutputStream:75 - [STDERR_REDIRECT] 
2025-06-03 13:39:44,870 [ERROR] LogOutputStream:75 - [STDERR_REDIRECT] [Fatal Error] :1:1: Premature end of file.
2025-06-03 13:39:44,870 [ERROR] LogOutputStream:75 - [STDERR_REDIRECT] 
2025-06-03 13:39:45,867 [ERROR] LogOutputStream:75 - [STDERR_REDIRECT] [Fatal Error] :1:1: Premature end of file.
2025-06-03 13:39:45,867 [ERROR] LogOutputStream:75 - [STDERR_REDIRECT] 
2025-06-03 13:39:46,867 [ERROR] LogOutputStream:75 - [STDERR_REDIRECT] [Fatal Error] :1:1: Premature end of file.
2025-06-03 13:39:46,867 [ERROR] LogOutputStream:75 - [STDERR_REDIRECT] 
2025-06-03 13:39:47,875 [ERROR] LogOutputStream:75 - [STDERR_REDIRECT] [Fatal Error] :1:1: Premature end of file.
2025-06-03 13:39:47,876 [ERROR] LogOutputStream:75 - [STDERR_REDIRECT] 
2025-06-03 13:39:48,871 [ERROR] LogOutputStream:75 - [STDERR_REDIRECT] [Fatal Error] :1:1: Premature end of file.
2025-06-03 13:39:48,872 [ERROR] LogOutputStream:75 - [STDERR_REDIRECT] 
2025-06-03 13:39:49,884 [ERROR] LogOutputStream:75 - [STDERR_REDIRECT] [Fatal Error] :1:1: Premature end of file.
2025-06-03 13:39:49,885 [ERROR] LogOutputStream:75 - [STDERR_REDIRECT] 
2025-06-03 13:39:50,871 [ERROR] LogOutputStream:75 - [STDERR_REDIRECT] [Fatal Error] :1:1: Premature end of file.
2025-06-03 13:39:50,871 [ERROR] LogOutputStream:75 - [STDERR_REDIRECT] 
2025-06-03 13:39:51,873 [ERROR] LogOutputStream:75 - [STDERR_REDIRECT] [Fatal Error] :1:1: Premature end of file.
2025-06-03 13:39:51,873 [ERROR] LogOutputStream:75 - [STDERR_REDIRECT] 
2025-06-03 13:39:52,871 [ERROR] LogOutputStream:75 - [STDERR_REDIRECT] [Fatal Error] :1:1: Premature end of file.
2025-06-03 13:39:52,871 [ERROR] LogOutputStream:75 - [STDERR_REDIRECT] 
2025-06-03 13:39:53,875 [ERROR] LogOutputStream:75 - [STDERR_REDIRECT] [Fatal Error] :1:1: Premature end of file.
2025-06-03 13:39:53,875 [ERROR] LogOutputStream:75 - [STDERR_REDIRECT] 
2025-06-03 13:39:54,867 [ERROR] LogOutputStream:75 - [STDERR_REDIRECT] [Fatal Error] :1:1: Premature end of file.
2025-06-03 13:39:54,868 [ERROR] LogOutputStream:75 - [STDERR_REDIRECT] 
2025-06-03 13:39:55,870 [ERROR] LogOutputStream:75 - [STDERR_REDIRECT] [Fatal Error] :1:1: Premature end of file.
2025-06-03 13:39:55,870 [ERROR] LogOutputStream:75 - [STDERR_REDIRECT] 
2025-06-03 13:39:56,872 [ERROR] LogOutputStream:75 - [STDERR_REDIRECT] [Fatal Error] :1:1: Premature end of file.
2025-06-03 13:39:56,872 [ERROR] LogOutputStream:75 - [STDERR_REDIRECT] 
2025-06-03 13:39:57,868 [ERROR] LogOutputStream:75 - [STDERR_REDIRECT] [Fatal Error] :1:1: Premature end of file.
2025-06-03 13:39:57,868 [ERROR] LogOutputStream:75 - [STDERR_REDIRECT] 
2025-06-03 13:39:58,866 [ERROR] LogOutputStream:75 - [STDERR_REDIRECT] [Fatal Error] :1:1: Premature end of file.
2025-06-03 13:39:58,866 [ERROR] LogOutputStream:75 - [STDERR_REDIRECT] 
2025-06-03 13:39:59,870 [ERROR] LogOutputStream:75 - [STDERR_REDIRECT] [Fatal Error] :1:1: Premature end of file.
2025-06-03 13:39:59,870 [ERROR] LogOutputStream:75 - [STDERR_REDIRECT] 
2025-06-03 13:40:00,871 [ERROR] LogOutputStream:75 - [STDERR_REDIRECT] [Fatal Error] :1:1: Premature end of file.
2025-06-03 13:40:00,871 [ERROR] LogOutputStream:75 - [STDERR_REDIRECT] 
2025-06-03 13:40:01,868 [ERROR] LogOutputStream:75 - [STDERR_REDIRECT] [Fatal Error] :1:1: Premature end of file.
2025-06-03 13:40:01,868 [ERROR] LogOutputStream:75 - [STDERR_REDIRECT] 
2025-06-03 13:40:02,873 [ERROR] LogOutputStream:75 - [STDERR_REDIRECT] [Fatal Error] :1:1: Premature end of file.
2025-06-03 13:40:02,873 [ERROR] LogOutputStream:75 - [STDERR_REDIRECT] 
2025-06-03 13:40:03,878 [ERROR] LogOutputStream:75 - [STDERR_REDIRECT] [Fatal Error] :1:1: Premature end of file.
2025-06-03 13:40:03,878 [ERROR] LogOutputStream:75 - [STDERR_REDIRECT] 
2025-06-03 13:40:04,874 [ERROR] LogOutputStream:75 - [STDERR_REDIRECT] [Fatal Error] :1:1: Premature end of file.
2025-06-03 13:40:04,874 [ERROR] LogOutputStream:75 - [STDERR_REDIRECT] 
2025-06-03 13:40:05,874 [ERROR] LogOutputStream:75 - [STDERR_REDIRECT] [Fatal Error] :1:1: Premature end of file.
2025-06-03 13:40:05,874 [ERROR] LogOutputStream:75 - [STDERR_REDIRECT] 
2025-06-03 13:40:06,868 [ERROR] LogOutputStream:75 - [STDERR_REDIRECT] [Fatal Error] :1:1: Premature end of file.
2025-06-03 13:40:06,868 [ERROR] LogOutputStream:75 - [STDERR_REDIRECT] 
2025-06-03 13:40:07,866 [ERROR] LogOutputStream:75 - [STDERR_REDIRECT] [Fatal Error] :1:1: Premature end of file.
2025-06-03 13:40:07,866 [ERROR] LogOutputStream:75 - [STDERR_REDIRECT] 
2025-06-03 13:40:08,866 [ERROR] LogOutputStream:75 - [STDERR_REDIRECT] [Fatal Error] :1:1: Premature end of file.
2025-06-03 13:40:08,866 [ERROR] LogOutputStream:75 - [STDERR_REDIRECT] 
2025-06-03 13:40:09,871 [ERROR] LogOutputStream:75 - [STDERR_REDIRECT] [Fatal Error] :1:1: Premature end of file.
2025-06-03 13:40:09,871 [ERROR] LogOutputStream:75 - [STDERR_REDIRECT] 
2025-06-03 13:40:10,876 [ERROR] LogOutputStream:75 - [STDERR_REDIRECT] [Fatal Error] :1:1: Premature end of file.
2025-06-03 13:40:10,876 [ERROR] LogOutputStream:75 - [STDERR_REDIRECT] 
2025-06-03 13:40:11,873 [ERROR] LogOutputStream:75 - [STDERR_REDIRECT] [Fatal Error] :1:1: Premature end of file.
2025-06-03 13:40:11,874 [ERROR] LogOutputStream:75 - [STDERR_REDIRECT] 
2025-06-03 13:40:12,874 [ERROR] LogOutputStream:75 - [STDERR_REDIRECT] [Fatal Error] :1:1: Premature end of file.
2025-06-03 13:40:12,874 [ERROR] LogOutputStream:75 - [STDERR_REDIRECT] 
2025-06-03 13:40:13,957 [ERROR] LogOutputStream:75 - [STDERR_REDIRECT] [Fatal Error] :1:1: Premature end of file.
2025-06-03 13:40:13,957 [ERROR] LogOutputStream:75 - [STDERR_REDIRECT] 
2025-06-03 13:40:14,873 [ERROR] LogOutputStream:75 - [STDERR_REDIRECT] [Fatal Error] :1:1: Premature end of file.
2025-06-03 13:40:14,873 [ERROR] LogOutputStream:75 - [STDERR_REDIRECT] 
2025-06-03 13:40:15,904 [ERROR] LogOutputStream:75 - [STDERR_REDIRECT] [Fatal Error] :1:1: Premature end of file.
2025-06-03 13:40:15,904 [ERROR] LogOutputStream:75 - [STDERR_REDIRECT] 
2025-06-03 13:40:16,924 [ERROR] LogOutputStream:75 - [STDERR_REDIRECT] [Fatal Error] :1:1: Premature end of file.
2025-06-03 13:40:16,924 [ERROR] LogOutputStream:75 - [STDERR_REDIRECT] 
2025-06-03 13:40:17,927 [ERROR] LogOutputStream:75 - [STDERR_REDIRECT] [Fatal Error] :1:1: Premature end of file.
2025-06-03 13:40:17,927 [ERROR] LogOutputStream:75 - [STDERR_REDIRECT] 
2025-06-03 13:40:18,872 [ERROR] LogOutputStream:75 - [STDERR_REDIRECT] [Fatal Error] :1:1: Premature end of file.
2025-06-03 13:40:18,873 [ERROR] LogOutputStream:75 - [STDERR_REDIRECT] 
2025-06-03 13:40:19,868 [ERROR] LogOutputStream:75 - [STDERR_REDIRECT] [Fatal Error] :1:1: Premature end of file.
2025-06-03 13:40:19,868 [ERROR] LogOutputStream:75 - [STDERR_REDIRECT] 
2025-06-03 13:40:20,864 [ERROR] LogOutputStream:75 - [STDERR_REDIRECT] [Fatal Error] :1:1: Premature end of file.
2025-06-03 13:40:20,864 [ERROR] LogOutputStream:75 - [STDERR_REDIRECT] 
2025-06-03 13:40:21,869 [ERROR] LogOutputStream:75 - [STDERR_REDIRECT] [Fatal Error] :1:1: Premature end of file.
2025-06-03 13:40:21,870 [ERROR] LogOutputStream:75 - [STDERR_REDIRECT] 
2025-06-03 13:40:22,866 [ERROR] LogOutputStream:75 - [STDERR_REDIRECT] [Fatal Error] :1:1: Premature end of file.
2025-06-03 13:40:22,866 [ERROR] LogOutputStream:75 - [STDERR_REDIRECT] 
2025-06-03 13:40:23,872 [ERROR] LogOutputStream:75 - [STDERR_REDIRECT] [Fatal Error] :1:1: Premature end of file.
2025-06-03 13:40:23,872 [ERROR] LogOutputStream:75 - [STDERR_REDIRECT] 
2025-06-03 13:40:24,872 [ERROR] LogOutputStream:75 - [STDERR_REDIRECT] [Fatal Error] :1:1: Premature end of file.
2025-06-03 13:40:24,872 [ERROR] LogOutputStream:75 - [STDERR_REDIRECT] 
2025-06-03 13:40:25,867 [ERROR] LogOutputStream:75 - [STDERR_REDIRECT] [Fatal Error] :1:1: Premature end of file.
2025-06-03 13:40:25,868 [ERROR] LogOutputStream:75 - [STDERR_REDIRECT] 
2025-06-03 13:40:26,866 [ERROR] LogOutputStream:75 - [STDERR_REDIRECT] [Fatal Error] :1:1: Premature end of file.
2025-06-03 13:40:26,866 [ERROR] LogOutputStream:75 - [STDERR_REDIRECT] 
2025-06-03 13:40:27,873 [ERROR] LogOutputStream:75 - [STDERR_REDIRECT] [Fatal Error] :1:1: Premature end of file.
2025-06-03 13:40:27,874 [ERROR] LogOutputStream:75 - [STDERR_REDIRECT] 
2025-06-03 13:40:28,871 [ERROR] LogOutputStream:75 - [STDERR_REDIRECT] [Fatal Error] :1:1: Premature end of file.
2025-06-03 13:40:28,871 [ERROR] LogOutputStream:75 - [STDERR_REDIRECT] 
2025-06-03 13:40:29,867 [ERROR] LogOutputStream:75 - [STDERR_REDIRECT] [Fatal Error] :1:1: Premature end of file.
2025-06-03 13:40:29,868 [ERROR] LogOutputStream:75 - [STDERR_REDIRECT] 
2025-06-03 13:40:30,868 [ERROR] LogOutputStream:75 - [STDERR_REDIRECT] [Fatal Error] :1:1: Premature end of file.
2025-06-03 13:40:30,868 [ERROR] LogOutputStream:75 - [STDERR_REDIRECT] 
2025-06-03 13:40:31,865 [ERROR] LogOutputStream:75 - [STDERR_REDIRECT] [Fatal Error] :1:1: Premature end of file.
2025-06-03 13:40:31,865 [ERROR] LogOutputStream:75 - [STDERR_REDIRECT] 
2025-06-03 13:40:32,869 [ERROR] LogOutputStream:75 - [STDERR_REDIRECT] [Fatal Error] :1:1: Premature end of file.
2025-06-03 13:40:32,869 [ERROR] LogOutputStream:75 - [STDERR_REDIRECT] 
2025-06-03 13:40:33,869 [ERROR] LogOutputStream:75 - [STDERR_REDIRECT] [Fatal Error] :1:1: Premature end of file.
2025-06-03 13:40:33,869 [ERROR] LogOutputStream:75 - [STDERR_REDIRECT] 
2025-06-03 13:40:34,873 [ERROR] LogOutputStream:75 - [STDERR_REDIRECT] [Fatal Error] :1:1: Premature end of file.
2025-06-03 13:40:34,873 [ERROR] LogOutputStream:75 - [STDERR_REDIRECT] 
2025-06-03 13:40:35,869 [ERROR] LogOutputStream:75 - [STDERR_REDIRECT] [Fatal Error] :1:1: Premature end of file.
2025-06-03 13:40:35,869 [ERROR] LogOutputStream:75 - [STDERR_REDIRECT] 
2025-06-03 13:40:36,870 [ERROR] LogOutputStream:75 - [STDERR_REDIRECT] [Fatal Error] :1:1: Premature end of file.
2025-06-03 13:40:36,870 [ERROR] LogOutputStream:75 - [STDERR_REDIRECT] 
2025-06-03 13:40:37,870 [ERROR] LogOutputStream:75 - [STDERR_REDIRECT] [Fatal Error] :1:1: Premature end of file.
2025-06-03 13:40:37,870 [ERROR] LogOutputStream:75 - [STDERR_REDIRECT] 
2025-06-03 13:40:38,870 [ERROR] LogOutputStream:75 - [STDERR_REDIRECT] [Fatal Error] :1:1: Premature end of file.
2025-06-03 13:40:38,870 [ERROR] LogOutputStream:75 - [STDERR_REDIRECT] 
2025-06-03 13:40:39,873 [ERROR] LogOutputStream:75 - [STDERR_REDIRECT] [Fatal Error] :1:1: Premature end of file.
2025-06-03 13:40:39,874 [ERROR] LogOutputStream:75 - [STDERR_REDIRECT] 
2025-06-03 13:40:40,870 [ERROR] LogOutputStream:75 - [STDERR_REDIRECT] [Fatal Error] :1:1: Premature end of file.
2025-06-03 13:40:40,870 [ERROR] LogOutputStream:75 - [STDERR_REDIRECT] 
2025-06-03 13:40:41,871 [ERROR] LogOutputStream:75 - [STDERR_REDIRECT] [Fatal Error] :1:1: Premature end of file.
2025-06-03 13:40:41,871 [ERROR] LogOutputStream:75 - [STDERR_REDIRECT] 
2025-06-03 13:40:42,866 [ERROR] LogOutputStream:75 - [STDERR_REDIRECT] [Fatal Error] :1:1: Premature end of file.
2025-06-03 13:40:42,866 [ERROR] LogOutputStream:75 - [STDERR_REDIRECT] 
2025-06-03 13:40:43,871 [ERROR] LogOutputStream:75 - [STDERR_REDIRECT] [Fatal Error] :1:1: Premature end of file.
2025-06-03 13:40:43,871 [ERROR] LogOutputStream:75 - [STDERR_REDIRECT] 
2025-06-03 13:40:44,873 [ERROR] LogOutputStream:75 - [STDERR_REDIRECT] [Fatal Error] :1:1: Premature end of file.
2025-06-03 13:40:44,874 [ERROR] LogOutputStream:75 - [STDERR_REDIRECT] 
2025-06-03 13:40:45,875 [ERROR] LogOutputStream:75 - [STDERR_REDIRECT] [Fatal Error] :1:1: Premature end of file.
2025-06-03 13:40:45,875 [ERROR] LogOutputStream:75 - [STDERR_REDIRECT] 
2025-06-03 13:40:46,875 [ERROR] LogOutputStream:75 - [STDERR_REDIRECT] [Fatal Error] :1:1: Premature end of file.
2025-06-03 13:40:46,875 [ERROR] LogOutputStream:75 - [STDERR_REDIRECT] 
2025-06-03 13:40:47,871 [ERROR] LogOutputStream:75 - [STDERR_REDIRECT] [Fatal Error] :1:1: Premature end of file.
2025-06-03 13:40:47,872 [ERROR] LogOutputStream:75 - [STDERR_REDIRECT] 
2025-06-03 13:40:48,875 [ERROR] LogOutputStream:75 - [STDERR_REDIRECT] [Fatal Error] :1:1: Premature end of file.
2025-06-03 13:40:48,876 [ERROR] LogOutputStream:75 - [STDERR_REDIRECT] 
2025-06-03 13:40:49,871 [ERROR] LogOutputStream:75 - [STDERR_REDIRECT] [Fatal Error] :1:1: Premature end of file.
2025-06-03 13:40:49,871 [ERROR] LogOutputStream:75 - [STDERR_REDIRECT] 
2025-06-03 13:40:50,870 [ERROR] LogOutputStream:75 - [STDERR_REDIRECT] [Fatal Error] :1:1: Premature end of file.
2025-06-03 13:40:50,870 [ERROR] LogOutputStream:75 - [STDERR_REDIRECT] 
2025-06-03 13:40:51,873 [ERROR] LogOutputStream:75 - [STDERR_REDIRECT] [Fatal Error] :1:1: Premature end of file.
2025-06-03 13:40:51,873 [ERROR] LogOutputStream:75 - [STDERR_REDIRECT] 
2025-06-03 13:40:52,874 [ERROR] LogOutputStream:75 - [STDERR_REDIRECT] [Fatal Error] :1:1: Premature end of file.
2025-06-03 13:40:52,874 [ERROR] LogOutputStream:75 - [STDERR_REDIRECT] 
2025-06-03 13:40:53,872 [ERROR] LogOutputStream:75 - [STDERR_REDIRECT] [Fatal Error] :1:1: Premature end of file.
2025-06-03 13:40:53,872 [ERROR] LogOutputStream:75 - [STDERR_REDIRECT] 
2025-06-03 13:40:54,872 [ERROR] LogOutputStream:75 - [STDERR_REDIRECT] [Fatal Error] :1:1: Premature end of file.
2025-06-03 13:40:54,872 [ERROR] LogOutputStream:75 - [STDERR_REDIRECT] 
2025-06-03 13:40:55,872 [ERROR] LogOutputStream:75 - [STDERR_REDIRECT] [Fatal Error] :1:1: Premature end of file.
2025-06-03 13:40:55,872 [ERROR] LogOutputStream:75 - [STDERR_REDIRECT] 
2025-06-03 13:40:56,873 [ERROR] LogOutputStream:75 - [STDERR_REDIRECT] [Fatal Error] :1:1: Premature end of file.
2025-06-03 13:40:56,873 [ERROR] LogOutputStream:75 - [STDERR_REDIRECT] 
2025-06-03 13:40:57,870 [ERROR] LogOutputStream:75 - [STDERR_REDIRECT] [Fatal Error] :1:1: Premature end of file.
2025-06-03 13:40:57,871 [ERROR] LogOutputStream:75 - [STDERR_REDIRECT] 
2025-06-03 13:40:58,881 [ERROR] LogOutputStream:75 - [STDERR_REDIRECT] [Fatal Error] :1:1: Premature end of file.
2025-06-03 13:40:58,881 [ERROR] LogOutputStream:75 - [STDERR_REDIRECT] 
2025-06-03 13:40:59,873 [ERROR] LogOutputStream:75 - [STDERR_REDIRECT] [Fatal Error] :1:1: Premature end of file.
2025-06-03 13:40:59,873 [ERROR] LogOutputStream:75 - [STDERR_REDIRECT] 
2025-06-03 13:41:00,872 [ERROR] LogOutputStream:75 - [STDERR_REDIRECT] [Fatal Error] :1:1: Premature end of file.
2025-06-03 13:41:00,872 [ERROR] LogOutputStream:75 - [STDERR_REDIRECT] 
2025-06-03 13:41:01,869 [ERROR] LogOutputStream:75 - [STDERR_REDIRECT] [Fatal Error] :1:1: Premature end of file.
2025-06-03 13:41:01,869 [ERROR] LogOutputStream:75 - [STDERR_REDIRECT] 
2025-06-03 13:41:02,871 [ERROR] LogOutputStream:75 - [STDERR_REDIRECT] [Fatal Error] :1:1: Premature end of file.
2025-06-03 13:41:02,871 [ERROR] LogOutputStream:75 - [STDERR_REDIRECT] 
2025-06-03 13:41:03,872 [ERROR] LogOutputStream:75 - [STDERR_REDIRECT] [Fatal Error] :1:1: Premature end of file.
2025-06-03 13:41:03,872 [ERROR] LogOutputStream:75 - [STDERR_REDIRECT] 
2025-06-03 13:41:04,872 [ERROR] LogOutputStream:75 - [STDERR_REDIRECT] [Fatal Error] :1:1: Premature end of file.
2025-06-03 13:41:04,872 [ERROR] LogOutputStream:75 - [STDERR_REDIRECT] 
2025-06-03 13:41:05,873 [ERROR] LogOutputStream:75 - [STDERR_REDIRECT] [Fatal Error] :1:1: Premature end of file.
2025-06-03 13:41:05,873 [ERROR] LogOutputStream:75 - [STDERR_REDIRECT] 
2025-06-03 13:41:06,871 [ERROR] LogOutputStream:75 - [STDERR_REDIRECT] [Fatal Error] :1:1: Premature end of file.
2025-06-03 13:41:06,871 [ERROR] LogOutputStream:75 - [STDERR_REDIRECT] 
2025-06-03 13:41:07,872 [ERROR] LogOutputStream:75 - [STDERR_REDIRECT] [Fatal Error] :1:1: Premature end of file.
2025-06-03 13:41:07,872 [ERROR] LogOutputStream:75 - [STDERR_REDIRECT] 
2025-06-03 13:41:08,873 [ERROR] LogOutputStream:75 - [STDERR_REDIRECT] [Fatal Error] :1:1: Premature end of file.
2025-06-03 13:41:08,873 [ERROR] LogOutputStream:75 - [STDERR_REDIRECT] 
2025-06-03 13:41:09,871 [ERROR] LogOutputStream:75 - [STDERR_REDIRECT] [Fatal Error] :1:1: Premature end of file.
2025-06-03 13:41:09,871 [ERROR] LogOutputStream:75 - [STDERR_REDIRECT] 
2025-06-03 13:41:10,872 [ERROR] LogOutputStream:75 - [STDERR_REDIRECT] [Fatal Error] :1:1: Premature end of file.
2025-06-03 13:41:10,872 [ERROR] LogOutputStream:75 - [STDERR_REDIRECT] 
2025-06-03 13:41:11,872 [ERROR] LogOutputStream:75 - [STDERR_REDIRECT] [Fatal Error] :1:1: Premature end of file.
2025-06-03 13:41:11,873 [ERROR] LogOutputStream:75 - [STDERR_REDIRECT] 
2025-06-03 13:41:12,872 [ERROR] LogOutputStream:75 - [STDERR_REDIRECT] [Fatal Error] :1:1: Premature end of file.
2025-06-03 13:41:12,872 [ERROR] LogOutputStream:75 - [STDERR_REDIRECT] 
2025-06-03 13:41:13,873 [ERROR] LogOutputStream:75 - [STDERR_REDIRECT] [Fatal Error] :1:1: Premature end of file.
2025-06-03 13:41:13,873 [ERROR] LogOutputStream:75 - [STDERR_REDIRECT] 
2025-06-03 13:41:14,872 [ERROR] LogOutputStream:75 - [STDERR_REDIRECT] [Fatal Error] :1:1: Premature end of file.
2025-06-03 13:41:14,872 [ERROR] LogOutputStream:75 - [STDERR_REDIRECT] 
2025-06-03 13:41:15,872 [ERROR] LogOutputStream:75 - [STDERR_REDIRECT] [Fatal Error] :1:1: Premature end of file.
2025-06-03 13:41:15,872 [ERROR] LogOutputStream:75 - [STDERR_REDIRECT] 
2025-06-03 13:41:16,870 [ERROR] LogOutputStream:75 - [STDERR_REDIRECT] [Fatal Error] :1:1: Premature end of file.
2025-06-03 13:41:16,870 [ERROR] LogOutputStream:75 - [STDERR_REDIRECT] 
2025-06-03 13:41:17,870 [ERROR] LogOutputStream:75 - [STDERR_REDIRECT] [Fatal Error] :1:1: Premature end of file.
2025-06-03 13:41:17,871 [ERROR] LogOutputStream:75 - [STDERR_REDIRECT] 
2025-06-03 13:41:18,869 [ERROR] LogOutputStream:75 - [STDERR_REDIRECT] [Fatal Error] :1:1: Premature end of file.
2025-06-03 13:41:18,869 [ERROR] LogOutputStream:75 - [STDERR_REDIRECT] 
2025-06-03 13:41:19,873 [ERROR] LogOutputStream:75 - [STDERR_REDIRECT] [Fatal Error] :1:1: Premature end of file.
2025-06-03 13:41:19,873 [ERROR] LogOutputStream:75 - [STDERR_REDIRECT] 
2025-06-03 13:41:20,870 [ERROR] LogOutputStream:75 - [STDERR_REDIRECT] [Fatal Error] :1:1: Premature end of file.
2025-06-03 13:41:20,870 [ERROR] LogOutputStream:75 - [STDERR_REDIRECT] 
2025-06-03 13:41:21,871 [ERROR] LogOutputStream:75 - [STDERR_REDIRECT] [Fatal Error] :1:1: Premature end of file.
2025-06-03 13:41:21,871 [ERROR] LogOutputStream:75 - [STDERR_REDIRECT] 
2025-06-03 13:41:22,872 [ERROR] LogOutputStream:75 - [STDERR_REDIRECT] [Fatal Error] :1:1: Premature end of file.
2025-06-03 13:41:22,872 [ERROR] LogOutputStream:75 - [STDERR_REDIRECT] 
2025-06-03 13:41:23,871 [ERROR] LogOutputStream:75 - [STDERR_REDIRECT] [Fatal Error] :1:1: Premature end of file.
2025-06-03 13:41:23,871 [ERROR] LogOutputStream:75 - [STDERR_REDIRECT] 
2025-06-03 13:41:24,872 [ERROR] LogOutputStream:75 - [STDERR_REDIRECT] [Fatal Error] :1:1: Premature end of file.
2025-06-03 13:41:24,872 [ERROR] LogOutputStream:75 - [STDERR_REDIRECT] 
2025-06-03 13:41:25,872 [ERROR] LogOutputStream:75 - [STDERR_REDIRECT] [Fatal Error] :1:1: Premature end of file.
2025-06-03 13:41:25,872 [ERROR] LogOutputStream:75 - [STDERR_REDIRECT] 
2025-06-03 13:41:26,870 [ERROR] LogOutputStream:75 - [STDERR_REDIRECT] [Fatal Error] :1:1: Premature end of file.
2025-06-03 13:41:26,870 [ERROR] LogOutputStream:75 - [STDERR_REDIRECT] 
2025-06-03 13:41:27,873 [ERROR] LogOutputStream:75 - [STDERR_REDIRECT] [Fatal Error] :1:1: Premature end of file.
2025-06-03 13:41:27,873 [ERROR] LogOutputStream:75 - [STDERR_REDIRECT] 
2025-06-03 13:41:28,875 [ERROR] LogOutputStream:75 - [STDERR_REDIRECT] [Fatal Error] :1:1: Premature end of file.
2025-06-03 13:41:28,875 [ERROR] LogOutputStream:75 - [STDERR_REDIRECT] 
2025-06-03 13:41:29,879 [ERROR] LogOutputStream:75 - [STDERR_REDIRECT] [Fatal Error] :1:1: Premature end of file.
2025-06-03 13:41:29,879 [ERROR] LogOutputStream:75 - [STDERR_REDIRECT] 
2025-06-03 13:41:30,687 [ERROR] LogOutputStream:75 - [STDERR_REDIRECT] 
2025-06-03 13:41:30,688 [ERROR] LogOutputStream:75 - [STDERR_REDIRECT] 
