../Core/Src/main.c:101:5:main	1
../Core/Src/main.c:185:6:SystemClock_Config	3
../Core/Src/main.c:231:13:MX_ADC1_Init	5
../Core/Src/main.c:310:13:MX_ADC2_Init	4
../Core/Src/main.c:375:13:MX_ADC3_Init	5
../Core/Src/main.c:445:13:MX_SPI3_Init	2
../Core/Src/main.c:483:13:MX_TIM1_Init	11
../Core/Src/main.c:575:13:MX_TIM2_Init	4
../Core/Src/main.c:620:13:MX_TIM3_Init	3
../Core/Src/main.c:667:13:MX_DMA_Init	1
../Core/Src/main.c:685:13:MX_GPIO_Init	1
../Core/Src/main.c:740:6:DisableSPI3_EnableGPIO	1
../Core/Src/main.c:760:6:Error_Handler	1
