../Core/Src/main.c:90:5:main	8	static
../Core/Src/main.c:159:6:SystemClock_Config	88	static
../Core/Src/main.c:205:13:MX_ADC1_Init	24	static
../Core/Src/main.c:257:13:MX_ADC2_Init	24	static
../Core/Src/main.c:309:13:MX_ADC3_Init	24	static
../Core/Src/main.c:379:13:MX_TIM1_Init	96	static
../Core/Src/main.c:471:13:MX_TIM2_Init	32	static
../Core/Src/main.c:516:13:MX_TIM3_Init	56	static
../Core/Src/main.c:565:13:MX_GPIO_Init	48	static
../Core/Src/main.c:627:6:Error_Handler	4	static,ignoring_inline_asm
