../Core/Src/main.c:97:5:main	1
../Core/Src/main.c:181:6:SystemClock_Config	3
../Core/Src/main.c:227:13:MX_ADC1_Init	5
../Core/Src/main.c:306:13:MX_ADC2_Init	4
../Core/Src/main.c:371:13:MX_ADC3_Init	5
../Core/Src/main.c:441:13:MX_SPI3_Init	2
../Core/Src/main.c:479:13:MX_TIM1_Init	11
../Core/Src/main.c:572:13:MX_TIM2_Init	4
../Core/Src/main.c:617:13:MX_TIM3_Init	3
../Core/Src/main.c:664:13:MX_DMA_Init	1
../Core/Src/main.c:682:13:MX_GPIO_Init	1
../Core/Src/main.c:737:6:DisableSPI3_EnableGPIO	1
../Core/Src/main.c:757:6:Error_Handler	1
