../Core/Src/main.c:96:5:main	8	static
../Core/Src/main.c:177:6:SystemClock_Config	88	static
../Core/Src/main.c:223:13:MX_ADC1_Init	72	static
../Core/Src/main.c:302:13:MX_ADC2_Init	56	static
../Core/Src/main.c:367:13:MX_ADC3_Init	40	static
../Core/Src/main.c:443:13:MX_SPI3_Init	8	static
../Core/Src/main.c:481:13:MX_TIM1_Init	96	static
../Core/Src/main.c:574:13:MX_TIM2_Init	64	static
../Core/Src/main.c:639:13:MX_TIM3_Init	56	static
../Core/Src/main.c:688:13:MX_GPIO_Init	48	static
../Core/Src/main.c:743:6:DisableSPI3_EnableGPIO	32	static
../Core/Src/main.c:763:6:Error_Handler	4	static,ignoring_inline_asm
