03:08:32 **** Incremental Build of configuration Debug for project SimulareVolan ****
make -j16 all 
arm-none-eabi-gcc "../UserExtensions/Src/ForceFeedback.c" -mcpu=cortex-m4 -std=gnu11 -g3 -DDEBUG -DUSBD_CUSTOMHID_CTRL_REQ_GET_REPORT_ENABLED -DUSE_HAL_DRIVER -DSTM32F405xx -UUSBD_CUSTOMHID_CTRL_REQ_COMPLETE_CALLBACK_ENABLED -c -I../Core/Inc -I../Drivers/STM32F4xx_HAL_Driver/Inc -I../Drivers/STM32F4xx_HAL_Driver/Inc/Legacy -I../Drivers/CMSIS/Device/ST/STM32F4xx/Include -I../Drivers/CMSIS/Include -I../USB_DEVICE/App -I../USB_DEVICE/Target -I../Middlewares/ST/STM32_USB_Device_Library/Core/Inc -I../Middlewares/ST/STM32_USB_Device_Library/Class/CustomHID/Inc -I"C:/Users/Marco/Documents/GitHub/Licenta/Proiect/SimulareVolan/UserExtensions/Inc" -O0 -ffunction-sections -fdata-sections -Wall -fstack-usage -fcyclomatic-complexity -MMD -MP -MF"UserExtensions/Src/ForceFeedback.d" -MT"UserExtensions/Src/ForceFeedback.o" --specs=nano.specs -mfpu=fpv4-sp-d16 -mfloat-abi=hard -mthumb -o "UserExtensions/Src/ForceFeedback.o"
arm-none-eabi-gcc "../UserExtensions/Src/MotorControl.c" -mcpu=cortex-m4 -std=gnu11 -g3 -DDEBUG -DUSBD_CUSTOMHID_CTRL_REQ_GET_REPORT_ENABLED -DUSE_HAL_DRIVER -DSTM32F405xx -UUSBD_CUSTOMHID_CTRL_REQ_COMPLETE_CALLBACK_ENABLED -c -I../Core/Inc -I../Drivers/STM32F4xx_HAL_Driver/Inc -I../Drivers/STM32F4xx_HAL_Driver/Inc/Legacy -I../Drivers/CMSIS/Device/ST/STM32F4xx/Include -I../Drivers/CMSIS/Include -I../USB_DEVICE/App -I../USB_DEVICE/Target -I../Middlewares/ST/STM32_USB_Device_Library/Core/Inc -I../Middlewares/ST/STM32_USB_Device_Library/Class/CustomHID/Inc -I"C:/Users/Marco/Documents/GitHub/Licenta/Proiect/SimulareVolan/UserExtensions/Inc" -O0 -ffunction-sections -fdata-sections -Wall -fstack-usage -fcyclomatic-complexity -MMD -MP -MF"UserExtensions/Src/MotorControl.d" -MT"UserExtensions/Src/MotorControl.o" --specs=nano.specs -mfpu=fpv4-sp-d16 -mfloat-abi=hard -mthumb -o "UserExtensions/Src/MotorControl.o"
arm-none-eabi-gcc "../USB_DEVICE/App/usbd_custom_hid_if.c" -mcpu=cortex-m4 -std=gnu11 -g3 -DDEBUG -DUSBD_CUSTOMHID_CTRL_REQ_GET_REPORT_ENABLED -DUSE_HAL_DRIVER -DSTM32F405xx -UUSBD_CUSTOMHID_CTRL_REQ_COMPLETE_CALLBACK_ENABLED -c -I../Core/Inc -I../Drivers/STM32F4xx_HAL_Driver/Inc -I../Drivers/STM32F4xx_HAL_Driver/Inc/Legacy -I../Drivers/CMSIS/Device/ST/STM32F4xx/Include -I../Drivers/CMSIS/Include -I../USB_DEVICE/App -I../USB_DEVICE/Target -I../Middlewares/ST/STM32_USB_Device_Library/Core/Inc -I../Middlewares/ST/STM32_USB_Device_Library/Class/CustomHID/Inc -I"C:/Users/Marco/Documents/GitHub/Licenta/Proiect/SimulareVolan/UserExtensions/Inc" -O0 -ffunction-sections -fdata-sections -Wall -fstack-usage -fcyclomatic-complexity -MMD -MP -MF"USB_DEVICE/App/usbd_custom_hid_if.d" -MT"USB_DEVICE/App/usbd_custom_hid_if.o" --specs=nano.specs -mfpu=fpv4-sp-d16 -mfloat-abi=hard -mthumb -o "USB_DEVICE/App/usbd_custom_hid_if.o"
arm-none-eabi-gcc "../Core/Src/main.c" -mcpu=cortex-m4 -std=gnu11 -g3 -DDEBUG -DUSBD_CUSTOMHID_CTRL_REQ_GET_REPORT_ENABLED -DUSE_HAL_DRIVER -DSTM32F405xx -UUSBD_CUSTOMHID_CTRL_REQ_COMPLETE_CALLBACK_ENABLED -c -I../Core/Inc -I../Drivers/STM32F4xx_HAL_Driver/Inc -I../Drivers/STM32F4xx_HAL_Driver/Inc/Legacy -I../Drivers/CMSIS/Device/ST/STM32F4xx/Include -I../Drivers/CMSIS/Include -I../USB_DEVICE/App -I../USB_DEVICE/Target -I../Middlewares/ST/STM32_USB_Device_Library/Core/Inc -I../Middlewares/ST/STM32_USB_Device_Library/Class/CustomHID/Inc -I"C:/Users/Marco/Documents/GitHub/Licenta/Proiect/SimulareVolan/UserExtensions/Inc" -O0 -ffunction-sections -fdata-sections -Wall -fstack-usage -fcyclomatic-complexity -MMD -MP -MF"Core/Src/main.d" -MT"Core/Src/main.o" --specs=nano.specs -mfpu=fpv4-sp-d16 -mfloat-abi=hard -mthumb -o "Core/Src/main.o"
arm-none-eabi-gcc "../Core/Src/stm32f4xx_it.c" -mcpu=cortex-m4 -std=gnu11 -g3 -DDEBUG -DUSBD_CUSTOMHID_CTRL_REQ_GET_REPORT_ENABLED -DUSE_HAL_DRIVER -DSTM32F405xx -UUSBD_CUSTOMHID_CTRL_REQ_COMPLETE_CALLBACK_ENABLED -c -I../Core/Inc -I../Drivers/STM32F4xx_HAL_Driver/Inc -I../Drivers/STM32F4xx_HAL_Driver/Inc/Legacy -I../Drivers/CMSIS/Device/ST/STM32F4xx/Include -I../Drivers/CMSIS/Include -I../USB_DEVICE/App -I../USB_DEVICE/Target -I../Middlewares/ST/STM32_USB_Device_Library/Core/Inc -I../Middlewares/ST/STM32_USB_Device_Library/Class/CustomHID/Inc -I"C:/Users/Marco/Documents/GitHub/Licenta/Proiect/SimulareVolan/UserExtensions/Inc" -O0 -ffunction-sections -fdata-sections -Wall -fstack-usage -fcyclomatic-complexity -MMD -MP -MF"Core/Src/stm32f4xx_it.d" -MT"Core/Src/stm32f4xx_it.o" --specs=nano.specs -mfpu=fpv4-sp-d16 -mfloat-abi=hard -mthumb -o "Core/Src/stm32f4xx_it.o"
arm-none-eabi-g++ -o "SimulareVolan.elf" @"objects.list"   -mcpu=cortex-m4 -T"C:\Users\Marco\Documents\GitHub\Licenta\Proiect\SimulareVolan\STM32F405RGTX_FLASH.ld" --specs=nosys.specs -Wl,-Map="SimulareVolan.map" -Wl,--gc-sections -static --specs=nano.specs -mfpu=fpv4-sp-d16 -mfloat-abi=hard -mthumb -Wl,--start-group -lc -lm -lstdc++ -lsupc++ -Wl,--end-group
Finished building target: SimulareVolan.elf
 
arm-none-eabi-size  SimulareVolan.elf 
arm-none-eabi-objdump -h -S SimulareVolan.elf  > "SimulareVolan.list"
   text	   data	    bss	    dec	    hex	filename
  55452	   1412	   7660	  64524	   fc0c	SimulareVolan.elf
Finished building: default.size.stdout
 
Finished building: SimulareVolan.list
 
03:08:36 **** Incremental Build of configuration Debug for project SimulareVolan ****
make -j16 all 
arm-none-eabi-size  SimulareVolan.elf 
   text	   data	    bss	    dec	    hex	filename
  55452	   1412	   7660	  64524	   fc0c	SimulareVolan.elf
Finished building: default.size.stdout
 
03:09:20 **** Incremental Build of configuration Debug for project SimulareVolan ****
make -j16 all 
arm-none-eabi-size  SimulareVolan.elf 
   text	   data	    bss	    dec	    hex	filename
  55452	   1412	   7660	  64524	   fc0c	SimulareVolan.elf
Finished building: default.size.stdout
 
03:11:28 **** Incremental Build of configuration Debug for project SimulareVolan ****
make -j16 all 
arm-none-eabi-gcc "../UserExtensions/Src/ForceFeedback.c" -mcpu=cortex-m4 -std=gnu11 -g3 -DDEBUG -DUSBD_CUSTOMHID_CTRL_REQ_GET_REPORT_ENABLED -DUSE_HAL_DRIVER -DSTM32F405xx -UUSBD_CUSTOMHID_CTRL_REQ_COMPLETE_CALLBACK_ENABLED -c -I../Core/Inc -I../Drivers/STM32F4xx_HAL_Driver/Inc -I../Drivers/STM32F4xx_HAL_Driver/Inc/Legacy -I../Drivers/CMSIS/Device/ST/STM32F4xx/Include -I../Drivers/CMSIS/Include -I../USB_DEVICE/App -I../USB_DEVICE/Target -I../Middlewares/ST/STM32_USB_Device_Library/Core/Inc -I../Middlewares/ST/STM32_USB_Device_Library/Class/CustomHID/Inc -I"C:/Users/Marco/Documents/GitHub/Licenta/Proiect/SimulareVolan/UserExtensions/Inc" -O0 -ffunction-sections -fdata-sections -Wall -fstack-usage -fcyclomatic-complexity -MMD -MP -MF"UserExtensions/Src/ForceFeedback.d" -MT"UserExtensions/Src/ForceFeedback.o" --specs=nano.specs -mfpu=fpv4-sp-d16 -mfloat-abi=hard -mthumb -o "UserExtensions/Src/ForceFeedback.o"
arm-none-eabi-gcc "../UserExtensions/Src/MotorControl.c" -mcpu=cortex-m4 -std=gnu11 -g3 -DDEBUG -DUSBD_CUSTOMHID_CTRL_REQ_GET_REPORT_ENABLED -DUSE_HAL_DRIVER -DSTM32F405xx -UUSBD_CUSTOMHID_CTRL_REQ_COMPLETE_CALLBACK_ENABLED -c -I../Core/Inc -I../Drivers/STM32F4xx_HAL_Driver/Inc -I../Drivers/STM32F4xx_HAL_Driver/Inc/Legacy -I../Drivers/CMSIS/Device/ST/STM32F4xx/Include -I../Drivers/CMSIS/Include -I../USB_DEVICE/App -I../USB_DEVICE/Target -I../Middlewares/ST/STM32_USB_Device_Library/Core/Inc -I../Middlewares/ST/STM32_USB_Device_Library/Class/CustomHID/Inc -I"C:/Users/Marco/Documents/GitHub/Licenta/Proiect/SimulareVolan/UserExtensions/Inc" -O0 -ffunction-sections -fdata-sections -Wall -fstack-usage -fcyclomatic-complexity -MMD -MP -MF"UserExtensions/Src/MotorControl.d" -MT"UserExtensions/Src/MotorControl.o" --specs=nano.specs -mfpu=fpv4-sp-d16 -mfloat-abi=hard -mthumb -o "UserExtensions/Src/MotorControl.o"
arm-none-eabi-gcc "../USB_DEVICE/App/usbd_custom_hid_if.c" -mcpu=cortex-m4 -std=gnu11 -g3 -DDEBUG -DUSBD_CUSTOMHID_CTRL_REQ_GET_REPORT_ENABLED -DUSE_HAL_DRIVER -DSTM32F405xx -UUSBD_CUSTOMHID_CTRL_REQ_COMPLETE_CALLBACK_ENABLED -c -I../Core/Inc -I../Drivers/STM32F4xx_HAL_Driver/Inc -I../Drivers/STM32F4xx_HAL_Driver/Inc/Legacy -I../Drivers/CMSIS/Device/ST/STM32F4xx/Include -I../Drivers/CMSIS/Include -I../USB_DEVICE/App -I../USB_DEVICE/Target -I../Middlewares/ST/STM32_USB_Device_Library/Core/Inc -I../Middlewares/ST/STM32_USB_Device_Library/Class/CustomHID/Inc -I"C:/Users/Marco/Documents/GitHub/Licenta/Proiect/SimulareVolan/UserExtensions/Inc" -O0 -ffunction-sections -fdata-sections -Wall -fstack-usage -fcyclomatic-complexity -MMD -MP -MF"USB_DEVICE/App/usbd_custom_hid_if.d" -MT"USB_DEVICE/App/usbd_custom_hid_if.o" --specs=nano.specs -mfpu=fpv4-sp-d16 -mfloat-abi=hard -mthumb -o "USB_DEVICE/App/usbd_custom_hid_if.o"
arm-none-eabi-gcc "../Core/Src/main.c" -mcpu=cortex-m4 -std=gnu11 -g3 -DDEBUG -DUSBD_CUSTOMHID_CTRL_REQ_GET_REPORT_ENABLED -DUSE_HAL_DRIVER -DSTM32F405xx -UUSBD_CUSTOMHID_CTRL_REQ_COMPLETE_CALLBACK_ENABLED -c -I../Core/Inc -I../Drivers/STM32F4xx_HAL_Driver/Inc -I../Drivers/STM32F4xx_HAL_Driver/Inc/Legacy -I../Drivers/CMSIS/Device/ST/STM32F4xx/Include -I../Drivers/CMSIS/Include -I../USB_DEVICE/App -I../USB_DEVICE/Target -I../Middlewares/ST/STM32_USB_Device_Library/Core/Inc -I../Middlewares/ST/STM32_USB_Device_Library/Class/CustomHID/Inc -I"C:/Users/Marco/Documents/GitHub/Licenta/Proiect/SimulareVolan/UserExtensions/Inc" -O0 -ffunction-sections -fdata-sections -Wall -fstack-usage -fcyclomatic-complexity -MMD -MP -MF"Core/Src/main.d" -MT"Core/Src/main.o" --specs=nano.specs -mfpu=fpv4-sp-d16 -mfloat-abi=hard -mthumb -o "Core/Src/main.o"
arm-none-eabi-gcc "../Core/Src/stm32f4xx_it.c" -mcpu=cortex-m4 -std=gnu11 -g3 -DDEBUG -DUSBD_CUSTOMHID_CTRL_REQ_GET_REPORT_ENABLED -DUSE_HAL_DRIVER -DSTM32F405xx -UUSBD_CUSTOMHID_CTRL_REQ_COMPLETE_CALLBACK_ENABLED -c -I../Core/Inc -I../Drivers/STM32F4xx_HAL_Driver/Inc -I../Drivers/STM32F4xx_HAL_Driver/Inc/Legacy -I../Drivers/CMSIS/Device/ST/STM32F4xx/Include -I../Drivers/CMSIS/Include -I../USB_DEVICE/App -I../USB_DEVICE/Target -I../Middlewares/ST/STM32_USB_Device_Library/Core/Inc -I../Middlewares/ST/STM32_USB_Device_Library/Class/CustomHID/Inc -I"C:/Users/Marco/Documents/GitHub/Licenta/Proiect/SimulareVolan/UserExtensions/Inc" -O0 -ffunction-sections -fdata-sections -Wall -fstack-usage -fcyclomatic-complexity -MMD -MP -MF"Core/Src/stm32f4xx_it.d" -MT"Core/Src/stm32f4xx_it.o" --specs=nano.specs -mfpu=fpv4-sp-d16 -mfloat-abi=hard -mthumb -o "Core/Src/stm32f4xx_it.o"
../USB_DEVICE/App/usbd_custom_hid_if.c:706:46: warning: excess elements in array initializer
  706 |                                         0x95,0x01,                   //    Report Count 1
      |                                              ^~~~
../USB_DEVICE/App/usbd_custom_hid_if.c:706:46: note: (near initialization for 'CUSTOM_HID_ReportDesc_FS')
../USB_DEVICE/App/usbd_custom_hid_if.c:707:41: warning: excess elements in array initializer
  707 |                                         0xB1,0x03,                   //    Feature (Constant, Variable)
      |                                         ^~~~
../USB_DEVICE/App/usbd_custom_hid_if.c:707:41: note: (near initialization for 'CUSTOM_HID_ReportDesc_FS')
../USB_DEVICE/App/usbd_custom_hid_if.c:707:46: warning: excess elements in array initializer
  707 |                                         0xB1,0x03,                   //    Feature (Constant, Variable)
      |                                              ^~~~
../USB_DEVICE/App/usbd_custom_hid_if.c:707:46: note: (near initialization for 'CUSTOM_HID_ReportDesc_FS')
../USB_DEVICE/App/usbd_custom_hid_if.c:708:33: warning: excess elements in array initializer
  708 |                                 0xC0, //    End Collection
      |                                 ^~~~
../USB_DEVICE/App/usbd_custom_hid_if.c:708:33: note: (near initialization for 'CUSTOM_HID_ReportDesc_FS')
../USB_DEVICE/App/usbd_custom_hid_if.c:711:3: warning: excess elements in array initializer
  711 |   0xC0    /*     END_COLLECTION              */
      |   ^~~~
../USB_DEVICE/App/usbd_custom_hid_if.c:711:3: note: (near initialization for 'CUSTOM_HID_ReportDesc_FS')
arm-none-eabi-g++ -o "SimulareVolan.elf" @"objects.list"   -mcpu=cortex-m4 -T"C:\Users\Marco\Documents\GitHub\Licenta\Proiect\SimulareVolan\STM32F405RGTX_FLASH.ld" --specs=nosys.specs -Wl,-Map="SimulareVolan.map" -Wl,--gc-sections -static --specs=nano.specs -mfpu=fpv4-sp-d16 -mfloat-abi=hard -mthumb -Wl,--start-group -lc -lm -lstdc++ -lsupc++ -Wl,--end-group
Finished building target: SimulareVolan.elf
 
arm-none-eabi-size  SimulareVolan.elf 
arm-none-eabi-objdump -h -S SimulareVolan.elf  > "SimulareVolan.list"
   text	   data	    bss	    dec	    hex	filename
  55456	   1412	   8300	  65168	   fe90	SimulareVolan.elf
Finished building: default.size.stdout
 
Finished building: SimulareVolan.list
 
03:11:48 **** Incremental Build of configuration Debug for project SimulareVolan ****
make -j16 all 
arm-none-eabi-gcc "../UserExtensions/Src/ForceFeedback.c" -mcpu=cortex-m4 -std=gnu11 -g3 -DDEBUG -DUSBD_CUSTOMHID_CTRL_REQ_GET_REPORT_ENABLED -DUSE_HAL_DRIVER -DSTM32F405xx -UUSBD_CUSTOMHID_CTRL_REQ_COMPLETE_CALLBACK_ENABLED -c -I../Core/Inc -I../Drivers/STM32F4xx_HAL_Driver/Inc -I../Drivers/STM32F4xx_HAL_Driver/Inc/Legacy -I../Drivers/CMSIS/Device/ST/STM32F4xx/Include -I../Drivers/CMSIS/Include -I../USB_DEVICE/App -I../USB_DEVICE/Target -I../Middlewares/ST/STM32_USB_Device_Library/Core/Inc -I../Middlewares/ST/STM32_USB_Device_Library/Class/CustomHID/Inc -I"C:/Users/Marco/Documents/GitHub/Licenta/Proiect/SimulareVolan/UserExtensions/Inc" -O0 -ffunction-sections -fdata-sections -Wall -fstack-usage -fcyclomatic-complexity -MMD -MP -MF"UserExtensions/Src/ForceFeedback.d" -MT"UserExtensions/Src/ForceFeedback.o" --specs=nano.specs -mfpu=fpv4-sp-d16 -mfloat-abi=hard -mthumb -o "UserExtensions/Src/ForceFeedback.o"
arm-none-eabi-gcc "../UserExtensions/Src/MotorControl.c" -mcpu=cortex-m4 -std=gnu11 -g3 -DDEBUG -DUSBD_CUSTOMHID_CTRL_REQ_GET_REPORT_ENABLED -DUSE_HAL_DRIVER -DSTM32F405xx -UUSBD_CUSTOMHID_CTRL_REQ_COMPLETE_CALLBACK_ENABLED -c -I../Core/Inc -I../Drivers/STM32F4xx_HAL_Driver/Inc -I../Drivers/STM32F4xx_HAL_Driver/Inc/Legacy -I../Drivers/CMSIS/Device/ST/STM32F4xx/Include -I../Drivers/CMSIS/Include -I../USB_DEVICE/App -I../USB_DEVICE/Target -I../Middlewares/ST/STM32_USB_Device_Library/Core/Inc -I../Middlewares/ST/STM32_USB_Device_Library/Class/CustomHID/Inc -I"C:/Users/Marco/Documents/GitHub/Licenta/Proiect/SimulareVolan/UserExtensions/Inc" -O0 -ffunction-sections -fdata-sections -Wall -fstack-usage -fcyclomatic-complexity -MMD -MP -MF"UserExtensions/Src/MotorControl.d" -MT"UserExtensions/Src/MotorControl.o" --specs=nano.specs -mfpu=fpv4-sp-d16 -mfloat-abi=hard -mthumb -o "UserExtensions/Src/MotorControl.o"
arm-none-eabi-gcc "../USB_DEVICE/Target/usbd_conf.c" -mcpu=cortex-m4 -std=gnu11 -g3 -DDEBUG -DUSBD_CUSTOMHID_CTRL_REQ_GET_REPORT_ENABLED -DUSE_HAL_DRIVER -DSTM32F405xx -UUSBD_CUSTOMHID_CTRL_REQ_COMPLETE_CALLBACK_ENABLED -c -I../Core/Inc -I../Drivers/STM32F4xx_HAL_Driver/Inc -I../Drivers/STM32F4xx_HAL_Driver/Inc/Legacy -I../Drivers/CMSIS/Device/ST/STM32F4xx/Include -I../Drivers/CMSIS/Include -I../USB_DEVICE/App -I../USB_DEVICE/Target -I../Middlewares/ST/STM32_USB_Device_Library/Core/Inc -I../Middlewares/ST/STM32_USB_Device_Library/Class/CustomHID/Inc -I"C:/Users/Marco/Documents/GitHub/Licenta/Proiect/SimulareVolan/UserExtensions/Inc" -O0 -ffunction-sections -fdata-sections -Wall -fstack-usage -fcyclomatic-complexity -MMD -MP -MF"USB_DEVICE/Target/usbd_conf.d" -MT"USB_DEVICE/Target/usbd_conf.o" --specs=nano.specs -mfpu=fpv4-sp-d16 -mfloat-abi=hard -mthumb -o "USB_DEVICE/Target/usbd_conf.o"
arm-none-eabi-gcc "../USB_DEVICE/App/usb_device.c" -mcpu=cortex-m4 -std=gnu11 -g3 -DDEBUG -DUSBD_CUSTOMHID_CTRL_REQ_GET_REPORT_ENABLED -DUSE_HAL_DRIVER -DSTM32F405xx -UUSBD_CUSTOMHID_CTRL_REQ_COMPLETE_CALLBACK_ENABLED -c -I../Core/Inc -I../Drivers/STM32F4xx_HAL_Driver/Inc -I../Drivers/STM32F4xx_HAL_Driver/Inc/Legacy -I../Drivers/CMSIS/Device/ST/STM32F4xx/Include -I../Drivers/CMSIS/Include -I../USB_DEVICE/App -I../USB_DEVICE/Target -I../Middlewares/ST/STM32_USB_Device_Library/Core/Inc -I../Middlewares/ST/STM32_USB_Device_Library/Class/CustomHID/Inc -I"C:/Users/Marco/Documents/GitHub/Licenta/Proiect/SimulareVolan/UserExtensions/Inc" -O0 -ffunction-sections -fdata-sections -Wall -fstack-usage -fcyclomatic-complexity -MMD -MP -MF"USB_DEVICE/App/usb_device.d" -MT"USB_DEVICE/App/usb_device.o" --specs=nano.specs -mfpu=fpv4-sp-d16 -mfloat-abi=hard -mthumb -o "USB_DEVICE/App/usb_device.o"
arm-none-eabi-gcc "../USB_DEVICE/App/usbd_custom_hid_if.c" -mcpu=cortex-m4 -std=gnu11 -g3 -DDEBUG -DUSBD_CUSTOMHID_CTRL_REQ_GET_REPORT_ENABLED -DUSE_HAL_DRIVER -DSTM32F405xx -UUSBD_CUSTOMHID_CTRL_REQ_COMPLETE_CALLBACK_ENABLED -c -I../Core/Inc -I../Drivers/STM32F4xx_HAL_Driver/Inc -I../Drivers/STM32F4xx_HAL_Driver/Inc/Legacy -I../Drivers/CMSIS/Device/ST/STM32F4xx/Include -I../Drivers/CMSIS/Include -I../USB_DEVICE/App -I../USB_DEVICE/Target -I../Middlewares/ST/STM32_USB_Device_Library/Core/Inc -I../Middlewares/ST/STM32_USB_Device_Library/Class/CustomHID/Inc -I"C:/Users/Marco/Documents/GitHub/Licenta/Proiect/SimulareVolan/UserExtensions/Inc" -O0 -ffunction-sections -fdata-sections -Wall -fstack-usage -fcyclomatic-complexity -MMD -MP -MF"USB_DEVICE/App/usbd_custom_hid_if.d" -MT"USB_DEVICE/App/usbd_custom_hid_if.o" --specs=nano.specs -mfpu=fpv4-sp-d16 -mfloat-abi=hard -mthumb -o "USB_DEVICE/App/usbd_custom_hid_if.o"
arm-none-eabi-gcc "../USB_DEVICE/App/usbd_desc.c" -mcpu=cortex-m4 -std=gnu11 -g3 -DDEBUG -DUSBD_CUSTOMHID_CTRL_REQ_GET_REPORT_ENABLED -DUSE_HAL_DRIVER -DSTM32F405xx -UUSBD_CUSTOMHID_CTRL_REQ_COMPLETE_CALLBACK_ENABLED -c -I../Core/Inc -I../Drivers/STM32F4xx_HAL_Driver/Inc -I../Drivers/STM32F4xx_HAL_Driver/Inc/Legacy -I../Drivers/CMSIS/Device/ST/STM32F4xx/Include -I../Drivers/CMSIS/Include -I../USB_DEVICE/App -I../USB_DEVICE/Target -I../Middlewares/ST/STM32_USB_Device_Library/Core/Inc -I../Middlewares/ST/STM32_USB_Device_Library/Class/CustomHID/Inc -I"C:/Users/Marco/Documents/GitHub/Licenta/Proiect/SimulareVolan/UserExtensions/Inc" -O0 -ffunction-sections -fdata-sections -Wall -fstack-usage -fcyclomatic-complexity -MMD -MP -MF"USB_DEVICE/App/usbd_desc.d" -MT"USB_DEVICE/App/usbd_desc.o" --specs=nano.specs -mfpu=fpv4-sp-d16 -mfloat-abi=hard -mthumb -o "USB_DEVICE/App/usbd_desc.o"
arm-none-eabi-gcc "../Middlewares/ST/STM32_USB_Device_Library/Core/Src/usbd_core.c" -mcpu=cortex-m4 -std=gnu11 -g3 -DDEBUG -DUSBD_CUSTOMHID_CTRL_REQ_GET_REPORT_ENABLED -DUSE_HAL_DRIVER -DSTM32F405xx -UUSBD_CUSTOMHID_CTRL_REQ_COMPLETE_CALLBACK_ENABLED -c -I../Core/Inc -I../Drivers/STM32F4xx_HAL_Driver/Inc -I../Drivers/STM32F4xx_HAL_Driver/Inc/Legacy -I../Drivers/CMSIS/Device/ST/STM32F4xx/Include -I../Drivers/CMSIS/Include -I../USB_DEVICE/App -I../USB_DEVICE/Target -I../Middlewares/ST/STM32_USB_Device_Library/Core/Inc -I../Middlewares/ST/STM32_USB_Device_Library/Class/CustomHID/Inc -I"C:/Users/Marco/Documents/GitHub/Licenta/Proiect/SimulareVolan/UserExtensions/Inc" -O0 -ffunction-sections -fdata-sections -Wall -fstack-usage -fcyclomatic-complexity -MMD -MP -MF"Middlewares/ST/STM32_USB_Device_Library/Core/Src/usbd_core.d" -MT"Middlewares/ST/STM32_USB_Device_Library/Core/Src/usbd_core.o" --specs=nano.specs -mfpu=fpv4-sp-d16 -mfloat-abi=hard -mthumb -o "Middlewares/ST/STM32_USB_Device_Library/Core/Src/usbd_core.o"
arm-none-eabi-gcc "../Middlewares/ST/STM32_USB_Device_Library/Core/Src/usbd_ctlreq.c" -mcpu=cortex-m4 -std=gnu11 -g3 -DDEBUG -DUSBD_CUSTOMHID_CTRL_REQ_GET_REPORT_ENABLED -DUSE_HAL_DRIVER -DSTM32F405xx -UUSBD_CUSTOMHID_CTRL_REQ_COMPLETE_CALLBACK_ENABLED -c -I../Core/Inc -I../Drivers/STM32F4xx_HAL_Driver/Inc -I../Drivers/STM32F4xx_HAL_Driver/Inc/Legacy -I../Drivers/CMSIS/Device/ST/STM32F4xx/Include -I../Drivers/CMSIS/Include -I../USB_DEVICE/App -I../USB_DEVICE/Target -I../Middlewares/ST/STM32_USB_Device_Library/Core/Inc -I../Middlewares/ST/STM32_USB_Device_Library/Class/CustomHID/Inc -I"C:/Users/Marco/Documents/GitHub/Licenta/Proiect/SimulareVolan/UserExtensions/Inc" -O0 -ffunction-sections -fdata-sections -Wall -fstack-usage -fcyclomatic-complexity -MMD -MP -MF"Middlewares/ST/STM32_USB_Device_Library/Core/Src/usbd_ctlreq.d" -MT"Middlewares/ST/STM32_USB_Device_Library/Core/Src/usbd_ctlreq.o" --specs=nano.specs -mfpu=fpv4-sp-d16 -mfloat-abi=hard -mthumb -o "Middlewares/ST/STM32_USB_Device_Library/Core/Src/usbd_ctlreq.o"
arm-none-eabi-gcc "../Middlewares/ST/STM32_USB_Device_Library/Core/Src/usbd_ioreq.c" -mcpu=cortex-m4 -std=gnu11 -g3 -DDEBUG -DUSBD_CUSTOMHID_CTRL_REQ_GET_REPORT_ENABLED -DUSE_HAL_DRIVER -DSTM32F405xx -UUSBD_CUSTOMHID_CTRL_REQ_COMPLETE_CALLBACK_ENABLED -c -I../Core/Inc -I../Drivers/STM32F4xx_HAL_Driver/Inc -I../Drivers/STM32F4xx_HAL_Driver/Inc/Legacy -I../Drivers/CMSIS/Device/ST/STM32F4xx/Include -I../Drivers/CMSIS/Include -I../USB_DEVICE/App -I../USB_DEVICE/Target -I../Middlewares/ST/STM32_USB_Device_Library/Core/Inc -I../Middlewares/ST/STM32_USB_Device_Library/Class/CustomHID/Inc -I"C:/Users/Marco/Documents/GitHub/Licenta/Proiect/SimulareVolan/UserExtensions/Inc" -O0 -ffunction-sections -fdata-sections -Wall -fstack-usage -fcyclomatic-complexity -MMD -MP -MF"Middlewares/ST/STM32_USB_Device_Library/Core/Src/usbd_ioreq.d" -MT"Middlewares/ST/STM32_USB_Device_Library/Core/Src/usbd_ioreq.o" --specs=nano.specs -mfpu=fpv4-sp-d16 -mfloat-abi=hard -mthumb -o "Middlewares/ST/STM32_USB_Device_Library/Core/Src/usbd_ioreq.o"
arm-none-eabi-gcc "../Middlewares/ST/STM32_USB_Device_Library/Class/CustomHID/Src/usbd_customhid.c" -mcpu=cortex-m4 -std=gnu11 -g3 -DDEBUG -DUSBD_CUSTOMHID_CTRL_REQ_GET_REPORT_ENABLED -DUSE_HAL_DRIVER -DSTM32F405xx -UUSBD_CUSTOMHID_CTRL_REQ_COMPLETE_CALLBACK_ENABLED -c -I../Core/Inc -I../Drivers/STM32F4xx_HAL_Driver/Inc -I../Drivers/STM32F4xx_HAL_Driver/Inc/Legacy -I../Drivers/CMSIS/Device/ST/STM32F4xx/Include -I../Drivers/CMSIS/Include -I../USB_DEVICE/App -I../USB_DEVICE/Target -I../Middlewares/ST/STM32_USB_Device_Library/Core/Inc -I../Middlewares/ST/STM32_USB_Device_Library/Class/CustomHID/Inc -I"C:/Users/Marco/Documents/GitHub/Licenta/Proiect/SimulareVolan/UserExtensions/Inc" -O0 -ffunction-sections -fdata-sections -Wall -fstack-usage -fcyclomatic-complexity -MMD -MP -MF"Middlewares/ST/STM32_USB_Device_Library/Class/CustomHID/Src/usbd_customhid.d" -MT"Middlewares/ST/STM32_USB_Device_Library/Class/CustomHID/Src/usbd_customhid.o" --specs=nano.specs -mfpu=fpv4-sp-d16 -mfloat-abi=hard -mthumb -o "Middlewares/ST/STM32_USB_Device_Library/Class/CustomHID/Src/usbd_customhid.o"
arm-none-eabi-gcc "../Core/Src/main.c" -mcpu=cortex-m4 -std=gnu11 -g3 -DDEBUG -DUSBD_CUSTOMHID_CTRL_REQ_GET_REPORT_ENABLED -DUSE_HAL_DRIVER -DSTM32F405xx -UUSBD_CUSTOMHID_CTRL_REQ_COMPLETE_CALLBACK_ENABLED -c -I../Core/Inc -I../Drivers/STM32F4xx_HAL_Driver/Inc -I../Drivers/STM32F4xx_HAL_Driver/Inc/Legacy -I../Drivers/CMSIS/Device/ST/STM32F4xx/Include -I../Drivers/CMSIS/Include -I../USB_DEVICE/App -I../USB_DEVICE/Target -I../Middlewares/ST/STM32_USB_Device_Library/Core/Inc -I../Middlewares/ST/STM32_USB_Device_Library/Class/CustomHID/Inc -I"C:/Users/Marco/Documents/GitHub/Licenta/Proiect/SimulareVolan/UserExtensions/Inc" -O0 -ffunction-sections -fdata-sections -Wall -fstack-usage -fcyclomatic-complexity -MMD -MP -MF"Core/Src/main.d" -MT"Core/Src/main.o" --specs=nano.specs -mfpu=fpv4-sp-d16 -mfloat-abi=hard -mthumb -o "Core/Src/main.o"
arm-none-eabi-gcc "../Core/Src/stm32f4xx_it.c" -mcpu=cortex-m4 -std=gnu11 -g3 -DDEBUG -DUSBD_CUSTOMHID_CTRL_REQ_GET_REPORT_ENABLED -DUSE_HAL_DRIVER -DSTM32F405xx -UUSBD_CUSTOMHID_CTRL_REQ_COMPLETE_CALLBACK_ENABLED -c -I../Core/Inc -I../Drivers/STM32F4xx_HAL_Driver/Inc -I../Drivers/STM32F4xx_HAL_Driver/Inc/Legacy -I../Drivers/CMSIS/Device/ST/STM32F4xx/Include -I../Drivers/CMSIS/Include -I../USB_DEVICE/App -I../USB_DEVICE/Target -I../Middlewares/ST/STM32_USB_Device_Library/Core/Inc -I../Middlewares/ST/STM32_USB_Device_Library/Class/CustomHID/Inc -I"C:/Users/Marco/Documents/GitHub/Licenta/Proiect/SimulareVolan/UserExtensions/Inc" -O0 -ffunction-sections -fdata-sections -Wall -fstack-usage -fcyclomatic-complexity -MMD -MP -MF"Core/Src/stm32f4xx_it.d" -MT"Core/Src/stm32f4xx_it.o" --specs=nano.specs -mfpu=fpv4-sp-d16 -mfloat-abi=hard -mthumb -o "Core/Src/stm32f4xx_it.o"
In file included from ../USB_DEVICE/App/usb_device.c:27:
../USB_DEVICE/App/usbd_custom_hid_if.h:107:17: warning: 'CUSTOM_HID_GetReport' declared 'static' but never defined [-Wunused-function]
  107 | static uint8_t *CUSTOM_HID_GetReport(uint16_t *ReportLength);
      |                 ^~~~~~~~~~~~~~~~~~~~
arm-none-eabi-g++ -o "SimulareVolan.elf" @"objects.list"   -mcpu=cortex-m4 -T"C:\Users\Marco\Documents\GitHub\Licenta\Proiect\SimulareVolan\STM32F405RGTX_FLASH.ld" --specs=nosys.specs -Wl,-Map="SimulareVolan.map" -Wl,--gc-sections -static --specs=nano.specs -mfpu=fpv4-sp-d16 -mfloat-abi=hard -mthumb -Wl,--start-group -lc -lm -lstdc++ -lsupc++ -Wl,--end-group
Finished building target: SimulareVolan.elf
 
arm-none-eabi-size  SimulareVolan.elf 
arm-none-eabi-objdump -h -S SimulareVolan.elf  > "SimulareVolan.list"
   text	   data	    bss	    dec	    hex	filename
  55456	   1416	   8296	  65168	   fe90	SimulareVolan.elf
Finished building: default.size.stdout
 
Finished building: SimulareVolan.list
 
