16:20:42 **** Incremental Build of configuration Debug for project SimulareVolan ****
make -j16 all 
arm-none-eabi-gcc "../UserExtensions/Src/MotorControl.c" -mcpu=cortex-m4 -std=gnu11 -g3 -DDEBUG -DUSBD_CUSTOMHID_CTRL_REQ_GET_REPORT_ENABLED -DUSE_HAL_DRIVER -DSTM32F405xx -UUSBD_CUSTOMHID_CTRL_REQ_COMPLETE_CALLBACK_ENABLED -c -I../Core/Inc -I../Drivers/STM32F4xx_HAL_Driver/Inc -I../Drivers/STM32F4xx_HAL_Driver/Inc/Legacy -I../Drivers/CMSIS/Device/ST/STM32F4xx/Include -I../Drivers/CMSIS/Include -I../USB_DEVICE/App -I../USB_DEVICE/Target -I../Middlewares/ST/STM32_USB_Device_Library/Core/Inc -I../Middlewares/ST/STM32_USB_Device_Library/Class/CustomHID/Inc -I"C:/Users/Marco/Documents/GitHub/Licenta/Proiect/SimulareVolan/UserExtensions/Inc" -O0 -ffunction-sections -fdata-sections -Wall -fstack-usage -fcyclomatic-complexity -MMD -MP -MF"UserExtensions/Src/MotorControl.d" -MT"UserExtensions/Src/MotorControl.o" --specs=nano.specs -mfpu=fpv4-sp-d16 -mfloat-abi=hard -mthumb -o "UserExtensions/Src/MotorControl.o"
arm-none-eabi-gcc "../Core/Src/main.c" -mcpu=cortex-m4 -std=gnu11 -g3 -DDEBUG -DUSBD_CUSTOMHID_CTRL_REQ_GET_REPORT_ENABLED -DUSE_HAL_DRIVER -DSTM32F405xx -UUSBD_CUSTOMHID_CTRL_REQ_COMPLETE_CALLBACK_ENABLED -c -I../Core/Inc -I../Drivers/STM32F4xx_HAL_Driver/Inc -I../Drivers/STM32F4xx_HAL_Driver/Inc/Legacy -I../Drivers/CMSIS/Device/ST/STM32F4xx/Include -I../Drivers/CMSIS/Include -I../USB_DEVICE/App -I../USB_DEVICE/Target -I../Middlewares/ST/STM32_USB_Device_Library/Core/Inc -I../Middlewares/ST/STM32_USB_Device_Library/Class/CustomHID/Inc -I"C:/Users/Marco/Documents/GitHub/Licenta/Proiect/SimulareVolan/UserExtensions/Inc" -O0 -ffunction-sections -fdata-sections -Wall -fstack-usage -fcyclomatic-complexity -MMD -MP -MF"Core/Src/main.d" -MT"Core/Src/main.o" --specs=nano.specs -mfpu=fpv4-sp-d16 -mfloat-abi=hard -mthumb -o "Core/Src/main.o"
arm-none-eabi-gcc "../Core/Src/stm32f4xx_it.c" -mcpu=cortex-m4 -std=gnu11 -g3 -DDEBUG -DUSBD_CUSTOMHID_CTRL_REQ_GET_REPORT_ENABLED -DUSE_HAL_DRIVER -DSTM32F405xx -UUSBD_CUSTOMHID_CTRL_REQ_COMPLETE_CALLBACK_ENABLED -c -I../Core/Inc -I../Drivers/STM32F4xx_HAL_Driver/Inc -I../Drivers/STM32F4xx_HAL_Driver/Inc/Legacy -I../Drivers/CMSIS/Device/ST/STM32F4xx/Include -I../Drivers/CMSIS/Include -I../USB_DEVICE/App -I../USB_DEVICE/Target -I../Middlewares/ST/STM32_USB_Device_Library/Core/Inc -I../Middlewares/ST/STM32_USB_Device_Library/Class/CustomHID/Inc -I"C:/Users/Marco/Documents/GitHub/Licenta/Proiect/SimulareVolan/UserExtensions/Inc" -O0 -ffunction-sections -fdata-sections -Wall -fstack-usage -fcyclomatic-complexity -MMD -MP -MF"Core/Src/stm32f4xx_it.d" -MT"Core/Src/stm32f4xx_it.o" --specs=nano.specs -mfpu=fpv4-sp-d16 -mfloat-abi=hard -mthumb -o "Core/Src/stm32f4xx_it.o"
../Core/Src/main.c: In function 'main':
../Core/Src/main.c:175:17: warning: implicit declaration of function 'USBD_CUSTOM_HID_SendReport' [-Wimplicit-function-declaration]
  175 |                 USBD_CUSTOM_HID_SendReport(&hUsbDeviceFS, (uint8_t *)&reportContainer, sizeof(reportContainer));
      |                 ^~~~~~~~~~~~~~~~~~~~~~~~~~
arm-none-eabi-g++ -o "SimulareVolan.elf" @"objects.list"   -mcpu=cortex-m4 -T"C:\Users\Marco\Documents\GitHub\Licenta\Proiect\SimulareVolan\STM32F405RGTX_FLASH.ld" --specs=nosys.specs -Wl,-Map="SimulareVolan.map" -Wl,--gc-sections -static --specs=nano.specs -mfpu=fpv4-sp-d16 -mfloat-abi=hard -mthumb -Wl,--start-group -lc -lm -lstdc++ -lsupc++ -Wl,--end-group
Finished building target: SimulareVolan.elf
 
arm-none-eabi-size  SimulareVolan.elf 
arm-none-eabi-objdump -h -S SimulareVolan.elf  > "SimulareVolan.list"
   text	   data	    bss	    dec	    hex	filename
  52656	   1420	   7956	  62032	   f250	SimulareVolan.elf
Finished building: default.size.stdout
 
Finished building: SimulareVolan.list
 
16:20:49 **** Incremental Build of configuration Debug for project SimulareVolan ****
make -j16 all 
arm-none-eabi-size  SimulareVolan.elf 
   text	   data	    bss	    dec	    hex	filename
  52656	   1420	   7956	  62032	   f250	SimulareVolan.elf
Finished building: default.size.stdout
 
16:23:59 **** Incremental Build of configuration Debug for project SimulareVolan ****
make -j16 all 
arm-none-eabi-gcc "../UserExtensions/Src/MotorControl.c" -mcpu=cortex-m4 -std=gnu11 -g3 -DDEBUG -DUSBD_CUSTOMHID_CTRL_REQ_GET_REPORT_ENABLED -DUSE_HAL_DRIVER -DSTM32F405xx -UUSBD_CUSTOMHID_CTRL_REQ_COMPLETE_CALLBACK_ENABLED -c -I../Core/Inc -I../Drivers/STM32F4xx_HAL_Driver/Inc -I../Drivers/STM32F4xx_HAL_Driver/Inc/Legacy -I../Drivers/CMSIS/Device/ST/STM32F4xx/Include -I../Drivers/CMSIS/Include -I../USB_DEVICE/App -I../USB_DEVICE/Target -I../Middlewares/ST/STM32_USB_Device_Library/Core/Inc -I../Middlewares/ST/STM32_USB_Device_Library/Class/CustomHID/Inc -I"C:/Users/Marco/Documents/GitHub/Licenta/Proiect/SimulareVolan/UserExtensions/Inc" -O0 -ffunction-sections -fdata-sections -Wall -fstack-usage -fcyclomatic-complexity -MMD -MP -MF"UserExtensions/Src/MotorControl.d" -MT"UserExtensions/Src/MotorControl.o" --specs=nano.specs -mfpu=fpv4-sp-d16 -mfloat-abi=hard -mthumb -o "UserExtensions/Src/MotorControl.o"
arm-none-eabi-g++ -o "SimulareVolan.elf" @"objects.list"   -mcpu=cortex-m4 -T"C:\Users\Marco\Documents\GitHub\Licenta\Proiect\SimulareVolan\STM32F405RGTX_FLASH.ld" --specs=nosys.specs -Wl,-Map="SimulareVolan.map" -Wl,--gc-sections -static --specs=nano.specs -mfpu=fpv4-sp-d16 -mfloat-abi=hard -mthumb -Wl,--start-group -lc -lm -lstdc++ -lsupc++ -Wl,--end-group
Finished building target: SimulareVolan.elf
 
arm-none-eabi-size  SimulareVolan.elf 
arm-none-eabi-objdump -h -S SimulareVolan.elf  > "SimulareVolan.list"
   text	   data	    bss	    dec	    hex	filename
  52660	   1420	   7956	  62036	   f254	SimulareVolan.elf
Finished building: default.size.stdout
 
Finished building: SimulareVolan.list
 
